ARM Linker, 5.03 [Build 76] [MDK-ARM Lite]

==============================================================================

Section Cross References

    main.o(i.GPIOEXP0_init) refers to main.o(i.writei2c) for writei2c
    main.o(i.GPIOEXP0_readPort0) refers to main.o(i.readi2cOneByte) for readi2cOneByte
    main.o(i.GPIOEXP1_init) refers to main.o(i.writei2c1) for writei2c1
    main.o(i.GPIOEXP1_readPort0) refers to main.o(i.readi2cOneByte) for readi2cOneByte
    main.o(i.LED_BT_blue) refers to main.o(i.readi2cOneByte) for readi2cOneByte
    main.o(i.LED_BT_blue) refers to main.o(i.writei2cSingle) for writei2cSingle
    main.o(i.LED_BT_off) refers to main.o(i.readi2cOneByte) for readi2cOneByte
    main.o(i.LED_BT_off) refers to main.o(i.writei2cSingle) for writei2cSingle
    main.o(i.LED_PWR_green) refers to main.o(i.readi2cOneByte) for readi2cOneByte
    main.o(i.LED_PWR_green) refers to main.o(i.writei2cSingle) for writei2cSingle
    main.o(i.LED_PWR_off) refers to main.o(i.readi2cOneByte) for readi2cOneByte
    main.o(i.LED_PWR_off) refers to main.o(i.writei2cSingle) for writei2cSingle
    main.o(i.LED_PWR_red) refers to main.o(i.readi2cOneByte) for readi2cOneByte
    main.o(i.LED_PWR_red) refers to main.o(i.writei2cSingle) for writei2cSingle
    main.o(i.LED_WHITE_on) refers to _printf_percent.o(.ARM.Collect$$_printf_percent$$00000000) for _printf_percent
    main.o(i.LED_WHITE_on) refers to _printf_x.o(.ARM.Collect$$_printf_percent$$0000000C) for _printf_x
    main.o(i.LED_WHITE_on) refers to _printf_hex_int.o(.text) for _printf_longlong_hex
    main.o(i.LED_WHITE_on) refers to main.o(i.GPIOEXP0_readPort0) for GPIOEXP0_readPort0
    main.o(i.LED_WHITE_on) refers to noretval__2printf.o(.text) for __2printf
    main.o(i.LED_WHITE_on) refers to main.o(i.writei2cOneByte) for writei2cOneByte
    main.o(i.LED_indicator_init) refers to main.o(i.writei2cSingle) for writei2cSingle
    main.o(i.LED_vertBoard_init) refers to main.o(i.writei2cSingle) for writei2cSingle
    main.o(i.MUX_init) refers to main.o(i.nrf_gpio_cfg_output) for nrf_gpio_cfg_output
    main.o(i.MUX_set) refers to main.o(i.nrf_gpio_pin_set) for nrf_gpio_pin_set
    main.o(i.MUX_set) refers to main.o(i.nrf_gpio_pin_clear) for nrf_gpio_pin_clear
    main.o(i.RGBW_get) refers to _printf_percent.o(.ARM.Collect$$_printf_percent$$00000000) for _printf_percent
    main.o(i.RGBW_get) refers to _printf_d.o(.ARM.Collect$$_printf_percent$$00000009) for _printf_d
    main.o(i.RGBW_get) refers to _printf_dec.o(.text) for _printf_int_dec
    main.o(i.RGBW_get) refers to _printf_x.o(.ARM.Collect$$_printf_percent$$0000000C) for _printf_x
    main.o(i.RGBW_get) refers to _printf_hex_int.o(.text) for _printf_longlong_hex
    main.o(i.RGBW_get) refers to main.o(i.readi2cHighLow) for readi2cHighLow
    main.o(i.RGBW_get) refers to dflti.o(.text) for __aeabi_ui2d
    main.o(i.RGBW_get) refers to ddiv.o(.text) for __aeabi_ddiv
    main.o(i.RGBW_get) refers to dfixi.o(.text) for __aeabi_d2iz
    main.o(i.RGBW_get) refers to noretval__2printf.o(.text) for __2printf
    main.o(i.RGBW_get) refers to main.o(.bss) for .bss
    main.o(i.RGBW_off) refers to main.o(i.writei2c) for writei2c
    main.o(i.RGBW_off) refers to main.o(i.readi2cHighLow) for readi2cHighLow
    main.o(i.RGBW_on) refers to main.o(i.writei2c) for writei2c
    main.o(i.RGBW_on) refers to main.o(i.readi2cHighLow) for readi2cHighLow
    main.o(i.band_uart_init) refers to rt_memcpy.o(.emb_text) for __aeabi_memcpy4
    main.o(i.band_uart_init) refers to app_uart_fifo.o(i.app_uart_init) for app_uart_init
    main.o(i.band_uart_init) refers to app_error.o(i.app_error_handler_bare) for app_error_handler_bare
    main.o(i.band_uart_init) refers to noretval__2printf.o(.text) for __2printf
    main.o(i.band_uart_init) refers to main.o(.constdata) for .constdata
    main.o(i.band_uart_init) refers to main.o(.bss) for .bss
    main.o(i.band_uart_init) refers to main.o(i.uart_error_handle) for uart_error_handle
    main.o(i.main) refers to main.o(i.MUX_init) for MUX_init
    main.o(i.main) refers to main.o(i.MUX_set) for MUX_set
    main.o(i.main) refers to main.o(i.band_uart_init) for band_uart_init
    main.o(i.main) refers to main.o(i.twi_init) for twi_init
    main.o(i.main) refers to main.o(i.twi1_init) for twi1_init
    main.o(i.main) refers to main.o(i.nrf_delay_ms) for nrf_delay_ms
    main.o(i.main) refers to main.o(i.scan_twi) for scan_twi
    main.o(i.main) refers to main.o(i.LED_indicator_init) for LED_indicator_init
    main.o(i.main) refers to main.o(i.LED_BT_blue) for LED_BT_blue
    main.o(i.main) refers to main.o(i.LED_PWR_green) for LED_PWR_green
    main.o(i.main) refers to main.o(i.LED_vertBoard_init) for LED_vertBoard_init
    main.o(i.main) refers to main.o(i.writei2cSingle) for writei2cSingle
    main.o(i.main) refers to main.o(i.RGBW_on) for RGBW_on
    main.o(i.main) refers to main.o(i.RGBW_get) for RGBW_get
[...]
    libinit.o(.ARM.Collect$$libinit$$00000000) refers (Special) to libinit2.o(.ARM.Collect$$libinit$$0000000F) for __rt_lib_init_lc_collate_1
    libinit.o(.ARM.Collect$$libinit$$00000000) refers (Special) to libinit2.o(.ARM.Collect$$libinit$$00000011) for __rt_lib_init_lc_ctype_1
    libinit.o(.ARM.Collect$$libinit$$00000000) refers (Special) to libinit2.o(.ARM.Collect$$libinit$$00000013) for __rt_lib_init_lc_monetary_1
    libinit.o(.ARM.Collect$$libinit$$00000000) refers (Special) to libinit2.o(.ARM.Collect$$libinit$$00000015) for __rt_lib_init_lc_numeric_1
    libinit.o(.ARM.Collect$$libinit$$00000000) refers (Special) to libinit2.o(.ARM.Collect$$libinit$$00000017) for __rt_lib_init_lc_time_1
    libinit.o(.ARM.Collect$$libinit$$00000000) refers (Special) to libinit2.o(.ARM.Collect$$libinit$$0000000C) for __rt_lib_init_rand_1
    libinit.o(.ARM.Collect$$libinit$$00000000) refers (Special) to libinit2.o(.ARM.Collect$$libinit$$00000031) for __rt_lib_init_return
    libinit.o(.ARM.Collect$$libinit$$00000000) refers (Special) to libinit2.o(.ARM.Collect$$libinit$$0000001B) for __rt_lib_init_signal_1
    libinit.o(.ARM.Collect$$libinit$$00000000) refers (Special) to libinit2.o(.ARM.Collect$$libinit$$00000023) for __rt_lib_init_stdio_1
    libinit.o(.ARM.Collect$$libinit$$00000000) refers (Special) to libinit2.o(.ARM.Collect$$libinit$$0000000A) for __rt_lib_init_user_alloc_1
    libspace.o(.text) refers to libspace.o(.bss) for __libspace_start
    rtexit.o(.ARM.Collect$$rtexit$$00000000) refers (Special) to rtexit2.o(.ARM.Collect$$rtexit$$00000004) for __rt_exit_exit
    rtexit.o(.ARM.Collect$$rtexit$$00000000) refers (Special) to rtexit2.o(.ARM.Collect$$rtexit$$00000003) for __rt_exit_ls
    rtexit.o(.ARM.Collect$$rtexit$$00000000) refers (Special) to rtexit2.o(.ARM.Collect$$rtexit$$00000002) for __rt_exit_prels_1
    rtexit.o(.ARM.exidx) refers (Special) to rtexit2.o(.ARM.Collect$$rtexit$$00000004) for __rt_exit_exit
    rtexit.o(.ARM.exidx) refers (Special) to rtexit2.o(.ARM.Collect$$rtexit$$00000003) for __rt_exit_ls
    rtexit.o(.ARM.exidx) refers (Special) to rtexit2.o(.ARM.Collect$$rtexit$$00000002) for __rt_exit_prels_1
    rtexit.o(.ARM.exidx) refers to rtexit.o(.ARM.Collect$$rtexit$$00000000) for .ARM.Collect$$rtexit$$00000000
    libinit2.o(.ARM.Collect$$libinit$$0000000E) refers to libinit2.o(.ARM.Collect$$libinit$$0000000D) for .ARM.Collect$$libinit$$0000000D
    libinit2.o(.ARM.Collect$$libinit$$00000010) refers to libinit2.o(.ARM.Collect$$libinit$$0000000D) for .ARM.Collect$$libinit$$0000000D
    libinit2.o(.ARM.Collect$$libinit$$00000012) refers to libinit2.o(.ARM.Collect$$libinit$$0000000D) for .ARM.Collect$$libinit$$0000000D
    libinit2.o(.ARM.Collect$$libinit$$00000014) refers to libinit2.o(.ARM.Collect$$libinit$$0000000D) for .ARM.Collect$$libinit$$0000000D
    libinit2.o(.ARM.Collect$$libinit$$00000016) refers to libinit2.o(.ARM.Collect$$libinit$$0000000D) for .ARM.Collect$$libinit$$0000000D
    libinit2.o(.ARM.Collect$$libinit$$00000024) refers to argv_veneer.o(.text) for __ARM_argv_veneer
    libinit2.o(.ARM.Collect$$libinit$$00000025) refers to argv_veneer.o(.text) for __ARM_argv_veneer
    rtexit2.o(.ARM.Collect$$rtexit$$00000003) refers to libshutdown.o(.ARM.Collect$$libshutdown$$00000000) for __rt_lib_shutdown
    rtexit2.o(.ARM.Collect$$rtexit$$00000004) refers to sys_exit.o(.text) for _sys_exit
    rtexit2.o(.ARM.exidx) refers to rtexit2.o(.ARM.Collect$$rtexit$$00000001) for .ARM.Collect$$rtexit$$00000001
    rtexit2.o(.ARM.exidx) refers to rtexit2.o(.ARM.Collect$$rtexit$$00000003) for .ARM.Collect$$rtexit$$00000003
    rtexit2.o(.ARM.exidx) refers to rtexit2.o(.ARM.Collect$$rtexit$$00000004) for .ARM.Collect$$rtexit$$00000004
    sys_exit.o(.text) refers (Special) to use_no_semi.o(.text) for __I$use$semihosting
    sys_exit.o(.text) refers (Special) to indicate_semi.o(.text) for __semihosting_library_function
    _get_argv_nomalloc.o(.text) refers (Special) to hrguard.o(.text) for __heap_region$guard
    _get_argv_nomalloc.o(.text) refers to defsig_rtmem_outer.o(.text) for __rt_SIGRTMEM
    _get_argv_nomalloc.o(.text) refers to sys_command.o(.text) for _sys_command_string
    libshutdown.o(.ARM.Collect$$libshutdown$$00000000) refers (Special) to libshutdown2.o(.ARM.Collect$$libshutdown$$00000006) for __rt_lib_shutdown_fp_trap_1
    libshutdown.o(.ARM.Collect$$libshutdown$$00000000) refers (Special) to libshutdown2.o(.ARM.Collect$$libshutdown$$0000000E) for __rt_lib_shutdown_heap_1
    libshutdown.o(.ARM.Collect$$libshutdown$$00000000) refers (Special) to libshutdown2.o(.ARM.Collect$$libshutdown$$0000000F) for __rt_lib_shutdown_return
    libshutdown.o(.ARM.Collect$$libshutdown$$00000000) refers (Special) to libshutdown2.o(.ARM.Collect$$libshutdown$$00000009) for __rt_lib_shutdown_signal_1
    libshutdown.o(.ARM.Collect$$libshutdown$$00000000) refers (Special) to libshutdown2.o(.ARM.Collect$$libshutdown$$00000003) for __rt_lib_shutdown_stdio_1
    libshutdown.o(.ARM.Collect$$libshutdown$$00000000) refers (Special) to libshutdown2.o(.ARM.Collect$$libshutdown$$0000000B) for __rt_lib_shutdown_user_alloc_1
    sys_command.o(.text) refers (Special) to use_no_semi.o(.text) for __I$use$semihosting
    sys_command.o(.text) refers (Special) to indicate_semi.o(.text) for __semihosting_library_function
    defsig_rtmem_outer.o(.text) refers to defsig_rtmem_inner.o(.text) for __rt_SIGRTMEM_inner
    defsig_rtmem_outer.o(.text) refers to defsig_exit.o(.text) for __sig_exit
    defsig_rtmem_formal.o(.text) refers to rt_raise.o(.text) for __rt_raise
    rt_raise.o(.text) refers to __raise.o(.text) for __raise
    rt_raise.o(.text) refers to sys_exit.o(.text) for _sys_exit
    defsig_exit.o(.text) refers to sys_exit.o(.text) for _sys_exit
    defsig_rtmem_inner.o(.text) refers to defsig_general.o(.text) for __default_signal_display
    __raise.o(.text) refers to defsig.o(CL$$defsig) for __default_signal_handler
    defsig_general.o(.text) refers to sys_wrch.o(.text) for _ttywrch
    sys_wrch.o(.text) refers (Special) to use_no_semi.o(.text) for __I$use$semihosting
    sys_wrch.o(.text) refers (Special) to indicate_semi.o(.text) for __semihosting_library_function
    defsig.o(CL$$defsig) refers to defsig_rtmem_inner.o(.text) for __rt_SIGRTMEM_inner
    defsig_abrt_inner.o(.text) refers to defsig_general.o(.text) for __default_signal_display
    defsig_fpe_inner.o(.text) refers to defsig_general.o(.text) for __default_signal_display
    defsig_rtred_inner.o(.text) refers to defsig_general.o(.text) for __default_signal_display
    defsig_stak_inner.o(.text) refers to defsig_general.o(.text) for __default_signal_display
    defsig_pvfn_inner.o(.text) refers to defsig_general.o(.text) for __default_signal_display
    defsig_cppl_inner.o(.text) refers to defsig_general.o(.text) for __default_signal_display
    defsig_segv_inner.o(.text) refers to defsig_general.o(.text) for __default_signal_display
    defsig_other.o(.text) refers to defsig_general.o(.text) for __default_signal_display


==============================================================================

Removing Unused input sections from the image.

    Removing main.o(.rev16_text), (4 bytes).
    Removing main.o(.revsh_text), (4 bytes).
    Removing main.o(i.GPIOEXP0_init), (42 bytes).
    Removing main.o(i.GPIOEXP0_readPort0), (12 bytes).
    Removing main.o(i.GPIOEXP1_init), (42 bytes).
    Removing main.o(i.GPIOEXP1_readPort0), (12 bytes).
    Removing main.o(i.LED_BT_off), (28 bytes).
    Removing main.o(i.LED_PWR_off), (28 bytes).
    Removing main.o(i.LED_PWR_red), (28 bytes).
    Removing main.o(i.LED_WHITE_on), (48 bytes).
    Removing main.o(i.RGBW_off), (34 bytes).
    Removing main.o(i.readi2cOneByte1), (48 bytes).
    Removing main.o(i.writei2c1), (32 bytes).
    Removing main.o(i.writei2cOneByte), (28 bytes).
    Removing main.o(i.writei2cOneByte1), (28 bytes).
    Removing system_nrf51.o(.rev16_text), (4 bytes).
    Removing system_nrf51.o(.revsh_text), (4 bytes).
    Removing system_nrf51.o(i.SystemCoreClockUpdate), (16 bytes).
    Removing nrf_drv_common.o(.rev16_text), (4 bytes).
    Removing nrf_drv_common.o(.revsh_text), (4 bytes).
    Removing nrf_drv_twi.o(.rev16_text), (4 bytes).
    Removing nrf_drv_twi.o(.revsh_text), (4 bytes).
    Removing nrf_drv_twi.o(i.nrf_drv_twi_data_count_get), (20 bytes).
    Removing nrf_drv_twi.o(i.nrf_drv_twi_disable), (56 bytes).
    Removing nrf_drv_twi.o(i.nrf_drv_twi_start_task_get), (16 bytes).
    Removing nrf_drv_twi.o(i.nrf_drv_twi_stopped_event_get), (8 bytes).
    Removing nrf_drv_twi.o(i.nrf_drv_twi_uninit), (104 bytes).
    Removing nrf_drv_twi.o(.constdata), (17 bytes).
    Removing nrf_drv_twi.o(.constdata), (9 bytes).
    Removing nrf_drv_twi.o(.constdata), (17 bytes).
    Removing nrf_drv_uart.o(.rev16_text), (4 bytes).
    Removing nrf_drv_uart.o(.revsh_text), (4 bytes).
    Removing nrf_drv_uart.o(i.nrf_drv_uart_errorsrc_get), (20 bytes).
    Removing nrf_drv_uart.o(i.nrf_drv_uart_rx_abort), (22 bytes).
    Removing nrf_drv_uart.o(i.nrf_drv_uart_rx_disable), (28 bytes).
    Removing nrf_drv_uart.o(i.nrf_drv_uart_tx_abort), (48 bytes).
    Removing nrf_drv_uart.o(i.nrf_drv_uart_uninit), (164 bytes).
    Removing nrf_drv_uart.o(i.nrf_gpio_cfg_default), (18 bytes).
    Removing nrf_drv_uart.o(.constdata), (18 bytes).
    Removing nrf_drv_uart.o(.constdata), (25 bytes).
    Removing nrf_drv_uart.o(.constdata), (16 bytes).
    Removing nrf_drv_uart.o(.constdata), (25 bytes).
    Removing nrf_drv_uart.o(.constdata), (16 bytes).
    Removing app_error.o(.rev16_text), (4 bytes).
    Removing app_error.o(.revsh_text), (4 bytes).
    Removing app_error.o(i.app_error_handler), (28 bytes).
    Removing app_error.o(i.app_error_save_and_stop), (100 bytes).
    Removing app_error.o(.bss), (32 bytes).
    Removing app_error_weak.o(.rev16_text), (4 bytes).
    Removing app_error_weak.o(.revsh_text), (4 bytes).
    Removing app_util_platform.o(.rev16_text), (4 bytes).
    Removing app_util_platform.o(.revsh_text), (4 bytes).
    Removing app_util_platform.o(i.app_util_critical_region_enter), (8 bytes).
    Removing app_util_platform.o(i.app_util_critical_region_exit), (8 bytes).
    Removing app_util_platform.o(i.app_util_disable_irq), (16 bytes).
    Removing app_util_platform.o(i.app_util_enable_irq), (20 bytes).
    Removing app_util_platform.o(.data), (4 bytes).
    Removing nrf_assert.o(.rev16_text), (4 bytes).
    Removing nrf_assert.o(.revsh_text), (4 bytes).
    Removing nrf_assert.o(i.assert_nrf_callback), (24 bytes).
    Removing app_uart_fifo.o(.rev16_text), (4 bytes).
    Removing app_uart_fifo.o(.revsh_text), (4 bytes).
    Removing app_uart_fifo.o(i.app_uart_close), (16 bytes).
    Removing app_uart_fifo.o(i.app_uart_flush), (28 bytes).
    Removing app_uart_fifo.o(i.app_uart_get), (56 bytes).
    Removing retarget.o(.rev16_text), (4 bytes).
    Removing retarget.o(.revsh_text), (4 bytes).
    Removing retarget.o(i.fgetc), (18 bytes).
    Removing retarget.o(.data), (4 bytes).
    Removing app_fifo.o(.rev16_text), (4 bytes).
    Removing app_fifo.o(.revsh_text), (4 bytes).
    Removing app_fifo.o(i.app_fifo_flush), (8 bytes).
    Removing app_fifo.o(i.app_fifo_peek), (34 bytes).
    Removing app_fifo.o(i.app_fifo_read), (72 bytes).
    Removing app_fifo.o(i.app_fifo_write), (78 bytes).
    Removing nrf_log_backend_serial.o(.rev16_text), (4 bytes).
    Removing nrf_log_backend_serial.o(.revsh_text), (4 bytes).
    Removing nrf_log_frontend.o(.rev16_text), (4 bytes).
    Removing nrf_log_frontend.o(.revsh_text), (4 bytes).
    Removing segger_rtt.o(.rev16_text), (4 bytes).
    Removing segger_rtt.o(.revsh_text), (4 bytes).
    Removing segger_rtt.o(i.SEGGER_RTT_ConfigDownBuffer), (88 bytes).
    Removing segger_rtt.o(i.SEGGER_RTT_ConfigUpBuffer), (88 bytes).
    Removing segger_rtt.o(i.SEGGER_RTT_GetKey), (28 bytes).
    Removing segger_rtt.o(i.SEGGER_RTT_HasData), (20 bytes).
    Removing segger_rtt.o(i.SEGGER_RTT_HasKey), (36 bytes).
    Removing segger_rtt.o(i.SEGGER_RTT_Init), (20 bytes).
    Removing segger_rtt.o(i.SEGGER_RTT_Read), (38 bytes).
    Removing segger_rtt.o(i.SEGGER_RTT_ReadNoLock), (128 bytes).
    Removing segger_rtt.o(i.SEGGER_RTT_SetNameDownBuffer), (60 bytes).
    Removing segger_rtt.o(i.SEGGER_RTT_SetNameUpBuffer), (60 bytes).
    Removing segger_rtt.o(i.SEGGER_RTT_SetTerminal), (128 bytes).
    Removing segger_rtt.o(i.SEGGER_RTT_TerminalOut), (168 bytes).
    Removing segger_rtt.o(i.SEGGER_RTT_WaitKey), (12 bytes).
    Removing segger_rtt.o(i.SEGGER_RTT_Write), (56 bytes).
    Removing segger_rtt.o(i.SEGGER_RTT_WriteNoLock), (92 bytes).
    Removing segger_rtt.o(i.SEGGER_RTT_WriteSkipNoLock), (108 bytes).
    Removing segger_rtt.o(i.SEGGER_RTT_WriteString), (24 bytes).
    Removing segger_rtt.o(i._DoInit), (104 bytes).
    Removing segger_rtt.o(i._GetAvailWriteSpace), (22 bytes).
    Removing segger_rtt.o(i._PostTerminalSwitch), (32 bytes).
    Removing segger_rtt.o(i._WriteBlocking), (96 bytes).
    Removing segger_rtt.o(i._WriteNoCheck), (60 bytes).
    Removing segger_rtt.o(.bss), (200 bytes).
    Removing segger_rtt.o(.data), (17 bytes).

105 unused section(s) (total 3432 bytes) removed from the image.

==============================================================================

Image Symbol Table

    Local Symbols

    Symbol Name                              Value     Ov Type        Size  Object(Section)

    RESET                                    0x00000000   Section      192  arm_startup_nrf51.o(RESET)
    ../clib/angel/boardlib.s                 0x00000000   Number         0  boardinit3.o ABSOLUTE
    ../clib/angel/boardlib.s                 0x00000000   Number         0  boardinit1.o ABSOLUTE
    ../clib/angel/boardlib.s                 0x00000000   Number         0  boardinit2.o ABSOLUTE
    ../clib/angel/boardlib.s                 0x00000000   Number         0  boardshut.o ABSOLUTE
    ../clib/angel/handlers.s                 0x00000000   Number         0  __scatter_zi.o ABSOLUTE
    ../clib/angel/handlers.s                 0x00000000   Number         0  __scatter_copy.o ABSOLUTE
    ../clib/angel/kernel.s                   0x00000000   Number         0  rtentry.o ABSOLUTE
    ../clib/angel/kernel.s                   0x00000000   Number         0  rtentry2.o ABSOLUTE
    ../clib/angel/kernel.s                   0x00000000   Number         0  rtentry4.o ABSOLUTE
    ../clib/angel/kernel.s                   0x00000000   Number         0  rtexit.o ABSOLUTE
    ../clib/angel/kernel.s                   0x00000000   Number         0  rtexit2.o ABSOLUTE
    ../clib/angel/rt.s                       0x00000000   Number         0  rt_raise.o ABSOLUTE
    ../clib/angel/scatterp.s                 0x00000000   Number         0  __scatter.o ABSOLUTE
    ../clib/angel/startup.s                  0x00000000   Number         0  __main.o ABSOLUTE
    ../clib/angel/sys.s                      0x00000000   Number         0  tempstk.o ABSOLUTE
    ../clib/angel/sys.s                      0x00000000   Number         0  use_no_semi.o ABSOLUTE
    ../clib/angel/sys.s                      0x00000000   Number         0  indicate_semi.o ABSOLUTE
    ../clib/angel/sys.s                      0x00000000   Number         0  sys_stackheap_outer.o ABSOLUTE
    ../clib/angel/sys.s                      0x00000000   Number         0  libspace.o ABSOLUTE
    ../clib/angel/sysapp.c                   0x00000000   Number         0  sys_exit.o ABSOLUTE
    ../clib/angel/sysapp.c                   0x00000000   Number         0  sys_command.o ABSOLUTE
    ../clib/angel/sysapp.c                   0x00000000   Number         0  sys_wrch.o ABSOLUTE
    ../clib/armsys.c                         0x00000000   Number         0  argv_veneer.o ABSOLUTE
    ../clib/armsys.c                         0x00000000   Number         0  _get_argv_nomalloc.o ABSOLUTE
    ../clib/armsys.c                         0x00000000   Number         0  no_argv.o ABSOLUTE
    ../clib/division.c                       0x00000000   Number         0  rtudiv10.o ABSOLUTE
    ../clib/heapalloc.c                      0x00000000   Number         0  hrguard.o ABSOLUTE
    ../clib/heapaux.c                        0x00000000   Number         0  heapauxi.o ABSOLUTE
    ../clib/libinit.s                        0x00000000   Number         0  libshutdown.o ABSOLUTE
    ../clib/libinit.s                        0x00000000   Number         0  libinit2.o ABSOLUTE
    ../clib/libinit.s                        0x00000000   Number         0  libinit.o ABSOLUTE
    ../clib/libinit.s                        0x00000000   Number         0  libshutdown2.o ABSOLUTE
    ../clib/memcpset.c                       0x00000000   Number         0  rt_memcpy.o ABSOLUTE
    ../clib/memcpset.c                       0x00000000   Number         0  rt_memcpy.o ABSOLUTE
    ../clib/printf.c                         0x00000000   Number         0  _printf_hex_int_ll.o ABSOLUTE
    ../clib/printf.c                         0x00000000   Number         0  _printf_hex_int.o ABSOLUTE
    ../clib/printf.c                         0x00000000   Number         0  _printf_hex_ll.o ABSOLUTE
    ../clib/printf.c                         0x00000000   Number         0  _printf_intcommon.o ABSOLUTE
    ../clib/printf.c                         0x00000000   Number         0  _printf_dec.o ABSOLUTE
    ../clib/printf.c                         0x00000000   Number         0  _printf_char_common.o ABSOLUTE
    ../clib/printf.c                         0x00000000   Number         0  __printf_nopercent.o ABSOLUTE
    ../clib/printf.c                         0x00000000   Number         0  __printf.o ABSOLUTE
    ../clib/printf.c                         0x00000000   Number         0  __printf_flags_ss_wp.o ABSOLUTE
    ../clib/printf.c                         0x00000000   Number         0  __2printf.o ABSOLUTE
    ../clib/printf.c                         0x00000000   Number         0  __printf_ss_wp.o ABSOLUTE
    ../clib/printf.c                         0x00000000   Number         0  __printf_flags_wp.o ABSOLUTE
    ../clib/printf.c                         0x00000000   Number         0  __printf_wp.o ABSOLUTE
    ../clib/printf.c                         0x00000000   Number         0  __printf_flags_ss.o ABSOLUTE
    ../clib/printf.c                         0x00000000   Number         0  __printf_flags.o ABSOLUTE
    ../clib/printf.c                         0x00000000   Number         0  noretval__2printf.o ABSOLUTE
    ../clib/printf.c                         0x00000000   Number         0  __printf_ss.o ABSOLUTE
    ../clib/printf.c                         0x00000000   Number         0  _printf_hex_int_ll_ptr.o ABSOLUTE
    ../clib/printf.c                         0x00000000   Number         0  _printf_hex_ll_ptr.o ABSOLUTE
    ../clib/printf.c                         0x00000000   Number         0  _printf_hex_int_ptr.o ABSOLUTE
    ../clib/printf.c                         0x00000000   Number         0  _printf_hex_ptr.o ABSOLUTE
    ../clib/printf.c                         0x00000000   Number         0  _printf_char_file.o ABSOLUTE
    ../clib/printf_percent.s                 0x00000000   Number         0  _printf_x.o ABSOLUTE
    ../clib/printf_percent.s                 0x00000000   Number         0  _printf_d.o ABSOLUTE
    ../clib/printf_percent.s                 0x00000000   Number         0  _printf_percent_end.o ABSOLUTE
    ../clib/printf_percent.s                 0x00000000   Number         0  _printf_percent.o ABSOLUTE
    ../clib/signal.c                         0x00000000   Number         0  defsig_segv_inner.o ABSOLUTE
    ../clib/signal.c                         0x00000000   Number         0  defsig_cppl_inner.o ABSOLUTE
    ../clib/signal.c                         0x00000000   Number         0  defsig_pvfn_inner.o ABSOLUTE
    ../clib/signal.c                         0x00000000   Number         0  defsig_stak_inner.o ABSOLUTE
    ../clib/signal.c                         0x00000000   Number         0  defsig_rtred_inner.o ABSOLUTE
    ../clib/signal.c                         0x00000000   Number         0  defsig_abrt_inner.o ABSOLUTE
    ../clib/signal.c                         0x00000000   Number         0  defsig_general.o ABSOLUTE
    ../clib/signal.c                         0x00000000   Number         0  __raise.o ABSOLUTE
    ../clib/signal.c                         0x00000000   Number         0  defsig_rtmem_inner.o ABSOLUTE
    ../clib/signal.c                         0x00000000   Number         0  defsig_exit.o ABSOLUTE
    ../clib/signal.c                         0x00000000   Number         0  defsig_rtmem_formal.o ABSOLUTE
    ../clib/signal.c                         0x00000000   Number         0  defsig_rtmem_outer.o ABSOLUTE
    ../clib/signal.c                         0x00000000   Number         0  defsig_fpe_inner.o ABSOLUTE
    ../clib/signal.c                         0x00000000   Number         0  defsig_other.o ABSOLUTE
    ../clib/signal.s                         0x00000000   Number         0  defsig.o ABSOLUTE
    ../clib/stdio.c                          0x00000000   Number         0  ferror_locked.o ABSOLUTE
    ../clib/stdio.c                          0x00000000   Number         0  ferror.o ABSOLUTE
    ../clib/stdlib.c                         0x00000000   Number         0  exit.o ABSOLUTE
    ../clib/string.c                         0x00000000   Number         0  strcpy.o ABSOLUTE
    ../clib/string.c                         0x00000000   Number         0  strlen.o ABSOLUTE
    ../fplib/cfplib/ddiv.c                   0x00000000   Number         0  ddiv.o ABSOLUTE
    ../fplib/cfplib/ffix.c                   0x00000000   Number         0  dfixi.o ABSOLUTE
    ../fplib/cfplib/fflt.c                   0x00000000   Number         0  dflti.o ABSOLUTE
    ../fplib/cfplib/fpinit.c                 0x00000000   Number         0  fpinit.o ABSOLUTE
    ../fplib/usenofp.s                       0x00000000   Number         0  usenofp.o ABSOLUTE
    ..\..\..\..\..\..\components\drivers_nrf\common\nrf_drv_common.c 0x00000000   Number         0  nrf_drv_common.o ABSOLUTE
    ..\..\..\..\..\..\components\drivers_nrf\twi_master\nrf_drv_twi.c 0x00000000   Number         0  nrf_drv_twi.o ABSOLUTE
    ..\..\..\..\..\..\components\drivers_nrf\uart\nrf_drv_uart.c 0x00000000   Number         0  nrf_drv_uart.o ABSOLUTE
    ..\..\..\..\..\..\components\libraries\fifo\app_fifo.c 0x00000000   Number         0  app_fifo.o ABSOLUTE
    ..\..\..\..\..\..\components\libraries\log\src\nrf_log_backend_serial.c 0x00000000   Number         0  nrf_log_backend_serial.o ABSOLUTE
    ..\..\..\..\..\..\components\libraries\log\src\nrf_log_frontend.c 0x00000000   Number         0  nrf_log_frontend.o ABSOLUTE
    ..\..\..\..\..\..\components\libraries\uart\app_uart_fifo.c 0x00000000   Number         0  app_uart_fifo.o ABSOLUTE
    ..\..\..\..\..\..\components\libraries\uart\retarget.c 0x00000000   Number         0  retarget.o ABSOLUTE
    ..\..\..\..\..\..\components\libraries\util\app_error.c 0x00000000   Number         0  app_error.o ABSOLUTE
    ..\..\..\..\..\..\components\libraries\util\app_error_weak.c 0x00000000   Number         0  app_error_weak.o ABSOLUTE
    ..\..\..\..\..\..\components\libraries\util\app_util_platform.c 0x00000000   Number         0  app_util_platform.o ABSOLUTE
    ..\..\..\..\..\..\components\libraries\util\nrf_assert.c 0x00000000   Number         0  nrf_assert.o ABSOLUTE
    ..\..\..\..\..\..\components\toolchain\arm\arm_startup_nrf51.s 0x00000000   Number         0  arm_startup_nrf51.o ABSOLUTE
    ..\..\..\..\..\..\components\toolchain\system_nrf51.c 0x00000000   Number         0  system_nrf51.o ABSOLUTE
    ..\..\..\..\..\..\external\segger_rtt\RTT_Syscalls_KEIL.c 0x00000000   Number         0  rtt_syscalls_keil.o ABSOLUTE
    ..\..\..\..\..\..\external\segger_rtt\SEGGER_RTT.c 0x00000000   Number         0  segger_rtt.o ABSOLUTE
    ..\..\..\..\..\..\external\segger_rtt\SEGGER_RTT_printf.c 0x00000000   Number         0  segger_rtt_printf.o ABSOLUTE
    ..\..\..\main.c                          0x00000000   Number         0  main.o ABSOLUTE
    ..\\..\\..\\..\\..\\..\\components\\drivers_nrf\\common\\nrf_drv_common.c 0x00000000   Number         0  nrf_drv_common.o ABSOLUTE
    ..\\..\\..\\..\\..\\..\\components\\drivers_nrf\\twi_master\\nrf_drv_twi.c 0x00000000   Number         0  nrf_drv_twi.o ABSOLUTE
    ..\\..\\..\\..\\..\\..\\components\\drivers_nrf\\uart\\nrf_drv_uart.c 0x00000000   Number         0  nrf_drv_uart.o ABSOLUTE
    ..\\..\\..\\..\\..\\..\\components\\libraries\\fifo\\app_fifo.c 0x00000000   Number         0  app_fifo.o ABSOLUTE
    ..\\..\\..\\..\\..\\..\\components\\libraries\\log\\src\\nrf_log_backend_serial.c 0x00000000   Number         0  nrf_log_backend_serial.o ABSOLUTE
    ..\\..\\..\\..\\..\\..\\components\\libraries\\log\\src\\nrf_log_frontend.c 0x00000000   Number         0  nrf_log_frontend.o ABSOLUTE
    ..\\..\\..\\..\\..\\..\\components\\libraries\\uart\\app_uart_fifo.c 0x00000000   Number         0  app_uart_fifo.o ABSOLUTE
    ..\\..\\..\\..\\..\\..\\components\\libraries\\uart\\retarget.c 0x00000000   Number         0  retarget.o ABSOLUTE
    ..\\..\\..\\..\\..\\..\\components\\libraries\\util\\app_error.c 0x00000000   Number         0  app_error.o ABSOLUTE
    ..\\..\\..\\..\\..\\..\\components\\libraries\\util\\app_error_weak.c 0x00000000   Number         0  app_error_weak.o ABSOLUTE
    ..\\..\\..\\..\\..\\..\\components\\libraries\\util\\app_util_platform.c 0x00000000   Number         0  app_util_platform.o ABSOLUTE
    ..\\..\\..\\..\\..\\..\\components\\libraries\\util\\nrf_assert.c 0x00000000   Number         0  nrf_assert.o ABSOLUTE
    ..\\..\\..\\..\\..\\..\\components\\toolchain\\system_nrf51.c 0x00000000   Number         0  system_nrf51.o ABSOLUTE
    ..\\..\\..\\..\\..\\..\\external\\segger_rtt\\SEGGER_RTT.c 0x00000000   Number         0  segger_rtt.o ABSOLUTE
    ..\\..\\..\\main.c                       0x00000000   Number         0  main.o ABSOLUTE
    dc.s                                     0x00000000   Number         0  dc.o ABSOLUTE
    !!!main                                  0x000000c0   Section        8  __main.o(!!!main)
    !!!scatter                               0x000000c8   Section       60  __scatter.o(!!!scatter)
    !!handler_copy                           0x00000104   Section       26  __scatter_copy.o(!!handler_copy)
    !!handler_zi                             0x00000120   Section       28  __scatter_zi.o(!!handler_zi)
    .ARM.Collect$$_printf_percent$$00000000  0x0000013c   Section        2  _printf_percent.o(.ARM.Collect$$_printf_percent$$00000000)
    .ARM.Collect$$_printf_percent$$00000009  0x0000013e   Section       10  _printf_d.o(.ARM.Collect$$_printf_percent$$00000009)
    .ARM.Collect$$_printf_percent$$0000000C  0x00000148   Section       10  _printf_x.o(.ARM.Collect$$_printf_percent$$0000000C)
    .ARM.Collect$$_printf_percent$$00000017  0x00000152   Section        4  _printf_percent_end.o(.ARM.Collect$$_printf_percent$$00000017)
    .ARM.Collect$$libinit$$00000000          0x00000156   Section        2  libinit.o(.ARM.Collect$$libinit$$00000000)
    .ARM.Collect$$libinit$$00000001          0x00000158   Section        4  libinit2.o(.ARM.Collect$$libinit$$00000001)
    .ARM.Collect$$libinit$$00000008          0x0000015c   Section        0  libinit2.o(.ARM.Collect$$libinit$$00000008)
    .ARM.Collect$$libinit$$0000000A          0x0000015c   Section        0  libinit2.o(.ARM.Collect$$libinit$$0000000A)
    .ARM.Collect$$libinit$$0000000C          0x0000015c   Section        0  libinit2.o(.ARM.Collect$$libinit$$0000000C)
    .ARM.Collect$$libinit$$0000000F          0x0000015c   Section        0  libinit2.o(.ARM.Collect$$libinit$$0000000F)
    .ARM.Collect$$libinit$$00000011          0x0000015c   Section        0  libinit2.o(.ARM.Collect$$libinit$$00000011)
    .ARM.Collect$$libinit$$00000013          0x0000015c   Section        0  libinit2.o(.ARM.Collect$$libinit$$00000013)
    .ARM.Collect$$libinit$$00000015          0x0000015c   Section        0  libinit2.o(.ARM.Collect$$libinit$$00000015)
    .ARM.Collect$$libinit$$00000017          0x0000015c   Section        0  libinit2.o(.ARM.Collect$$libinit$$00000017)
    .ARM.Collect$$libinit$$00000019          0x0000015c   Section        0  libinit2.o(.ARM.Collect$$libinit$$00000019)
    .ARM.Collect$$libinit$$0000001B          0x0000015c   Section        0  libinit2.o(.ARM.Collect$$libinit$$0000001B)
    .ARM.Collect$$libinit$$0000001D          0x0000015c   Section        0  libinit2.o(.ARM.Collect$$libinit$$0000001D)
    .ARM.Collect$$libinit$$0000001F          0x0000015c   Section        0  libinit2.o(.ARM.Collect$$libinit$$0000001F)
    .ARM.Collect$$libinit$$00000021          0x0000015c   Section        0  libinit2.o(.ARM.Collect$$libinit$$00000021)
    .ARM.Collect$$libinit$$00000023          0x0000015c   Section        0  libinit2.o(.ARM.Collect$$libinit$$00000023)
    .ARM.Collect$$libinit$$0000002A          0x0000015c   Section        0  libinit2.o(.ARM.Collect$$libinit$$0000002A)
    .ARM.Collect$$libinit$$0000002C          0x0000015c   Section        0  libinit2.o(.ARM.Collect$$libinit$$0000002C)
    .ARM.Collect$$libinit$$0000002E          0x0000015c   Section        0  libinit2.o(.ARM.Collect$$libinit$$0000002E)
    .ARM.Collect$$libinit$$00000030          0x0000015c   Section        0  libinit2.o(.ARM.Collect$$libinit$$00000030)
    .ARM.Collect$$libinit$$00000031          0x0000015c   Section        2  libinit2.o(.ARM.Collect$$libinit$$00000031)
    .ARM.Collect$$libshutdown$$00000000      0x0000015e   Section        2  libshutdown.o(.ARM.Collect$$libshutdown$$00000000)
    .ARM.Collect$$libshutdown$$00000003      0x00000160   Section        0  libshutdown2.o(.ARM.Collect$$libshutdown$$00000003)
    .ARM.Collect$$libshutdown$$00000006      0x00000160   Section        0  libshutdown2.o(.ARM.Collect$$libshutdown$$00000006)
    .ARM.Collect$$libshutdown$$00000009      0x00000160   Section        0  libshutdown2.o(.ARM.Collect$$libshutdown$$00000009)
    .ARM.Collect$$libshutdown$$0000000B      0x00000160   Section        0  libshutdown2.o(.ARM.Collect$$libshutdown$$0000000B)
    .ARM.Collect$$libshutdown$$0000000E      0x00000160   Section        0  libshutdown2.o(.ARM.Collect$$libshutdown$$0000000E)
    .ARM.Collect$$libshutdown$$0000000F      0x00000160   Section        2  libshutdown2.o(.ARM.Collect$$libshutdown$$0000000F)
    .ARM.Collect$$rtentry$$00000000          0x00000162   Section        0  rtentry.o(.ARM.Collect$$rtentry$$00000000)
    .ARM.Collect$$rtentry$$00000002          0x00000162   Section        0  rtentry2.o(.ARM.Collect$$rtentry$$00000002)
    .ARM.Collect$$rtentry$$00000004          0x00000162   Section        6  rtentry4.o(.ARM.Collect$$rtentry$$00000004)
    .ARM.Collect$$rtentry$$00000009          0x00000168   Section        0  rtentry2.o(.ARM.Collect$$rtentry$$00000009)
    .ARM.Collect$$rtentry$$0000000A          0x00000168   Section        4  rtentry2.o(.ARM.Collect$$rtentry$$0000000A)
    .ARM.Collect$$rtentry$$0000000C          0x0000016c   Section        0  rtentry2.o(.ARM.Collect$$rtentry$$0000000C)
    .ARM.Collect$$rtentry$$0000000D          0x0000016c   Section        8  rtentry2.o(.ARM.Collect$$rtentry$$0000000D)
    .ARM.Collect$$rtexit$$00000000           0x00000174   Section        2  rtexit.o(.ARM.Collect$$rtexit$$00000000)
    .ARM.Collect$$rtexit$$00000002           0x00000176   Section        0  rtexit2.o(.ARM.Collect$$rtexit$$00000002)
    .ARM.Collect$$rtexit$$00000003           0x00000176   Section        4  rtexit2.o(.ARM.Collect$$rtexit$$00000003)
    .ARM.Collect$$rtexit$$00000004           0x0000017a   Section        6  rtexit2.o(.ARM.Collect$$rtexit$$00000004)
    .emb_text                                0x00000180   Section       56  rt_memcpy.o(.emb_text)
    .text                                    0x000001b8   Section       84  arm_startup_nrf51.o(.text)
    .text                                    0x0000020c   Section        0  noretval__2printf.o(.text)
    .text                                    0x00000228   Section        0  __printf.o(.text)
    .text                                    0x00000294   Section        0  _printf_dec.o(.text)
    .text                                    0x00000300   Section        0  _printf_hex_int.o(.text)
    .text                                    0x00000358   Section        0  heapauxi.o(.text)
    .text                                    0x00000360   Section        0  ddiv.o(.text)
    .text                                    0x000007ac   Section        0  dfixi.o(.text)
    .text                                    0x00000818   Section        0  dflti.o(.text)
    .text                                    0x00000870   Section        0  _printf_intcommon.o(.text)
    .text                                    0x00000920   Section        0  _printf_char_file.o(.text)
    .text                                    0x00000948   Section        0  rtudiv10.o(.text)
    .text                                    0x00000970   Section        0  _printf_char_common.o(.text)
    _printf_input_char                       0x00000971   Thumb Code    10  _printf_char_common.o(.text)
    .text                                    0x000009a0   Section        0  ferror.o(.text)
    .text                                    0x000009a8   Section       62  sys_stackheap_outer.o(.text)
    .text                                    0x000009e6   Section        0  exit.o(.text)
    .text                                    0x000009f4   Section        8  libspace.o(.text)
    .text                                    0x000009fc   Section        0  sys_exit.o(.text)
    .text                                    0x00000a08   Section        2  use_no_semi.o(.text)
    .text                                    0x00000a0a   Section        0  indicate_semi.o(.text)
    i.LED_BT_blue                            0x00000a0a   Section        0  main.o(i.LED_BT_blue)
    i.LED_PWR_green                          0x00000a28   Section        0  main.o(i.LED_PWR_green)
    i.LED_indicator_init                     0x00000a44   Section        0  main.o(i.LED_indicator_init)
    i.LED_vertBoard_init                     0x00000a66   Section        0  main.o(i.LED_vertBoard_init)
    i.MUX_init                               0x00000a88   Section        0  main.o(i.MUX_init)
    i.MUX_set                                0x00000aa4   Section        0  main.o(i.MUX_set)
    i.RGBW_get                               0x00000af8   Section        0  main.o(i.RGBW_get)
    i.RGBW_on                                0x00000c54   Section        0  main.o(i.RGBW_on)
    i.SPI0_TWI0_IRQHandler                   0x00000c74   Section        0  nrf_drv_twi.o(i.SPI0_TWI0_IRQHandler)
    i.SPI1_TWI1_IRQHandler                   0x00000c88   Section        0  nrf_drv_twi.o(i.SPI1_TWI1_IRQHandler)
    i.SystemInit                             0x00000c9c   Section        0  system_nrf51.o(i.SystemInit)
    i.UART0_IRQHandler                       0x00000d3c   Section        0  nrf_drv_uart.o(i.UART0_IRQHandler)
    i.app_error_fault_handler                0x00000d50   Section        0  app_error_weak.o(i.app_error_fault_handler)
    i.app_error_handler_bare                 0x00000d6c   Section        0  app_error.o(i.app_error_handler_bare)
    i.app_fifo_get                           0x00000d84   Section        0  app_fifo.o(i.app_fifo_get)
    i.app_fifo_init                          0x00000d9a   Section        0  app_fifo.o(i.app_fifo_init)
    i.app_fifo_put                           0x00000dbe   Section        0  app_fifo.o(i.app_fifo_put)
    i.app_uart_init                          0x00000dd8   Section        0  app_uart_fifo.o(i.app_uart_init)
    i.app_uart_put                           0x00000e88   Section        0  app_uart_fifo.o(i.app_uart_put)
    i.apply_config                           0x00000ec8   Section        0  nrf_drv_uart.o(i.apply_config)
    apply_config                             0x00000ec9   Thumb Code   118  nrf_drv_uart.o(i.apply_config)
    i.band_uart_init                         0x00000f40   Section        0  main.o(i.band_uart_init)
    i.fifo_get                               0x00000f98   Section        0  app_fifo.o(i.fifo_get)
    fifo_get                                 0x00000f99   Thumb Code    20  app_fifo.o(i.fifo_get)
    i.fifo_put                               0x00000fac   Section        0  app_fifo.o(i.fifo_put)
    fifo_put                                 0x00000fad   Thumb Code    18  app_fifo.o(i.fifo_put)
    i.fputc                                  0x00000fbe   Section        0  retarget.o(i.fputc)
    i.irq_handler_twi                        0x00000fcc   Section        0  nrf_drv_twi.o(i.irq_handler_twi)
    irq_handler_twi                          0x00000fcd   Thumb Code   172  nrf_drv_twi.o(i.irq_handler_twi)
    i.is_manual_peripheral_setup_needed      0x00001078   Section        0  system_nrf51.o(i.is_manual_peripheral_setup_needed)
    is_manual_peripheral_setup_needed        0x00001079   Thumb Code    66  system_nrf51.o(i.is_manual_peripheral_setup_needed)
    i.main                                   0x000010c0   Section        0  main.o(i.main)
    i.nrf_delay_ms                           0x00001150   Section        0  main.o(i.nrf_delay_ms)
    nrf_delay_ms                             0x00001151   Thumb Code    44  main.o(i.nrf_delay_ms)
    i.nrf_delay_us                           0x00001184   Section        0  nrf_drv_twi.o(i.nrf_delay_us)
    nrf_delay_us                             0x00001185   Thumb Code    38  nrf_drv_twi.o(i.nrf_delay_us)
    i.nrf_drv_common_irq_enable              0x000011b4   Section        0  nrf_drv_common.o(i.nrf_drv_common_irq_enable)
    i.nrf_drv_twi_enable                     0x00001214   Section        0  nrf_drv_twi.o(i.nrf_drv_twi_enable)
    i.nrf_drv_twi_init                       0x00001234   Section        0  nrf_drv_twi.o(i.nrf_drv_twi_init)
    i.nrf_drv_twi_rx                         0x000012bc   Section        0  nrf_drv_twi.o(i.nrf_drv_twi_rx)
    i.nrf_drv_twi_tx                         0x000012e0   Section        0  nrf_drv_twi.o(i.nrf_drv_twi_tx)
    i.nrf_drv_twi_xfer                       0x00001304   Section        0  nrf_drv_twi.o(i.nrf_drv_twi_xfer)
    i.nrf_drv_uart_init                      0x0000132c   Section        0  nrf_drv_uart.o(i.nrf_drv_uart_init)
    i.nrf_drv_uart_rx                        0x000013ac   Section        0  nrf_drv_uart.o(i.nrf_drv_uart_rx)
    i.nrf_drv_uart_rx_enable                 0x00001408   Section        0  nrf_drv_uart.o(i.nrf_drv_uart_rx_enable)
    i.nrf_drv_uart_rx_for_uart               0x00001434   Section        0  nrf_drv_uart.o(i.nrf_drv_uart_rx_for_uart)
    nrf_drv_uart_rx_for_uart                 0x00001435   Thumb Code   164  nrf_drv_uart.o(i.nrf_drv_uart_rx_for_uart)
    i.nrf_drv_uart_tx                        0x000014dc   Section        0  nrf_drv_uart.o(i.nrf_drv_uart_tx)
    i.nrf_drv_uart_tx_for_uart               0x00001510   Section        0  nrf_drv_uart.o(i.nrf_drv_uart_tx_for_uart)
    nrf_drv_uart_tx_for_uart                 0x00001511   Thumb Code   134  nrf_drv_uart.o(i.nrf_drv_uart_tx_for_uart)
    i.nrf_drv_uart_tx_in_progress            0x0000159c   Section        0  nrf_drv_uart.o(i.nrf_drv_uart_tx_in_progress)
    i.nrf_gpio_cfg                           0x000015b4   Section        0  nrf_drv_uart.o(i.nrf_gpio_cfg)
    nrf_gpio_cfg                             0x000015b5   Thumb Code    40  nrf_drv_uart.o(i.nrf_gpio_cfg)
    i.nrf_gpio_cfg_input                     0x000015dc   Section        0  nrf_drv_uart.o(i.nrf_gpio_cfg_input)
    nrf_gpio_cfg_input                       0x000015dd   Thumb Code    18  nrf_drv_uart.o(i.nrf_gpio_cfg_input)
    i.nrf_gpio_cfg_output                    0x000015ee   Section        0  main.o(i.nrf_gpio_cfg_output)
    nrf_gpio_cfg_output                      0x000015ef   Thumb Code    20  main.o(i.nrf_gpio_cfg_output)
    i.nrf_gpio_cfg_output                    0x00001602   Section        0  nrf_drv_uart.o(i.nrf_gpio_cfg_output)
    nrf_gpio_cfg_output                      0x00001603   Thumb Code    20  nrf_drv_uart.o(i.nrf_gpio_cfg_output)
    i.nrf_gpio_pin_clear                     0x00001618   Section        0  main.o(i.nrf_gpio_pin_clear)
    nrf_gpio_pin_clear                       0x00001619   Thumb Code    10  main.o(i.nrf_gpio_pin_clear)
    i.nrf_gpio_pin_clear                     0x00001628   Section        0  nrf_drv_twi.o(i.nrf_gpio_pin_clear)
    nrf_gpio_pin_clear                       0x00001629   Thumb Code    10  nrf_drv_twi.o(i.nrf_gpio_pin_clear)
    i.nrf_gpio_pin_set                       0x00001638   Section        0  main.o(i.nrf_gpio_pin_set)
    nrf_gpio_pin_set                         0x00001639   Thumb Code    10  main.o(i.nrf_gpio_pin_set)
    i.nrf_gpio_pin_set                       0x00001648   Section        0  nrf_drv_twi.o(i.nrf_gpio_pin_set)
    nrf_gpio_pin_set                         0x00001649   Thumb Code    10  nrf_drv_twi.o(i.nrf_gpio_pin_set)
    i.nrf_gpio_pin_set                       0x00001658   Section        0  nrf_drv_uart.o(i.nrf_gpio_pin_set)
    nrf_gpio_pin_set                         0x00001659   Thumb Code    10  nrf_drv_uart.o(i.nrf_gpio_pin_set)
    i.nrf_twi_errorsrc_get_and_clear         0x00001668   Section        0  nrf_drv_twi.o(i.nrf_twi_errorsrc_get_and_clear)
    nrf_twi_errorsrc_get_and_clear           0x00001669   Thumb Code    12  nrf_drv_twi.o(i.nrf_twi_errorsrc_get_and_clear)
    i.nrf_twi_event_check                    0x00001674   Section        0  nrf_drv_twi.o(i.nrf_twi_event_check)
    nrf_twi_event_check                      0x00001675   Thumb Code    10  nrf_drv_twi.o(i.nrf_twi_event_check)
    i.nrf_uart_errorsrc_get_and_clear        0x0000167e   Section        0  nrf_drv_uart.o(i.nrf_uart_errorsrc_get_and_clear)
    nrf_uart_errorsrc_get_and_clear          0x0000167f   Thumb Code    12  nrf_drv_uart.o(i.nrf_uart_errorsrc_get_and_clear)
    i.nrf_uart_event_check                   0x0000168a   Section        0  nrf_drv_uart.o(i.nrf_uart_event_check)
    nrf_uart_event_check                     0x0000168b   Thumb Code    10  nrf_drv_uart.o(i.nrf_uart_event_check)
    i.nrf_uart_hwfc_pins_set                 0x00001694   Section        0  nrf_drv_uart.o(i.nrf_uart_hwfc_pins_set)
    nrf_uart_hwfc_pins_set                   0x00001695   Thumb Code    12  nrf_drv_uart.o(i.nrf_uart_hwfc_pins_set)
    i.nrf_uart_int_enable_check              0x000016a0   Section        0  nrf_drv_uart.o(i.nrf_uart_int_enable_check)
    nrf_uart_int_enable_check                0x000016a1   Thumb Code    16  nrf_drv_uart.o(i.nrf_uart_int_enable_check)
    i.nrf_uart_txrx_pins_set                 0x000016b0   Section        0  nrf_drv_uart.o(i.nrf_uart_txrx_pins_set)
    nrf_uart_txrx_pins_set                   0x000016b1   Thumb Code    12  nrf_drv_uart.o(i.nrf_uart_txrx_pins_set)
    i.readi2cHighLow                         0x000016bc   Section        0  main.o(i.readi2cHighLow)
    i.readi2cOneByte                         0x000016ec   Section        0  main.o(i.readi2cOneByte)
    i.rx_byte                                0x0000171c   Section        0  nrf_drv_uart.o(i.rx_byte)
    rx_byte                                  0x0000171d   Thumb Code    38  nrf_drv_uart.o(i.rx_byte)
    i.rx_done_event                          0x00001742   Section        0  nrf_drv_uart.o(i.rx_done_event)
    rx_done_event                            0x00001743   Thumb Code    20  nrf_drv_uart.o(i.rx_done_event)
    i.rx_enable                              0x00001756   Section        0  nrf_drv_uart.o(i.rx_enable)
    rx_enable                                0x00001757   Thumb Code    26  nrf_drv_uart.o(i.rx_enable)
    i.scan_twi                               0x00001770   Section        0  main.o(i.scan_twi)
    i.twi1_init                              0x000017c4   Section        0  main.o(i.twi1_init)
    i.twi_clear_bus                          0x000017f4   Section        0  nrf_drv_twi.o(i.twi_clear_bus)
    twi_clear_bus                            0x000017f5   Thumb Code   134  nrf_drv_twi.o(i.twi_clear_bus)
    i.twi_init                               0x00001888   Section        0  main.o(i.twi_init)
    i.twi_process_error                      0x000018b4   Section        0  nrf_drv_twi.o(i.twi_process_error)
    twi_process_error                        0x000018b5   Thumb Code    28  nrf_drv_twi.o(i.twi_process_error)
    i.twi_rx_start_transfer                  0x000018d4   Section        0  nrf_drv_twi.o(i.twi_rx_start_transfer)
    twi_rx_start_transfer                    0x000018d5   Thumb Code   150  nrf_drv_twi.o(i.twi_rx_start_transfer)
    i.twi_send_byte                          0x00001970   Section        0  nrf_drv_twi.o(i.twi_send_byte)
    twi_send_byte                            0x00001971   Thumb Code    46  nrf_drv_twi.o(i.twi_send_byte)
    i.twi_transfer                           0x0000199e   Section        0  nrf_drv_twi.o(i.twi_transfer)
    twi_transfer                             0x0000199f   Thumb Code   264  nrf_drv_twi.o(i.twi_transfer)
    i.twi_tx_start_transfer                  0x00001aa8   Section        0  nrf_drv_twi.o(i.twi_tx_start_transfer)
    twi_tx_start_transfer                    0x00001aa9   Thumb Code   148  nrf_drv_twi.o(i.twi_tx_start_transfer)
    i.twi_xfer                               0x00001b40   Section        0  nrf_drv_twi.o(i.twi_xfer)
    twi_xfer                                 0x00001b41   Thumb Code   140  nrf_drv_twi.o(i.twi_xfer)
    i.tx_byte                                0x00001bcc   Section        0  nrf_drv_uart.o(i.tx_byte)
    tx_byte                                  0x00001bcd   Thumb Code    30  nrf_drv_uart.o(i.tx_byte)
    i.tx_done_event                          0x00001bea   Section        0  nrf_drv_uart.o(i.tx_done_event)
    tx_done_event                            0x00001beb   Thumb Code    24  nrf_drv_uart.o(i.tx_done_event)
    i.uart_error_handle                      0x00001c02   Section        0  main.o(i.uart_error_handle)
    i.uart_event_handler                     0x00001c18   Section        0  app_uart_fifo.o(i.uart_event_handler)
    uart_event_handler                       0x00001c19   Thumb Code   158  app_uart_fifo.o(i.uart_event_handler)
    i.uart_irq_handler                       0x00001cc0   Section        0  nrf_drv_uart.o(i.uart_irq_handler)
    uart_irq_handler                         0x00001cc1   Thumb Code   292  nrf_drv_uart.o(i.uart_irq_handler)
    i.writei2c                               0x00001de4   Section        0  main.o(i.writei2c)
    i.writei2cSingle                         0x00001e04   Section        0  main.o(i.writei2cSingle)
    .constdata                               0x00001e24   Section       72  main.o(.constdata)
    x$fpl$usenofp                            0x00001e24   Section        0  usenofp.o(x$fpl$usenofp)
    m_twi                                    0x00001e24   Data           8  main.o(.constdata)
    m_twi1                                   0x00001e2c   Data           8  main.o(.constdata)
    .constdata                               0x00001e6c   Section       12  nrf_drv_twi.o(.constdata)
    .constdata                               0x00001e78   Section       32  app_uart_fifo.o(.constdata)
    .constdata                               0x00001e98   Section       40  _printf_hex_int.o(.constdata)
    uc_hextab                                0x00001e98   Data          20  _printf_hex_int.o(.constdata)
    lc_hextab                                0x00001eac   Data          20  _printf_hex_int.o(.constdata)
    .constdata                               0x00001ec0   Section      128  ddiv.o(.constdata)
    ddiv_reciptbl                            0x00001ec0   Data         128  ddiv.o(.constdata)
    .data                                    0x20000000   Section        4  system_nrf51.o(.data)
    __tagsym$$used                           0x20000000   Number         0  system_nrf51.o(.data)
    .data                                    0x20000004   Section       16  app_uart_fifo.o(.data)
    tx_buffer                                0x20000004   Data           1  app_uart_fifo.o(.data)
    rx_buffer                                0x20000005   Data           1  app_uart_fifo.o(.data)
    m_rx_ovf                                 0x20000006   Data           1  app_uart_fifo.o(.data)
    m_event_handler                          0x20000008   Data           4  app_uart_fifo.o(.data)
    app_uart_inst                            0x2000000c   Data           8  app_uart_fifo.o(.data)
    .data                                    0x20000014   Section        4  retarget.o(.data)
    .bss                                     0x20000018   Section      536  main.o(.bss)
    RGBreturn                                0x20000018   Data          24  main.o(.bss)
    rx_buf                                   0x20000030   Data         256  main.o(.bss)
    tx_buf                                   0x20000130   Data         256  main.o(.bss)
    .bss                                     0x20000230   Section       80  nrf_drv_twi.o(.bss)
    m_cb                                     0x20000230   Data          80  nrf_drv_twi.o(.bss)
    .bss                                     0x20000280   Section       28  nrf_drv_uart.o(.bss)
    m_cb                                     0x20000280   Data          28  nrf_drv_uart.o(.bss)
    .bss                                     0x2000029c   Section       32  app_uart_fifo.o(.bss)
    m_rx_fifo                                0x2000029c   Data          16  app_uart_fifo.o(.bss)
    m_tx_fifo                                0x200002ac   Data          16  app_uart_fifo.o(.bss)
    .bss                                     0x200002bc   Section       96  libspace.o(.bss)
    HEAP                                     0x20000320   Section     2048  arm_startup_nrf51.o(HEAP)
    Heap_Mem                                 0x20000320   Data        2048  arm_startup_nrf51.o(HEAP)
    STACK                                    0x20000b20   Section     2048  arm_startup_nrf51.o(STACK)
    Stack_Mem                                0x20000b20   Data        2048  arm_startup_nrf51.o(STACK)
    __initial_sp                             0x20001320   Data           0  arm_startup_nrf51.o(STACK)

    Global Symbols

    Symbol Name                              Value     Ov Type        Size  Object(Section)

    BuildAttributes$$THM_ISAv3M$S$PE$A:L22$X:L11$S22$IEEE1$IW$USESV6$~STKCKD$USESV7$~SHL$OSPACE$ROPI$EBA8$UX$STANDARDLIB$REQ8$PRES8$EABIv2 0x00000000   Number         0  anon$$obj.o ABSOLUTE
    __ARM_use_no_argv                        0x00000000   Number         0  main.o ABSOLUTE
    __Vectors                                0x00000000   Data           4  arm_startup_nrf51.o(RESET)
    __ARM_exceptions_init                     - Undefined Weak Reference
    __alloca_initialize                       - Undefined Weak Reference
    __cpp_initialize__aeabi_                  - Undefined Weak Reference
    __cxa_finalize                            - Undefined Weak Reference
    __rt_locale                               - Undefined Weak Reference
    __sigvec_lookup                           - Undefined Weak Reference
    _atexit_init                              - Undefined Weak Reference
    _call_atexit_fns                          - Undefined Weak Reference
    _clock_init                               - Undefined Weak Reference
    _fp_trap_init                             - Undefined Weak Reference
    _fp_trap_shutdown                         - Undefined Weak Reference
    _get_lc_collate                           - Undefined Weak Reference
    _get_lc_ctype                             - Undefined Weak Reference
    _get_lc_monetary                          - Undefined Weak Reference
    _get_lc_numeric                           - Undefined Weak Reference
    _get_lc_time                              - Undefined Weak Reference
    _getenv_init                              - Undefined Weak Reference
    _handle_redirection                       - Undefined Weak Reference
    _init_alloc                               - Undefined Weak Reference
    _init_user_alloc                          - Undefined Weak Reference
    _initio                                   - Undefined Weak Reference
    _mutex_acquire                            - Undefined Weak Reference
    _mutex_release                            - Undefined Weak Reference
    _printf_post_padding                      - Undefined Weak Reference
    _printf_pre_padding                       - Undefined Weak Reference
    _printf_truncate_signed                   - Undefined Weak Reference
    _printf_truncate_unsigned                 - Undefined Weak Reference
    _rand_init                                - Undefined Weak Reference
    _signal_finish                            - Undefined Weak Reference
    _signal_init                              - Undefined Weak Reference
    _terminate_alloc                          - Undefined Weak Reference
    _terminate_user_alloc                     - Undefined Weak Reference
    _terminateio                              - Undefined Weak Reference
    __Vectors_End                            0x000000c0   Data           0  arm_startup_nrf51.o(RESET)
    __Vectors_Size                           0x000000c0   Number         0  arm_startup_nrf51.o ABSOLUTE
    __main                                   0x000000c1   Thumb Code     8  __main.o(!!!main)
    __scatterload                            0x000000c9   Thumb Code     0  __scatter.o(!!!scatter)
    __scatterload_rt2                        0x000000c9   Thumb Code    52  __scatter.o(!!!scatter)
    __scatterload_rt2_thumb_only             0x000000c9   Thumb Code     0  __scatter.o(!!!scatter)
    __scatterload_null                       0x000000d9   Thumb Code     0  __scatter.o(!!!scatter)
    __scatterload_copy                       0x00000105   Thumb Code    26  __scatter_copy.o(!!handler_copy)
    __scatterload_zeroinit                   0x00000121   Thumb Code    28  __scatter_zi.o(!!handler_zi)
    _printf_percent                          0x0000013d   Thumb Code     0  _printf_percent.o(.ARM.Collect$$_printf_percent$$00000000)
    _printf_d                                0x0000013f   Thumb Code     0  _printf_d.o(.ARM.Collect$$_printf_percent$$00000009)
    _printf_x                                0x00000149   Thumb Code     0  _printf_x.o(.ARM.Collect$$_printf_percent$$0000000C)
    _printf_percent_end                      0x00000153   Thumb Code     0  _printf_percent_end.o(.ARM.Collect$$_printf_percent$$00000017)
    __rt_lib_init                            0x00000157   Thumb Code     0  libinit.o(.ARM.Collect$$libinit$$00000000)
    __rt_lib_init_fp_1                       0x00000159   Thumb Code     0  libinit2.o(.ARM.Collect$$libinit$$00000001)
    __rt_lib_init_alloca_1                   0x0000015d   Thumb Code     0  libinit2.o(.ARM.Collect$$libinit$$0000002C)
    __rt_lib_init_argv_1                     0x0000015d   Thumb Code     0  libinit2.o(.ARM.Collect$$libinit$$0000002A)
    __rt_lib_init_atexit_1                   0x0000015d   Thumb Code     0  libinit2.o(.ARM.Collect$$libinit$$00000019)
    __rt_lib_init_clock_1                    0x0000015d   Thumb Code     0  libinit2.o(.ARM.Collect$$libinit$$0000001F)
    __rt_lib_init_cpp_1                      0x0000015d   Thumb Code     0  libinit2.o(.ARM.Collect$$libinit$$00000030)
    __rt_lib_init_exceptions_1               0x0000015d   Thumb Code     0  libinit2.o(.ARM.Collect$$libinit$$0000002E)
    __rt_lib_init_fp_trap_1                  0x0000015d   Thumb Code     0  libinit2.o(.ARM.Collect$$libinit$$0000001D)
    __rt_lib_init_getenv_1                   0x0000015d   Thumb Code     0  libinit2.o(.ARM.Collect$$libinit$$00000021)
    __rt_lib_init_heap_1                     0x0000015d   Thumb Code     0  libinit2.o(.ARM.Collect$$libinit$$00000008)
    __rt_lib_init_lc_collate_1               0x0000015d   Thumb Code     0  libinit2.o(.ARM.Collect$$libinit$$0000000F)
    __rt_lib_init_lc_ctype_1                 0x0000015d   Thumb Code     0  libinit2.o(.ARM.Collect$$libinit$$00000011)
    __rt_lib_init_lc_monetary_1              0x0000015d   Thumb Code     0  libinit2.o(.ARM.Collect$$libinit$$00000013)
    __rt_lib_init_lc_numeric_1               0x0000015d   Thumb Code     0  libinit2.o(.ARM.Collect$$libinit$$00000015)
    __rt_lib_init_lc_time_1                  0x0000015d   Thumb Code     0  libinit2.o(.ARM.Collect$$libinit$$00000017)
    __rt_lib_init_rand_1                     0x0000015d   Thumb Code     0  libinit2.o(.ARM.Collect$$libinit$$0000000C)
    __rt_lib_init_return                     0x0000015d   Thumb Code     0  libinit2.o(.ARM.Collect$$libinit$$00000031)
    __rt_lib_init_signal_1                   0x0000015d   Thumb Code     0  libinit2.o(.ARM.Collect$$libinit$$0000001B)
    __rt_lib_init_stdio_1                    0x0000015d   Thumb Code     0  libinit2.o(.ARM.Collect$$libinit$$00000023)
    __rt_lib_init_user_alloc_1               0x0000015d   Thumb Code     0  libinit2.o(.ARM.Collect$$libinit$$0000000A)
    __rt_lib_shutdown                        0x0000015f   Thumb Code     0  libshutdown.o(.ARM.Collect$$libshutdown$$00000000)
    __rt_lib_shutdown_fp_trap_1              0x00000161   Thumb Code     0  libshutdown2.o(.ARM.Collect$$libshutdown$$00000006)
    __rt_lib_shutdown_heap_1                 0x00000161   Thumb Code     0  libshutdown2.o(.ARM.Collect$$libshutdown$$0000000E)
    __rt_lib_shutdown_return                 0x00000161   Thumb Code     0  libshutdown2.o(.ARM.Collect$$libshutdown$$0000000F)
    __rt_lib_shutdown_signal_1               0x00000161   Thumb Code     0  libshutdown2.o(.ARM.Collect$$libshutdown$$00000009)
    __rt_lib_shutdown_stdio_1                0x00000161   Thumb Code     0  libshutdown2.o(.ARM.Collect$$libshutdown$$00000003)
    __rt_lib_shutdown_user_alloc_1           0x00000161   Thumb Code     0  libshutdown2.o(.ARM.Collect$$libshutdown$$0000000B)
    __rt_entry                               0x00000163   Thumb Code     0  rtentry.o(.ARM.Collect$$rtentry$$00000000)
    __rt_entry_presh_1                       0x00000163   Thumb Code     0  rtentry2.o(.ARM.Collect$$rtentry$$00000002)
    __rt_entry_sh                            0x00000163   Thumb Code     0  rtentry4.o(.ARM.Collect$$rtentry$$00000004)
    __rt_entry_li                            0x00000169   Thumb Code     0  rtentry2.o(.ARM.Collect$$rtentry$$0000000A)
    __rt_entry_postsh_1                      0x00000169   Thumb Code     0  rtentry2.o(.ARM.Collect$$rtentry$$00000009)
    __rt_entry_main                          0x0000016d   Thumb Code     0  rtentry2.o(.ARM.Collect$$rtentry$$0000000D)
    __rt_entry_postli_1                      0x0000016d   Thumb Code     0  rtentry2.o(.ARM.Collect$$rtentry$$0000000C)
    __rt_exit                                0x00000175   Thumb Code     0  rtexit.o(.ARM.Collect$$rtexit$$00000000)
    __rt_exit_ls                             0x00000177   Thumb Code     0  rtexit2.o(.ARM.Collect$$rtexit$$00000003)
    __rt_exit_prels_1                        0x00000177   Thumb Code     0  rtexit2.o(.ARM.Collect$$rtexit$$00000002)
    __rt_exit_exit                           0x0000017b   Thumb Code     0  rtexit2.o(.ARM.Collect$$rtexit$$00000004)
    __aeabi_memcpy4                          0x00000181   Thumb Code    56  rt_memcpy.o(.emb_text)
    __aeabi_memcpy8                          0x00000181   Thumb Code     0  rt_memcpy.o(.emb_text)
    Reset_Handler                            0x000001b9   Thumb Code    26  arm_startup_nrf51.o(.text)
    NMI_Handler                              0x000001d3   Thumb Code     2  arm_startup_nrf51.o(.text)
    HardFault_Handler                        0x000001d5   Thumb Code     2  arm_startup_nrf51.o(.text)
    SVC_Handler                              0x000001d7   Thumb Code     2  arm_startup_nrf51.o(.text)
    PendSV_Handler                           0x000001d9   Thumb Code     2  arm_startup_nrf51.o(.text)
    SysTick_Handler                          0x000001db   Thumb Code     2  arm_startup_nrf51.o(.text)
    ADC_IRQHandler                           0x000001dd   Thumb Code     0  arm_startup_nrf51.o(.text)
    CCM_AAR_IRQHandler                       0x000001dd   Thumb Code     0  arm_startup_nrf51.o(.text)
    ECB_IRQHandler                           0x000001dd   Thumb Code     0  arm_startup_nrf51.o(.text)
    GPIOTE_IRQHandler                        0x000001dd   Thumb Code     0  arm_startup_nrf51.o(.text)
    LPCOMP_IRQHandler                        0x000001dd   Thumb Code     0  arm_startup_nrf51.o(.text)
    POWER_CLOCK_IRQHandler                   0x000001dd   Thumb Code     0  arm_startup_nrf51.o(.text)
    QDEC_IRQHandler                          0x000001dd   Thumb Code     0  arm_startup_nrf51.o(.text)
    RADIO_IRQHandler                         0x000001dd   Thumb Code     0  arm_startup_nrf51.o(.text)
    RNG_IRQHandler                           0x000001dd   Thumb Code     0  arm_startup_nrf51.o(.text)
    RTC0_IRQHandler                          0x000001dd   Thumb Code     0  arm_startup_nrf51.o(.text)
    RTC1_IRQHandler                          0x000001dd   Thumb Code     0  arm_startup_nrf51.o(.text)
    SWI0_IRQHandler                          0x000001dd   Thumb Code     0  arm_startup_nrf51.o(.text)
    SWI1_IRQHandler                          0x000001dd   Thumb Code     0  arm_startup_nrf51.o(.text)
    SWI2_IRQHandler                          0x000001dd   Thumb Code     0  arm_startup_nrf51.o(.text)
    SWI3_IRQHandler                          0x000001dd   Thumb Code     0  arm_startup_nrf51.o(.text)
    SWI4_IRQHandler                          0x000001dd   Thumb Code     0  arm_startup_nrf51.o(.text)
    SWI5_IRQHandler                          0x000001dd   Thumb Code     0  arm_startup_nrf51.o(.text)
    TEMP_IRQHandler                          0x000001dd   Thumb Code     0  arm_startup_nrf51.o(.text)
    TIMER0_IRQHandler                        0x000001dd   Thumb Code     0  arm_startup_nrf51.o(.text)
    TIMER1_IRQHandler                        0x000001dd   Thumb Code     0  arm_startup_nrf51.o(.text)
    TIMER2_IRQHandler                        0x000001dd   Thumb Code     0  arm_startup_nrf51.o(.text)
    WDT_IRQHandler                           0x000001dd   Thumb Code     0  arm_startup_nrf51.o(.text)
    __user_initial_stackheap                 0x000001e1   Thumb Code    10  arm_startup_nrf51.o(.text)
    __2printf                                0x0000020d   Thumb Code    22  noretval__2printf.o(.text)
    __printf                                 0x00000229   Thumb Code   108  __printf.o(.text)
    _printf_int_dec                          0x00000295   Thumb Code    90  _printf_dec.o(.text)
    _printf_int_hex                          0x00000301   Thumb Code    84  _printf_hex_int.o(.text)
    _printf_longlong_hex                     0x00000301   Thumb Code     0  _printf_hex_int.o(.text)
    __use_two_region_memory                  0x00000359   Thumb Code     2  heapauxi.o(.text)
    __rt_heap_escrow$2region                 0x0000035b   Thumb Code     2  heapauxi.o(.text)
    __rt_heap_expand$2region                 0x0000035d   Thumb Code     2  heapauxi.o(.text)
    __aeabi_ddiv                             0x00000361   Thumb Code     0  ddiv.o(.text)
    _ddiv                                    0x00000361   Thumb Code  1076  ddiv.o(.text)
    _drdiv                                   0x00000795   Thumb Code    20  ddiv.o(.text)
    __aeabi_d2iz                             0x000007ad   Thumb Code     0  dfixi.o(.text)
    _dfix                                    0x000007ad   Thumb Code    96  dfixi.o(.text)
    __aeabi_i2d_normalise                    0x00000819   Thumb Code    66  dflti.o(.text)
    __aeabi_i2d                              0x0000085b   Thumb Code    16  dflti.o(.text)
    _dflt                                    0x0000085b   Thumb Code     0  dflti.o(.text)
    __aeabi_ui2d                             0x0000086b   Thumb Code     6  dflti.o(.text)
    _dfltu                                   0x0000086b   Thumb Code     0  dflti.o(.text)
    _printf_int_common                       0x00000871   Thumb Code   176  _printf_intcommon.o(.text)
    _printf_char_file                        0x00000921   Thumb Code    34  _printf_char_file.o(.text)
    __rt_udiv10                              0x00000949   Thumb Code    40  rtudiv10.o(.text)
    _printf_char_common                      0x0000097b   Thumb Code    32  _printf_char_common.o(.text)
    ferror                                   0x000009a1   Thumb Code     8  ferror.o(.text)
    __user_setup_stackheap                   0x000009a9   Thumb Code    62  sys_stackheap_outer.o(.text)
    exit                                     0x000009e7   Thumb Code    12  exit.o(.text)
    __user_libspace                          0x000009f5   Thumb Code     8  libspace.o(.text)
    __user_perproc_libspace                  0x000009f5   Thumb Code     0  libspace.o(.text)
    __user_perthread_libspace                0x000009f5   Thumb Code     0  libspace.o(.text)
    _sys_exit                                0x000009fd   Thumb Code     8  sys_exit.o(.text)
    __I$use$semihosting                      0x00000a09   Thumb Code     0  use_no_semi.o(.text)
    __use_no_semihosting_swi                 0x00000a09   Thumb Code     2  use_no_semi.o(.text)
    LED_BT_blue                              0x00000a0b   Thumb Code    30  main.o(i.LED_BT_blue)
    __semihosting_library_function           0x00000a0b   Thumb Code     0  indicate_semi.o(.text)
    LED_PWR_green                            0x00000a29   Thumb Code    28  main.o(i.LED_PWR_green)
    LED_indicator_init                       0x00000a45   Thumb Code    34  main.o(i.LED_indicator_init)
    LED_vertBoard_init                       0x00000a67   Thumb Code    34  main.o(i.LED_vertBoard_init)
    MUX_init                                 0x00000a89   Thumb Code    28  main.o(i.MUX_init)
    MUX_set                                  0x00000aa5   Thumb Code    82  main.o(i.MUX_set)
    RGBW_get                                 0x00000af9   Thumb Code   230  main.o(i.RGBW_get)
    RGBW_on                                  0x00000c55   Thumb Code    30  main.o(i.RGBW_on)
    SPI0_TWI0_IRQHandler                     0x00000c75   Thumb Code    12  nrf_drv_twi.o(i.SPI0_TWI0_IRQHandler)
    SPI1_TWI1_IRQHandler                     0x00000c89   Thumb Code    12  nrf_drv_twi.o(i.SPI1_TWI1_IRQHandler)
    SystemInit                               0x00000c9d   Thumb Code   130  system_nrf51.o(i.SystemInit)
    UART0_IRQHandler                         0x00000d3d   Thumb Code    12  nrf_drv_uart.o(i.UART0_IRQHandler)
    app_error_fault_handler                  0x00000d51   Thumb Code    18  app_error_weak.o(i.app_error_fault_handler)
    app_error_handler_bare                   0x00000d6d   Thumb Code    20  app_error.o(i.app_error_handler_bare)
    app_fifo_get                             0x00000d85   Thumb Code    22  app_fifo.o(i.app_fifo_get)
    app_fifo_init                            0x00000d9b   Thumb Code    36  app_fifo.o(i.app_fifo_init)
    app_fifo_put                             0x00000dbf   Thumb Code    26  app_fifo.o(i.app_fifo_put)
    app_uart_init                            0x00000dd9   Thumb Code   160  app_uart_fifo.o(i.app_uart_init)
    app_uart_put                             0x00000e89   Thumb Code    56  app_uart_fifo.o(i.app_uart_put)
    band_uart_init                           0x00000f41   Thumb Code    60  main.o(i.band_uart_init)
    fputc                                    0x00000fbf   Thumb Code    14  retarget.o(i.fputc)
    main                                     0x000010c1   Thumb Code   140  main.o(i.main)
    nrf_drv_common_irq_enable                0x000011b5   Thumb Code    78  nrf_drv_common.o(i.nrf_drv_common_irq_enable)
    nrf_drv_twi_enable                       0x00001215   Thumb Code    28  nrf_drv_twi.o(i.nrf_drv_twi_enable)
    nrf_drv_twi_init                         0x00001235   Thumb Code   124  nrf_drv_twi.o(i.nrf_drv_twi_init)
    nrf_drv_twi_rx                           0x000012bd   Thumb Code    30  nrf_drv_twi.o(i.nrf_drv_twi_rx)
    nrf_drv_twi_tx                           0x000012e1   Thumb Code    36  nrf_drv_twi.o(i.nrf_drv_twi_tx)
    nrf_drv_twi_xfer                         0x00001305   Thumb Code    36  nrf_drv_twi.o(i.nrf_drv_twi_xfer)
    nrf_drv_uart_init                        0x0000132d   Thumb Code   118  nrf_drv_uart.o(i.nrf_drv_uart_init)
    nrf_drv_uart_rx                          0x000013ad   Thumb Code    86  nrf_drv_uart.o(i.nrf_drv_uart_rx)
    nrf_drv_uart_rx_enable                   0x00001409   Thumb Code    40  nrf_drv_uart.o(i.nrf_drv_uart_rx_enable)
    nrf_drv_uart_tx                          0x000014dd   Thumb Code    46  nrf_drv_uart.o(i.nrf_drv_uart_tx)
    nrf_drv_uart_tx_in_progress              0x0000159d   Thumb Code    20  nrf_drv_uart.o(i.nrf_drv_uart_tx_in_progress)
    readi2cHighLow                           0x000016bd   Thumb Code    42  main.o(i.readi2cHighLow)
    readi2cOneByte                           0x000016ed   Thumb Code    42  main.o(i.readi2cOneByte)
    scan_twi                                 0x00001771   Thumb Code    38  main.o(i.scan_twi)
    twi1_init                                0x000017c5   Thumb Code    44  main.o(i.twi1_init)
    twi_init                                 0x00001889   Thumb Code    40  main.o(i.twi_init)
    uart_error_handle                        0x00001c03   Thumb Code    20  main.o(i.uart_error_handle)
    writei2c                                 0x00001de5   Thumb Code    26  main.o(i.writei2c)
    writei2cSingle                           0x00001e05   Thumb Code    26  main.o(i.writei2cSingle)
    __I$use$fp                               0x00001e24   Number         0  usenofp.o(x$fpl$usenofp)
    Region$$Table$$Base                      0x00001f40   Number         0  anon$$obj.o(Region$$Table)
    Region$$Table$$Limit                     0x00001f60   Number         0  anon$$obj.o(Region$$Table)
    SystemCoreClock                          0x20000000   Data           4  system_nrf51.o(.data)
    __stdout                                 0x20000014   Data           4  retarget.o(.data)
    __libspace_start                         0x200002bc   Data          96  libspace.o(.bss)
    __temporary_stack_top$libspace           0x2000031c   Data           0  libspace.o(.bss)



==============================================================================

Memory Map of the image

  Image Entry point : 0x000000c1

  Load Region LR_IROM1 (Base: 0x00000000, Size: 0x00001f78, Max: 0x00040000, ABSOLUTE)

    Execution Region ER_IROM1 (Base: 0x00000000, Size: 0x00001f60, Max: 0x00040000, ABSOLUTE)

    Base Addr    Size         Type   Attr      Idx    E Section Name        Object

    0x00000000   0x000000c0   Data   RO          321    RESET               arm_startup_nrf51.o
    0x000000c0   0x00000008   Code   RO         1346  * !!!main             c_p.l(__main.o)
    0x000000c8   0x0000003c   Code   RO         1525    !!!scatter          c_p.l(__scatter.o)
    0x00000104   0x0000001a   Code   RO         1527    !!handler_copy      c_p.l(__scatter_copy.o)
    0x0000011e   0x00000002   PAD
    0x00000120   0x0000001c   Code   RO         1529    !!handler_zi        c_p.l(__scatter_zi.o)
    0x0000013c   0x00000002   Code   RO         1335    .ARM.Collect$$_printf_percent$$00000000  c_p.l(_printf_percent.o)
    0x0000013e   0x0000000a   Code   RO         1334    .ARM.Collect$$_printf_percent$$00000009  c_p.l(_printf_d.o)
    0x00000148   0x0000000a   Code   RO         1333    .ARM.Collect$$_printf_percent$$0000000C  c_p.l(_printf_x.o)
    0x00000152   0x00000004   Code   RO         1360    .ARM.Collect$$_printf_percent$$00000017  c_p.l(_printf_percent_end.o)
    0x00000156   0x00000002   Code   RO         1397    .ARM.Collect$$libinit$$00000000  c_p.l(libinit.o)
    0x00000158   0x00000004   Code   RO         1404    .ARM.Collect$$libinit$$00000001  c_p.l(libinit2.o)
    0x0000015c   0x00000000   Code   RO         1408    .ARM.Collect$$libinit$$00000008  c_p.l(libinit2.o)
    0x0000015c   0x00000000   Code   RO         1410    .ARM.Collect$$libinit$$0000000A  c_p.l(libinit2.o)
    0x0000015c   0x00000000   Code   RO         1412    .ARM.Collect$$libinit$$0000000C  c_p.l(libinit2.o)
    0x0000015c   0x00000000   Code   RO         1415    .ARM.Collect$$libinit$$0000000F  c_p.l(libinit2.o)
    0x0000015c   0x00000000   Code   RO         1417    .ARM.Collect$$libinit$$00000011  c_p.l(libinit2.o)
    0x0000015c   0x00000000   Code   RO         1419    .ARM.Collect$$libinit$$00000013  c_p.l(libinit2.o)
    0x0000015c   0x00000000   Code   RO         1421    .ARM.Collect$$libinit$$00000015  c_p.l(libinit2.o)
    0x0000015c   0x00000000   Code   RO         1423    .ARM.Collect$$libinit$$00000017  c_p.l(libinit2.o)
    0x0000015c   0x00000000   Code   RO         1425    .ARM.Collect$$libinit$$00000019  c_p.l(libinit2.o)
    0x0000015c   0x00000000   Code   RO         1427    .ARM.Collect$$libinit$$0000001B  c_p.l(libinit2.o)
    0x0000015c   0x00000000   Code   RO         1429    .ARM.Collect$$libinit$$0000001D  c_p.l(libinit2.o)
    0x0000015c   0x00000000   Code   RO         1431    .ARM.Collect$$libinit$$0000001F  c_p.l(libinit2.o)
    0x0000015c   0x00000000   Code   RO         1433    .ARM.Collect$$libinit$$00000021  c_p.l(libinit2.o)
    0x0000015c   0x00000000   Code   RO         1435    .ARM.Collect$$libinit$$00000023  c_p.l(libinit2.o)
    0x0000015c   0x00000000   Code   RO         1439    .ARM.Collect$$libinit$$0000002A  c_p.l(libinit2.o)
    0x0000015c   0x00000000   Code   RO         1441    .ARM.Collect$$libinit$$0000002C  c_p.l(libinit2.o)
    0x0000015c   0x00000000   Code   RO         1443    .ARM.Collect$$libinit$$0000002E  c_p.l(libinit2.o)
    0x0000015c   0x00000000   Code   RO         1445    .ARM.Collect$$libinit$$00000030  c_p.l(libinit2.o)
    0x0000015c   0x00000002   Code   RO         1446    .ARM.Collect$$libinit$$00000031  c_p.l(libinit2.o)
    0x0000015e   0x00000002   Code   RO         1466    .ARM.Collect$$libshutdown$$00000000  c_p.l(libshutdown.o)
    0x00000160   0x00000000   Code   RO         1480    .ARM.Collect$$libshutdown$$00000003  c_p.l(libshutdown2.o)
    0x00000160   0x00000000   Code   RO         1483    .ARM.Collect$$libshutdown$$00000006  c_p.l(libshutdown2.o)
    0x00000160   0x00000000   Code   RO         1486    .ARM.Collect$$libshutdown$$00000009  c_p.l(libshutdown2.o)
    0x00000160   0x00000000   Code   RO         1488    .ARM.Collect$$libshutdown$$0000000B  c_p.l(libshutdown2.o)
    0x00000160   0x00000000   Code   RO         1491    .ARM.Collect$$libshutdown$$0000000E  c_p.l(libshutdown2.o)
    0x00000160   0x00000002   Code   RO         1492    .ARM.Collect$$libshutdown$$0000000F  c_p.l(libshutdown2.o)
    0x00000162   0x00000000   Code   RO         1355    .ARM.Collect$$rtentry$$00000000  c_p.l(rtentry.o)
    0x00000162   0x00000000   Code   RO         1365    .ARM.Collect$$rtentry$$00000002  c_p.l(rtentry2.o)
    0x00000162   0x00000006   Code   RO         1377    .ARM.Collect$$rtentry$$00000004  c_p.l(rtentry4.o)
    0x00000168   0x00000000   Code   RO         1367    .ARM.Collect$$rtentry$$00000009  c_p.l(rtentry2.o)
    0x00000168   0x00000004   Code   RO         1368    .ARM.Collect$$rtentry$$0000000A  c_p.l(rtentry2.o)
    0x0000016c   0x00000000   Code   RO         1370    .ARM.Collect$$rtentry$$0000000C  c_p.l(rtentry2.o)
    0x0000016c   0x00000008   Code   RO         1371    .ARM.Collect$$rtentry$$0000000D  c_p.l(rtentry2.o)
    0x00000174   0x00000002   Code   RO         1402    .ARM.Collect$$rtexit$$00000000  c_p.l(rtexit.o)
    0x00000176   0x00000000   Code   RO         1448    .ARM.Collect$$rtexit$$00000002  c_p.l(rtexit2.o)
    0x00000176   0x00000004   Code   RO         1449    .ARM.Collect$$rtexit$$00000003  c_p.l(rtexit2.o)
    0x0000017a   0x00000006   Code   RO         1450    .ARM.Collect$$rtexit$$00000004  c_p.l(rtexit2.o)
    0x00000180   0x00000038   Code   RO         1340    .emb_text           c_p.l(rt_memcpy.o)
    0x000001b8   0x00000054   Code   RO          322    .text               arm_startup_nrf51.o
    0x0000020c   0x0000001c   Code   RO         1286    .text               c_p.l(noretval__2printf.o)
    0x00000228   0x0000006c   Code   RO         1288    .text               c_p.l(__printf.o)
    0x00000294   0x0000006c   Code   RO         1290    .text               c_p.l(_printf_dec.o)
    0x00000300   0x00000058   Code   RO         1295    .text               c_p.l(_printf_hex_int.o)
    0x00000358   0x00000006   Code   RO         1344    .text               c_p.l(heapauxi.o)
    0x0000035e   0x00000002   PAD
    0x00000360   0x0000044c   Code   RO         1348    .text               fz_ps.l(ddiv.o)
    0x000007ac   0x0000006c   Code   RO         1351    .text               fz_ps.l(dfixi.o)
    0x00000818   0x00000058   Code   RO         1353    .text               fz_ps.l(dflti.o)
    0x00000870   0x000000b0   Code   RO         1356    .text               c_p.l(_printf_intcommon.o)
    0x00000920   0x00000028   Code   RO         1358    .text               c_p.l(_printf_char_file.o)
    0x00000948   0x00000028   Code   RO         1361    .text               c_p.l(rtudiv10.o)
    0x00000970   0x00000030   Code   RO         1379    .text               c_p.l(_printf_char_common.o)
    0x000009a0   0x00000008   Code   RO         1381    .text               c_p.l(ferror.o)
    0x000009a8   0x0000003e   Code   RO         1385    .text               c_p.l(sys_stackheap_outer.o)
    0x000009e6   0x0000000c   Code   RO         1390    .text               c_p.l(exit.o)
    0x000009f2   0x00000002   PAD
    0x000009f4   0x00000008   Code   RO         1398    .text               c_p.l(libspace.o)
    0x000009fc   0x0000000c   Code   RO         1458    .text               c_p.l(sys_exit.o)
    0x00000a08   0x00000002   Code   RO         1469    .text               c_p.l(use_no_semi.o)
    0x00000a0a   0x00000000   Code   RO         1471    .text               c_p.l(indicate_semi.o)
    0x00000a0a   0x0000001e   Code   RO            7    i.LED_BT_blue       main.o
    0x00000a28   0x0000001c   Code   RO            9    i.LED_PWR_green     main.o
    0x00000a44   0x00000022   Code   RO           13    i.LED_indicator_init  main.o
    0x00000a66   0x00000022   Code   RO           14    i.LED_vertBoard_init  main.o
    0x00000a88   0x0000001c   Code   RO           15    i.MUX_init          main.o
    0x00000aa4   0x00000052   Code   RO           16    i.MUX_set           main.o
    0x00000af6   0x00000002   PAD
    0x00000af8   0x0000015c   Code   RO           17    i.RGBW_get          main.o
    0x00000c54   0x0000001e   Code   RO           19    i.RGBW_on           main.o
    0x00000c72   0x00000002   PAD
    0x00000c74   0x00000014   Code   RO          417    i.SPI0_TWI0_IRQHandler  nrf_drv_twi.o
    0x00000c88   0x00000014   Code   RO          418    i.SPI1_TWI1_IRQHandler  nrf_drv_twi.o
    0x00000c9c   0x000000a0   Code   RO          329    i.SystemInit        system_nrf51.o
    0x00000d3c   0x00000014   Code   RO          617    i.UART0_IRQHandler  nrf_drv_uart.o
    0x00000d50   0x0000001c   Code   RO          847    i.app_error_fault_handler  app_error_weak.o
    0x00000d6c   0x00000018   Code   RO          809    i.app_error_handler_bare  app_error.o
    0x00000d84   0x00000016   Code   RO         1035    i.app_fifo_get      app_fifo.o
    0x00000d9a   0x00000024   Code   RO         1036    i.app_fifo_init     app_fifo.o
    0x00000dbe   0x0000001a   Code   RO         1038    i.app_fifo_put      app_fifo.o
    0x00000dd8   0x000000b0   Code   RO          935    i.app_uart_init     app_uart_fifo.o
    0x00000e88   0x00000040   Code   RO          936    i.app_uart_put      app_uart_fifo.o
    0x00000ec8   0x00000076   Code   RO          618    i.apply_config      nrf_drv_uart.o
    0x00000f3e   0x00000002   PAD
    0x00000f40   0x00000058   Code   RO           20    i.band_uart_init    main.o
    0x00000f98   0x00000014   Code   RO         1041    i.fifo_get          app_fifo.o
    0x00000fac   0x00000012   Code   RO         1042    i.fifo_put          app_fifo.o
    0x00000fbe   0x0000000e   Code   RO         1001    i.fputc             retarget.o
    0x00000fcc   0x000000ac   Code   RO          419    i.irq_handler_twi   nrf_drv_twi.o
    0x00001078   0x00000048   Code   RO          330    i.is_manual_peripheral_setup_needed  system_nrf51.o
    0x000010c0   0x00000090   Code   RO           21    i.main              main.o
    0x00001150   0x00000034   Code   RO           22    i.nrf_delay_ms      main.o
    0x00001184   0x00000030   Code   RO          420    i.nrf_delay_us      nrf_drv_twi.o
    0x000011b4   0x00000060   Code   RO          368    i.nrf_drv_common_irq_enable  nrf_drv_common.o
    0x00001214   0x00000020   Code   RO          423    i.nrf_drv_twi_enable  nrf_drv_twi.o
    0x00001234   0x00000088   Code   RO          424    i.nrf_drv_twi_init  nrf_drv_twi.o
    0x000012bc   0x00000024   Code   RO          425    i.nrf_drv_twi_rx    nrf_drv_twi.o
    0x000012e0   0x00000024   Code   RO          428    i.nrf_drv_twi_tx    nrf_drv_twi.o
    0x00001304   0x00000028   Code   RO          430    i.nrf_drv_twi_xfer  nrf_drv_twi.o
    0x0000132c   0x00000080   Code   RO          620    i.nrf_drv_uart_init  nrf_drv_uart.o
    0x000013ac   0x0000005c   Code   RO          621    i.nrf_drv_uart_rx   nrf_drv_uart.o
    0x00001408   0x0000002c   Code   RO          624    i.nrf_drv_uart_rx_enable  nrf_drv_uart.o
    0x00001434   0x000000a8   Code   RO          625    i.nrf_drv_uart_rx_for_uart  nrf_drv_uart.o
    0x000014dc   0x00000034   Code   RO          626    i.nrf_drv_uart_tx   nrf_drv_uart.o
    0x00001510   0x0000008c   Code   RO          628    i.nrf_drv_uart_tx_for_uart  nrf_drv_uart.o
    0x0000159c   0x00000018   Code   RO          629    i.nrf_drv_uart_tx_in_progress  nrf_drv_uart.o
    0x000015b4   0x00000028   Code   RO          631    i.nrf_gpio_cfg      nrf_drv_uart.o
    0x000015dc   0x00000012   Code   RO          633    i.nrf_gpio_cfg_input  nrf_drv_uart.o
    0x000015ee   0x00000014   Code   RO           23    i.nrf_gpio_cfg_output  main.o
    0x00001602   0x00000014   Code   RO          634    i.nrf_gpio_cfg_output  nrf_drv_uart.o
    0x00001616   0x00000002   PAD
    0x00001618   0x00000010   Code   RO           24    i.nrf_gpio_pin_clear  main.o
    0x00001628   0x00000010   Code   RO          431    i.nrf_gpio_pin_clear  nrf_drv_twi.o
    0x00001638   0x00000010   Code   RO           25    i.nrf_gpio_pin_set  main.o
    0x00001648   0x00000010   Code   RO          432    i.nrf_gpio_pin_set  nrf_drv_twi.o
    0x00001658   0x00000010   Code   RO          635    i.nrf_gpio_pin_set  nrf_drv_uart.o
    0x00001668   0x0000000c   Code   RO          433    i.nrf_twi_errorsrc_get_and_clear  nrf_drv_twi.o
    0x00001674   0x0000000a   Code   RO          434    i.nrf_twi_event_check  nrf_drv_twi.o
    0x0000167e   0x0000000c   Code   RO          636    i.nrf_uart_errorsrc_get_and_clear  nrf_drv_uart.o
    0x0000168a   0x0000000a   Code   RO          637    i.nrf_uart_event_check  nrf_drv_uart.o
    0x00001694   0x0000000c   Code   RO          638    i.nrf_uart_hwfc_pins_set  nrf_drv_uart.o
    0x000016a0   0x00000010   Code   RO          639    i.nrf_uart_int_enable_check  nrf_drv_uart.o
    0x000016b0   0x0000000c   Code   RO          640    i.nrf_uart_txrx_pins_set  nrf_drv_uart.o
    0x000016bc   0x00000030   Code   RO           26    i.readi2cHighLow    main.o
    0x000016ec   0x00000030   Code   RO           27    i.readi2cOneByte    main.o
    0x0000171c   0x00000026   Code   RO          641    i.rx_byte           nrf_drv_uart.o
    0x00001742   0x00000014   Code   RO          642    i.rx_done_event     nrf_drv_uart.o
    0x00001756   0x0000001a   Code   RO          643    i.rx_enable         nrf_drv_uart.o
    0x00001770   0x00000054   Code   RO           29    i.scan_twi          main.o
    0x000017c4   0x00000030   Code   RO           30    i.twi1_init         main.o
    0x000017f4   0x00000094   Code   RO          435    i.twi_clear_bus     nrf_drv_twi.o
    0x00001888   0x0000002c   Code   RO           31    i.twi_init          main.o
    0x000018b4   0x00000020   Code   RO          436    i.twi_process_error  nrf_drv_twi.o
    0x000018d4   0x0000009c   Code   RO          437    i.twi_rx_start_transfer  nrf_drv_twi.o
    0x00001970   0x0000002e   Code   RO          438    i.twi_send_byte     nrf_drv_twi.o
    0x0000199e   0x00000108   Code   RO          439    i.twi_transfer      nrf_drv_twi.o
    0x00001aa6   0x00000002   PAD
    0x00001aa8   0x00000098   Code   RO          440    i.twi_tx_start_transfer  nrf_drv_twi.o
    0x00001b40   0x0000008c   Code   RO          441    i.twi_xfer          nrf_drv_twi.o
    0x00001bcc   0x0000001e   Code   RO          644    i.tx_byte           nrf_drv_uart.o
    0x00001bea   0x00000018   Code   RO          645    i.tx_done_event     nrf_drv_uart.o
    0x00001c02   0x00000014   Code   RO           32    i.uart_error_handle  main.o
    0x00001c16   0x00000002   PAD
    0x00001c18   0x000000a8   Code   RO          937    i.uart_event_handler  app_uart_fifo.o
    0x00001cc0   0x00000124   Code   RO          646    i.uart_irq_handler  nrf_drv_uart.o
    0x00001de4   0x00000020   Code   RO           33    i.writei2c          main.o
    0x00001e04   0x00000020   Code   RO           37    i.writei2cSingle    main.o
    0x00001e24   0x00000000   Code   RO         1363    x$fpl$usenofp       fz_ps.l(usenofp.o)
    0x00001e24   0x00000048   Data   RO           39    .constdata          main.o
    0x00001e6c   0x0000000c   Data   RO          446    .constdata          nrf_drv_twi.o
    0x00001e78   0x00000020   Data   RO          939    .constdata          app_uart_fifo.o
    0x00001e98   0x00000028   Data   RO         1296    .constdata          c_p.l(_printf_hex_int.o)
    0x00001ec0   0x00000080   Data   RO         1349    .constdata          fz_ps.l(ddiv.o)
    0x00001f40   0x00000020   Data   RO         1523    Region$$Table       anon$$obj.o


    Execution Region RW_IRAM1 (Base: 0x20000000, Size: 0x00001320, Max: 0x00008000, ABSOLUTE)

    Base Addr    Size         Type   Attr      Idx    E Section Name        Object

    0x20000000   0x00000004   Data   RW          331    .data               system_nrf51.o
    0x20000004   0x00000010   Data   RW          940    .data               app_uart_fifo.o
    0x20000014   0x00000004   Data   RW         1002    .data               retarget.o
    0x20000018   0x00000218   Zero   RW           38    .bss                main.o
    0x20000230   0x00000050   Zero   RW          442    .bss                nrf_drv_twi.o
    0x20000280   0x0000001c   Zero   RW          647    .bss                nrf_drv_uart.o
    0x2000029c   0x00000020   Zero   RW          938    .bss                app_uart_fifo.o
    0x200002bc   0x00000060   Zero   RW         1399    .bss                c_p.l(libspace.o)
    0x2000031c   0x00000004   PAD
    0x20000320   0x00000800   Zero   RW          320    HEAP                arm_startup_nrf51.o
    0x20000b20   0x00000800   Zero   RW          319    STACK               arm_startup_nrf51.o


==============================================================================

Image component sizes


      Code (inc. data)   RO Data    RW Data    ZI Data      Debug   Object Name

        24          4          0          0          0        617   app_error.o
        28         10          0          0          0       7238   app_error_weak.o
       122          0          0          0          0       3810   app_fifo.o
       408         34         32         16         32       9723   app_uart_fifo.o
        84         36        192          0       4096        792   arm_startup_nrf51.o
      1306        248         72          0        536      49513   main.o
        96         18          0          0          0       7392   nrf_drv_common.o
      1532         92         12          0         80      30087   nrf_drv_twi.o
      1372         54          0          0         28      27922   nrf_drv_uart.o
        14          0          0          4          0       2698   retarget.o
       232         36          0          4          0       2343   system_nrf51.o

    ----------------------------------------------------------------------
      5230        532        340         24       4772     142135   Object Totals
         0          0         32          0          0          0   (incl. Generated)
        12          0          0          0          0          0   (incl. Padding)

    ----------------------------------------------------------------------

      Code (inc. data)   RO Data    RW Data    ZI Data      Debug   Library Member Name

         8          0          0          0          0         68   __main.o
       108          0          0          0          0         76   __printf.o
        60          8          0          0          0          0   __scatter.o
        26          0          0          0          0          0   __scatter_copy.o
        28          0          0          0          0          0   __scatter_zi.o
        48          6          0          0          0         88   _printf_char_common.o
        40          6          0          0          0         72   _printf_char_file.o
        10          0          0          0          0          0   _printf_d.o
       108         18          0          0          0         76   _printf_dec.o
        88          4         40          0          0         72   _printf_hex_int.o
       176          0          0          0          0         84   _printf_intcommon.o
         2          0          0          0          0          0   _printf_percent.o
         4          0          0          0          0          0   _printf_percent_end.o
        10          0          0          0          0          0   _printf_x.o
        12          0          0          0          0         64   exit.o
         8          0          0          0          0         60   ferror.o
         6          0          0          0          0        136   heapauxi.o
         0          0          0          0          0          0   indicate_semi.o
         2          0          0          0          0          0   libinit.o
         6          0          0          0          0          0   libinit2.o
         2          0          0          0          0          0   libshutdown.o
         2          0          0          0          0          0   libshutdown2.o
         8          4          0          0         96         68   libspace.o
        28          6          0          0          0         84   noretval__2printf.o
        56          0          0          0          0         68   rt_memcpy.o
         0          0          0          0          0          0   rtentry.o
        12          0          0          0          0          0   rtentry2.o
         6          0          0          0          0          0   rtentry4.o
         2          0          0          0          0          0   rtexit.o
        10          0          0          0          0          0   rtexit2.o
        40          0          0          0          0         60   rtudiv10.o
        12          4          0          0          0         60   sys_exit.o
        62          0          0          0          0         80   sys_stackheap_outer.o
         2          0          0          0          0         68   use_no_semi.o
      1100         28        128          0          0        116   ddiv.o
       108         12          0          0          0         72   dfixi.o
        88          0          0          0          0         92   dflti.o
         0          0          0          0          0          0   usenofp.o

    ----------------------------------------------------------------------
      2294         96        168          0        100       1564   Library Totals
         6          0          0          0          4          0   (incl. Padding)

    ----------------------------------------------------------------------

      Code (inc. data)   RO Data    RW Data    ZI Data      Debug   Library Name

       992         56         40          0         96       1284   c_p.l
      1296         40        128          0          0        280   fz_ps.l

    ----------------------------------------------------------------------
      2294         96        168          0        100       1564   Library Totals

    ----------------------------------------------------------------------

==============================================================================


      Code (inc. data)   RO Data    RW Data    ZI Data      Debug   

      7524        628        508         24       4872     139391   Grand Totals
      7524        628        508         24       4872     139391   ELF Image Totals
      7524        628        508         24          0          0   ROM Totals

==============================================================================

    Total RO  Size (Code + RO Data)                 8032 (   7.84kB)
    Total RW  Size (RW Data + ZI Data)              4896 (   4.78kB)
    Total ROM Size (Code + RO Data + RW Data)       8056 (   7.87kB)

==============================================================================

