ARM Linker, 5.03 [Build 76] [MDK-ARM Lite]

==============================================================================

Section Cross References

    main.o(i.GPIOEXP0_init) refers to main.o(i.writei2c) for writei2c
    main.o(i.GPIOEXP0_readPort0) refers to main.o(i.readi2cOneByte) for readi2cOneByte
    main.o(i.GPIOEXP1_init) refers to main.o(i.writei2c1) for writei2c1
    main.o(i.GPIOEXP1_readPort0) refers to main.o(i.readi2cOneByte) for readi2cOneByte
    main.o(i.LED_BT_blue) refers to main.o(i.readi2cOneByte) for readi2cOneByte
    main.o(i.LED_BT_blue) refers to main.o(i.writei2cSingle) for writei2cSingle
    main.o(i.LED_BT_green) refers to main.o(i.readi2cOneByte) for readi2cOneByte
    main.o(i.LED_BT_green) refers to main.o(i.writei2cSingle) for writei2cSingle
    main.o(i.LED_BT_off) refers to main.o(i.readi2cOneByte) for readi2cOneByte
    main.o(i.LED_BT_off) refers to main.o(i.writei2cSingle) for writei2cSingle
    main.o(i.LED_PWR_bluegreen) refers to main.o(i.readi2cOneByte) for readi2cOneByte
    main.o(i.LED_PWR_bluegreen) refers to main.o(i.writei2cSingle) for writei2cSingle
    main.o(i.LED_PWR_green) refers to main.o(i.readi2cOneByte) for readi2cOneByte
    main.o(i.LED_PWR_green) refers to main.o(i.writei2cSingle) for writei2cSingle
    main.o(i.LED_PWR_off) refers to main.o(i.readi2cOneByte) for readi2cOneByte
    main.o(i.LED_PWR_off) refers to main.o(i.writei2cSingle) for writei2cSingle
    main.o(i.LED_PWR_red) refers to main.o(i.readi2cOneByte) for readi2cOneByte
    main.o(i.LED_PWR_red) refers to main.o(i.writei2cSingle) for writei2cSingle
    main.o(i.LED_PWR_yellow) refers to main.o(i.readi2cOneByte) for readi2cOneByte
    main.o(i.LED_PWR_yellow) refers to main.o(i.writei2cSingle) for writei2cSingle
    main.o(i.LED_WHITE_on) refers to _printf_percent.o(.ARM.Collect$$_printf_percent$$00000000) for _printf_percent
    main.o(i.LED_WHITE_on) refers to _printf_x.o(.ARM.Collect$$_printf_percent$$0000000C) for _printf_x
    main.o(i.LED_WHITE_on) refers to _printf_hex_int.o(.text) for _printf_longlong_hex
    main.o(i.LED_WHITE_on) refers to main.o(i.GPIOEXP0_readPort0) for GPIOEXP0_readPort0
    main.o(i.LED_WHITE_on) refers to noretval__2printf.o(.text) for __2printf
    main.o(i.LED_WHITE_on) refers to main.o(i.writei2cOneByte) for writei2cOneByte
    main.o(i.LED_demo) refers to main.o(i.LED_indicator_init) for LED_indicator_init
    main.o(i.LED_demo) refers to main.o(i.LED_BT_blue) for LED_BT_blue
    main.o(i.LED_demo) refers to main.o(i.LED_PWR_yellow) for LED_PWR_yellow
    main.o(i.LED_demo) refers to main.o(i.LED_PWR_red) for LED_PWR_red
    main.o(i.LED_demo) refers to main.o(i.nrf_delay_ms) for nrf_delay_ms
    main.o(i.LED_demo) refers to main.o(i.LED_BT_off) for LED_BT_off
    main.o(i.LED_demo) refers to main.o(i.LED_PWR_off) for LED_PWR_off
    main.o(i.LED_demo) refers to main.o(i.LED_PWR_green) for LED_PWR_green
    main.o(i.LED_demo) refers to main.o(i.LED_BT_green) for LED_BT_green
    main.o(i.LED_demo) refers to main.o(i.nrf_gpio_pin_read) for nrf_gpio_pin_read
    main.o(i.LED_indicator_init) refers to main.o(i.writei2cSingle) for writei2cSingle
    main.o(i.LED_vertBoard_init) refers to main.o(i.writei2cSingle) for writei2cSingle
    main.o(i.MUX_init) refers to main.o(i.nrf_gpio_cfg_output) for nrf_gpio_cfg_output
    main.o(i.MUX_set) refers to main.o(i.nrf_gpio_pin_set) for nrf_gpio_pin_set
    main.o(i.MUX_set) refers to main.o(i.nrf_gpio_pin_clear) for nrf_gpio_pin_clear
    main.o(i.RGBW_get) refers to _printf_percent.o(.ARM.Collect$$_printf_percent$$00000000) for _printf_percent
    main.o(i.RGBW_get) refers to _printf_x.o(.ARM.Collect$$_printf_percent$$0000000C) for _printf_x
    main.o(i.RGBW_get) refers to _printf_hex_int.o(.text) for _printf_longlong_hex
    main.o(i.RGBW_get) refers to main.o(i.readi2cHighLow) for readi2cHighLow
    main.o(i.RGBW_get) refers to dflti.o(.text) for __aeabi_ui2d
    main.o(i.RGBW_get) refers to ddiv.o(.text) for __aeabi_ddiv
    main.o(i.RGBW_get) refers to dfixi.o(.text) for __aeabi_d2iz
    main.o(i.RGBW_get) refers to noretval__2printf.o(.text) for __2printf
    main.o(i.RGBW_get) refers to main.o(.bss) for .bss
    main.o(i.RGBW_off) refers to main.o(i.writei2c) for writei2c
    main.o(i.RGBW_off) refers to main.o(i.readi2cHighLow) for readi2cHighLow
    main.o(i.RGBW_on) refers to main.o(i.writei2c) for writei2c
    main.o(i.RGBW_on) refers to main.o(i.readi2cHighLow) for readi2cHighLow
    main.o(i.VIBRO_test) refers to main.o(i.nrf_gpio_cfg_output) for nrf_gpio_cfg_output
    main.o(i.VIBRO_test) refers to main.o(i.nrf_gpio_pin_set) for nrf_gpio_pin_set
    main.o(i.VIBRO_test) refers to main.o(i.nrf_delay_ms) for nrf_delay_ms
    main.o(i.VIBRO_test) refers to main.o(i.nrf_gpio_pin_clear) for nrf_gpio_pin_clear
    main.o(i.band_uart_init) refers to rt_memcpy.o(.emb_text) for __aeabi_memcpy4
    main.o(i.band_uart_init) refers to app_uart_fifo.o(i.app_uart_init) for app_uart_init
    main.o(i.band_uart_init) refers to app_error.o(i.app_error_handler_bare) for app_error_handler_bare
    main.o(i.band_uart_init) refers to noretval__2printf.o(.text) for __2printf
    main.o(i.band_uart_init) refers to main.o(.constdata) for .constdata
    main.o(i.band_uart_init) refers to main.o(.bss) for .bss
    main.o(i.band_uart_init) refers to main.o(i.uart_error_handle) for uart_error_handle
    main.o(i.button_init_interrupt) refers to app_error.o(i.app_error_handler_bare) for app_error_handler_bare
    main.o(i.button_init_interrupt) refers to main.o(.constdata) for .constdata
    main.o(i.button_init_interrupt) refers to main.o(i.in_pin_handler) for in_pin_handler
    main.o(i.button_init_simple) refers to main.o(i.nrf_gpio_cfg_input) for nrf_gpio_cfg_input
    main.o(i.in_pin_handler) refers to main.o(i.LED_BT_blue) for LED_BT_blue
    main.o(i.main) refers to main.o(i.MUX_init) for MUX_init
    main.o(i.main) refers to main.o(i.MUX_set) for MUX_set
    main.o(i.main) refers to main.o(i.band_uart_init) for band_uart_init
    main.o(i.main) refers to main.o(i.twi_init) for twi_init
    main.o(i.main) refers to main.o(i.nrf_delay_ms) for nrf_delay_ms
    main.o(i.main) refers to main.o(i.scan_twi) for scan_twi
    main.o(i.main) refers to main.o(i.button_init_interrupt) for button_init_interrupt
    main.o(i.main) refers to main.o(i.LED_indicator_init) for LED_indicator_init
    main.o(i.main) refers to main.o(i.LED_PWR_yellow) for LED_PWR_yellow
    main.o(i.main) refers to main.o(i.LED_vertBoard_init) for LED_vertBoard_init
    main.o(i.main) refers to main.o(i.writei2cSingle) for writei2cSingle
    main.o(i.main) refers to main.o(i.RGBW_on) for RGBW_on
    main.o(i.main) refers to main.o(i.RGBW_get) for RGBW_get
    main.o(i.nrf_delay_ms) refers to system_nrf51.o(.data) for SystemCoreClock
    main.o(i.nrf_gpio_cfg_input) refers to main.o(i.nrf_gpio_cfg) for nrf_gpio_cfg
    main.o(i.nrf_gpio_cfg_output) refers to main.o(i.nrf_gpio_cfg) for nrf_gpio_cfg
    main.o(i.readi2cHighLow) refers to nrf_drv_twi.o(i.nrf_drv_twi_tx) for nrf_drv_twi_tx
    main.o(i.readi2cHighLow) refers to nrf_drv_twi.o(i.nrf_drv_twi_rx) for nrf_drv_twi_rx
    main.o(i.readi2cHighLow) refers to main.o(.constdata) for .constdata
    main.o(i.readi2cOneByte) refers to nrf_drv_twi.o(i.nrf_drv_twi_tx) for nrf_drv_twi_tx
    main.o(i.readi2cOneByte) refers to nrf_drv_twi.o(i.nrf_drv_twi_rx) for nrf_drv_twi_rx
    main.o(i.readi2cOneByte) refers to main.o(.constdata) for .constdata
    main.o(i.readi2cOneByte1) refers to nrf_drv_twi.o(i.nrf_drv_twi_tx) for nrf_drv_twi_tx
    main.o(i.readi2cOneByte1) refers to nrf_drv_twi.o(i.nrf_drv_twi_rx) for nrf_drv_twi_rx
    main.o(i.readi2cOneByte1) refers to main.o(.constdata) for .constdata
    main.o(i.scan_twi) refers to _printf_percent.o(.ARM.Collect$$_printf_percent$$00000000) for _printf_percent
    main.o(i.scan_twi) refers to _printf_x.o(.ARM.Collect$$_printf_percent$$0000000C) for _printf_x
    main.o(i.scan_twi) refers to _printf_hex_int.o(.text) for _printf_longlong_hex
    main.o(i.scan_twi) refers to nrf_drv_twi.o(i.nrf_drv_twi_rx) for nrf_drv_twi_rx
    main.o(i.scan_twi) refers to noretval__2printf.o(.text) for __2printf
    main.o(i.scan_twi) refers to main.o(.constdata) for .constdata
    main.o(i.scan_twi1) refers to _printf_percent.o(.ARM.Collect$$_printf_percent$$00000000) for _printf_percent
    main.o(i.scan_twi1) refers to _printf_x.o(.ARM.Collect$$_printf_percent$$0000000C) for _printf_x
    main.o(i.scan_twi1) refers to _printf_hex_int.o(.text) for _printf_longlong_hex
    main.o(i.scan_twi1) refers to nrf_drv_twi.o(i.nrf_drv_twi_rx) for nrf_drv_twi_rx
    main.o(i.scan_twi1) refers to noretval__2printf.o(.text) for __2printf
    main.o(i.scan_twi1) refers to main.o(.constdata) for .constdata
    main.o(i.twi1_init) refers to nrf_drv_twi.o(i.nrf_drv_twi_init) for nrf_drv_twi_init
    main.o(i.twi1_init) refers to app_error.o(i.app_error_handler_bare) for app_error_handler_bare
    main.o(i.twi1_init) refers to nrf_drv_twi.o(i.nrf_drv_twi_enable) for nrf_drv_twi_enable
    main.o(i.twi1_init) refers to main.o(.constdata) for .constdata
    main.o(i.twi_init) refers to nrf_drv_twi.o(i.nrf_drv_twi_init) for nrf_drv_twi_init
    main.o(i.twi_init) refers to app_error.o(i.app_error_handler_bare) for app_error_handler_bare
    main.o(i.twi_init) refers to nrf_drv_twi.o(i.nrf_drv_twi_enable) for nrf_drv_twi_enable
    main.o(i.twi_init) refers to main.o(.constdata) for .constdata
    main.o(i.uart_error_handle) refers to app_error.o(i.app_error_handler_bare) for app_error_handler_bare
    main.o(i.vibro_init) refers to main.o(i.nrf_gpio_cfg_output) for nrf_gpio_cfg_output
    main.o(i.vibro_start) refers to main.o(i.nrf_gpio_pin_set) for nrf_gpio_pin_set
    main.o(i.vibro_stop) refers to main.o(i.nrf_gpio_pin_clear) for nrf_gpio_pin_clear
    main.o(i.writei2c) refers to nrf_drv_twi.o(i.nrf_drv_twi_tx) for nrf_drv_twi_tx
    main.o(i.writei2c) refers to main.o(.constdata) for .constdata
    main.o(i.writei2c1) refers to nrf_drv_twi.o(i.nrf_drv_twi_tx) for nrf_drv_twi_tx
    main.o(i.writei2c1) refers to main.o(.constdata) for .constdata
    main.o(i.writei2cOneByte) refers to nrf_drv_twi.o(i.nrf_drv_twi_tx) for nrf_drv_twi_tx
    main.o(i.writei2cOneByte) refers to main.o(.constdata) for .constdata
    main.o(i.writei2cOneByte1) refers to nrf_drv_twi.o(i.nrf_drv_twi_tx) for nrf_drv_twi_tx
    main.o(i.writei2cOneByte1) refers to main.o(.constdata) for .constdata
    main.o(i.writei2cSingle) refers to nrf_drv_twi.o(i.nrf_drv_twi_tx) for nrf_drv_twi_tx
    main.o(i.writei2cSingle) refers to main.o(.constdata) for .constdata
    arm_startup_nrf51.o(STACK) refers (Special) to heapauxi.o(.text) for __use_two_region_memory
    arm_startup_nrf51.o(HEAP) refers (Special) to heapauxi.o(.text) for __use_two_region_memory
    arm_startup_nrf51.o(RESET) refers (Special) to heapauxi.o(.text) for __use_two_region_memory
    arm_startup_nrf51.o(RESET) refers to arm_startup_nrf51.o(STACK) for __initial_sp
    arm_startup_nrf51.o(RESET) refers to arm_startup_nrf51.o(.text) for Reset_Handler
    arm_startup_nrf51.o(RESET) refers to nrf_drv_uart.o(i.UART0_IRQHandler) for UART0_IRQHandler
    arm_startup_nrf51.o(RESET) refers to nrf_drv_twi.o(i.SPI0_TWI0_IRQHandler) for SPI0_TWI0_IRQHandler
    arm_startup_nrf51.o(RESET) refers to nrf_drv_twi.o(i.SPI1_TWI1_IRQHandler) for SPI1_TWI1_IRQHandler
    arm_startup_nrf51.o(.text) refers (Special) to heapauxi.o(.text) for __use_two_region_memory
    arm_startup_nrf51.o(.text) refers to system_nrf51.o(i.SystemInit) for SystemInit
    arm_startup_nrf51.o(.text) refers to __main.o(!!!main) for __main
    arm_startup_nrf51.o(.text) refers to arm_startup_nrf51.o(HEAP) for Heap_Mem
    arm_startup_nrf51.o(.text) refers to arm_startup_nrf51.o(STACK) for Stack_Mem
    system_nrf51.o(i.SystemCoreClockUpdate) refers to system_nrf51.o(.data) for .data
    system_nrf51.o(i.SystemInit) refers to system_nrf51.o(i.is_manual_peripheral_setup_needed) for is_manual_peripheral_setup_needed
    nrf_drv_twi.o(i.SPI0_TWI0_IRQHandler) refers to nrf_drv_twi.o(i.irq_handler_twi) for irq_handler_twi
    nrf_drv_twi.o(i.SPI0_TWI0_IRQHandler) refers to nrf_drv_twi.o(.bss) for .bss
    nrf_drv_twi.o(i.SPI1_TWI1_IRQHandler) refers to nrf_drv_twi.o(i.irq_handler_twi) for irq_handler_twi
    nrf_drv_twi.o(i.SPI1_TWI1_IRQHandler) refers to nrf_drv_twi.o(.bss) for .bss
    nrf_drv_twi.o(i.irq_handler_twi) refers to nrf_drv_twi.o(i.twi_transfer) for twi_transfer
    nrf_drv_twi.o(i.irq_handler_twi) refers to nrf_drv_twi.o(i.twi_rx_start_transfer) for twi_rx_start_transfer
    nrf_drv_twi.o(i.irq_handler_twi) refers to nrf_drv_twi.o(i.twi_tx_start_transfer) for twi_tx_start_transfer
    nrf_drv_twi.o(i.irq_handler_twi) refers to nrf_drv_twi.o(i.nrf_twi_errorsrc_get_and_clear) for nrf_twi_errorsrc_get_and_clear
    nrf_drv_twi.o(i.nrf_delay_us) refers to system_nrf51.o(.data) for SystemCoreClock
    nrf_drv_twi.o(i.nrf_drv_twi_data_count_get) refers to nrf_drv_twi.o(.bss) for .bss
    nrf_drv_twi.o(i.nrf_drv_twi_disable) refers to nrf_drv_twi.o(.bss) for .bss
    nrf_drv_twi.o(i.nrf_drv_twi_enable) refers to nrf_drv_twi.o(.bss) for .bss
    nrf_drv_twi.o(i.nrf_drv_twi_init) refers to nrf_drv_twi.o(i.twi_clear_bus) for twi_clear_bus
    nrf_drv_twi.o(i.nrf_drv_twi_init) refers to nrf_drv_common.o(i.nrf_drv_common_irq_enable) for nrf_drv_common_irq_enable
    nrf_drv_twi.o(i.nrf_drv_twi_init) refers to nrf_drv_twi.o(.bss) for .bss
    nrf_drv_twi.o(i.nrf_drv_twi_rx) refers to nrf_drv_twi.o(i.nrf_drv_twi_xfer) for nrf_drv_twi_xfer
    nrf_drv_twi.o(i.nrf_drv_twi_rx) refers to nrf_drv_twi.o(.constdata) for .constdata
    nrf_drv_twi.o(i.nrf_drv_twi_tx) refers to nrf_drv_twi.o(i.nrf_drv_twi_xfer) for nrf_drv_twi_xfer
    nrf_drv_twi.o(i.nrf_drv_twi_uninit) refers to nrf_drv_twi.o(i.nrf_drv_twi_disable) for nrf_drv_twi_disable
    nrf_drv_twi.o(i.nrf_drv_twi_uninit) refers to nrf_drv_twi.o(.bss) for .bss
    nrf_drv_twi.o(i.nrf_drv_twi_xfer) refers to nrf_drv_twi.o(i.twi_xfer) for twi_xfer
    nrf_drv_twi.o(i.nrf_drv_twi_xfer) refers to nrf_drv_twi.o(.bss) for .bss
    nrf_drv_twi.o(i.twi_clear_bus) refers to nrf_drv_twi.o(i.nrf_gpio_pin_set) for nrf_gpio_pin_set
    nrf_drv_twi.o(i.twi_clear_bus) refers to nrf_drv_twi.o(i.nrf_delay_us) for nrf_delay_us
    nrf_drv_twi.o(i.twi_clear_bus) refers to nrf_drv_twi.o(i.nrf_gpio_pin_clear) for nrf_gpio_pin_clear
    nrf_drv_twi.o(i.twi_rx_start_transfer) refers to nrf_drv_twi.o(i.twi_transfer) for twi_transfer
    nrf_drv_twi.o(i.twi_rx_start_transfer) refers to nrf_drv_twi.o(i.nrf_twi_errorsrc_get_and_clear) for nrf_twi_errorsrc_get_and_clear
    nrf_drv_twi.o(i.twi_rx_start_transfer) refers to nrf_drv_twi.o(i.twi_process_error) for twi_process_error
    nrf_drv_twi.o(i.twi_transfer) refers to nrf_drv_twi.o(i.nrf_twi_event_check) for nrf_twi_event_check
    nrf_drv_twi.o(i.twi_transfer) refers to nrf_drv_twi.o(i.twi_send_byte) for twi_send_byte
    nrf_drv_twi.o(i.twi_tx_start_transfer) refers to nrf_drv_twi.o(i.twi_send_byte) for twi_send_byte
    nrf_drv_twi.o(i.twi_tx_start_transfer) refers to nrf_drv_twi.o(i.twi_transfer) for twi_transfer
    nrf_drv_twi.o(i.twi_tx_start_transfer) refers to nrf_drv_twi.o(i.nrf_twi_errorsrc_get_and_clear) for nrf_twi_errorsrc_get_and_clear
    nrf_drv_twi.o(i.twi_tx_start_transfer) refers to nrf_drv_twi.o(i.twi_process_error) for twi_process_error
    nrf_drv_twi.o(i.twi_xfer) refers to nrf_drv_twi.o(i.twi_tx_start_transfer) for twi_tx_start_transfer
    nrf_drv_twi.o(i.twi_xfer) refers to nrf_drv_twi.o(i.twi_rx_start_transfer) for twi_rx_start_transfer
    nrf_drv_uart.o(i.UART0_IRQHandler) refers to nrf_drv_uart.o(i.uart_irq_handler) for uart_irq_handler
    nrf_drv_uart.o(i.UART0_IRQHandler) refers to nrf_drv_uart.o(.bss) for .bss
    nrf_drv_uart.o(i.apply_config) refers to nrf_drv_uart.o(i.nrf_gpio_pin_set) for nrf_gpio_pin_set
    nrf_drv_uart.o(i.apply_config) refers to nrf_drv_uart.o(i.nrf_gpio_cfg_output) for nrf_gpio_cfg_output
    nrf_drv_uart.o(i.apply_config) refers to nrf_drv_uart.o(i.nrf_gpio_cfg_input) for nrf_gpio_cfg_input
    nrf_drv_uart.o(i.apply_config) refers to nrf_drv_uart.o(i.nrf_uart_txrx_pins_set) for nrf_uart_txrx_pins_set
    nrf_drv_uart.o(i.apply_config) refers to nrf_drv_uart.o(i.nrf_uart_hwfc_pins_set) for nrf_uart_hwfc_pins_set
    nrf_drv_uart.o(i.nrf_drv_uart_errorsrc_get) refers to nrf_drv_uart.o(i.nrf_uart_errorsrc_get_and_clear) for nrf_uart_errorsrc_get_and_clear
    nrf_drv_uart.o(i.nrf_drv_uart_init) refers to nrf_drv_uart.o(i.apply_config) for apply_config
    nrf_drv_uart.o(i.nrf_drv_uart_init) refers to nrf_drv_common.o(i.nrf_drv_common_irq_enable) for nrf_drv_common_irq_enable
    nrf_drv_uart.o(i.nrf_drv_uart_init) refers to nrf_drv_uart.o(.bss) for .bss
    nrf_drv_uart.o(i.nrf_drv_uart_rx) refers to nrf_drv_uart.o(i.nrf_drv_uart_rx_for_uart) for nrf_drv_uart_rx_for_uart
    nrf_drv_uart.o(i.nrf_drv_uart_rx) refers to nrf_drv_uart.o(.bss) for .bss
    nrf_drv_uart.o(i.nrf_drv_uart_rx_disable) refers to nrf_drv_uart.o(.bss) for .bss
    nrf_drv_uart.o(i.nrf_drv_uart_rx_enable) refers to nrf_drv_uart.o(i.rx_enable) for rx_enable
    nrf_drv_uart.o(i.nrf_drv_uart_rx_enable) refers to nrf_drv_uart.o(.bss) for .bss
    nrf_drv_uart.o(i.nrf_drv_uart_rx_for_uart) refers to nrf_drv_uart.o(i.rx_enable) for rx_enable
    nrf_drv_uart.o(i.nrf_drv_uart_rx_for_uart) refers to nrf_drv_uart.o(i.nrf_uart_event_check) for nrf_uart_event_check
    nrf_drv_uart.o(i.nrf_drv_uart_rx_for_uart) refers to nrf_drv_uart.o(i.rx_byte) for rx_byte
    nrf_drv_uart.o(i.nrf_drv_uart_rx_for_uart) refers to nrf_drv_uart.o(.bss) for .bss
    nrf_drv_uart.o(i.nrf_drv_uart_tx) refers to nrf_drv_uart.o(i.nrf_drv_uart_tx_in_progress) for nrf_drv_uart_tx_in_progress
    nrf_drv_uart.o(i.nrf_drv_uart_tx) refers to nrf_drv_uart.o(i.nrf_drv_uart_tx_for_uart) for nrf_drv_uart_tx_for_uart
    nrf_drv_uart.o(i.nrf_drv_uart_tx) refers to nrf_drv_uart.o(.bss) for .bss
    nrf_drv_uart.o(i.nrf_drv_uart_tx_abort) refers to nrf_drv_uart.o(i.tx_done_event) for tx_done_event
    nrf_drv_uart.o(i.nrf_drv_uart_tx_abort) refers to nrf_drv_uart.o(.bss) for .bss
    nrf_drv_uart.o(i.nrf_drv_uart_tx_for_uart) refers to nrf_drv_uart.o(i.tx_byte) for tx_byte
    nrf_drv_uart.o(i.nrf_drv_uart_tx_for_uart) refers to nrf_drv_uart.o(i.nrf_uart_event_check) for nrf_uart_event_check
    nrf_drv_uart.o(i.nrf_drv_uart_tx_for_uart) refers to nrf_drv_uart.o(.bss) for .bss
    nrf_drv_uart.o(i.nrf_drv_uart_tx_in_progress) refers to nrf_drv_uart.o(.bss) for .bss
    nrf_drv_uart.o(i.nrf_drv_uart_uninit) refers to nrf_drv_uart.o(i.nrf_uart_txrx_pins_set) for nrf_uart_txrx_pins_set
    nrf_drv_uart.o(i.nrf_drv_uart_uninit) refers to nrf_drv_uart.o(i.nrf_uart_hwfc_pins_set) for nrf_uart_hwfc_pins_set
    nrf_drv_uart.o(i.nrf_drv_uart_uninit) refers to nrf_drv_uart.o(i.nrf_gpio_cfg_default) for nrf_gpio_cfg_default
    nrf_drv_uart.o(i.nrf_drv_uart_uninit) refers to nrf_drv_uart.o(.bss) for .bss
    nrf_drv_uart.o(i.nrf_gpio_cfg_default) refers to nrf_drv_uart.o(i.nrf_gpio_cfg) for nrf_gpio_cfg
    nrf_drv_uart.o(i.nrf_gpio_cfg_input) refers to nrf_drv_uart.o(i.nrf_gpio_cfg) for nrf_gpio_cfg
    nrf_drv_uart.o(i.nrf_gpio_cfg_output) refers to nrf_drv_uart.o(i.nrf_gpio_cfg) for nrf_gpio_cfg
    nrf_drv_uart.o(i.uart_irq_handler) refers to nrf_drv_uart.o(i.nrf_uart_int_enable_check) for nrf_uart_int_enable_check
    nrf_drv_uart.o(i.uart_irq_handler) refers to nrf_drv_uart.o(i.nrf_uart_event_check) for nrf_uart_event_check
    nrf_drv_uart.o(i.uart_irq_handler) refers to nrf_drv_uart.o(i.nrf_uart_errorsrc_get_and_clear) for nrf_uart_errorsrc_get_and_clear
    nrf_drv_uart.o(i.uart_irq_handler) refers to nrf_drv_uart.o(i.rx_byte) for rx_byte
    nrf_drv_uart.o(i.uart_irq_handler) refers to nrf_drv_uart.o(i.rx_done_event) for rx_done_event
    nrf_drv_uart.o(i.uart_irq_handler) refers to nrf_drv_uart.o(i.tx_byte) for tx_byte
    nrf_drv_uart.o(i.uart_irq_handler) refers to nrf_drv_uart.o(i.tx_done_event) for tx_done_event
    app_error.o(i.app_error_handler) refers to app_error_weak.o(i.app_error_fault_handler) for app_error_fault_handler
    app_error.o(i.app_error_handler_bare) refers to app_error_weak.o(i.app_error_fault_handler) for app_error_fault_handler
    app_error.o(i.app_error_save_and_stop) refers to app_error.o(.bss) for .bss
    app_util_platform.o(i.app_util_critical_region_enter) refers to app_util_platform.o(i.app_util_disable_irq) for app_util_disable_irq
    app_util_platform.o(i.app_util_critical_region_exit) refers to app_util_platform.o(i.app_util_enable_irq) for app_util_enable_irq
    app_util_platform.o(i.app_util_disable_irq) refers to app_util_platform.o(.data) for .data
    app_util_platform.o(i.app_util_enable_irq) refers to app_util_platform.o(.data) for .data
    nrf_assert.o(i.assert_nrf_callback) refers to app_error_weak.o(i.app_error_fault_handler) for app_error_fault_handler
    app_uart_fifo.o(i.app_uart_close) refers to nrf_drv_uart.o(i.nrf_drv_uart_uninit) for nrf_drv_uart_uninit
    app_uart_fifo.o(i.app_uart_close) refers to app_uart_fifo.o(.data) for .data
    app_uart_fifo.o(i.app_uart_flush) refers to app_fifo.o(i.app_fifo_flush) for app_fifo_flush
    app_uart_fifo.o(i.app_uart_flush) refers to app_uart_fifo.o(.bss) for .bss
    app_uart_fifo.o(i.app_uart_get) refers to app_fifo.o(i.app_fifo_get) for app_fifo_get
    app_uart_fifo.o(i.app_uart_get) refers to nrf_drv_uart.o(i.nrf_drv_uart_rx) for nrf_drv_uart_rx
    app_uart_fifo.o(i.app_uart_get) refers to app_error.o(i.app_error_handler_bare) for app_error_handler_bare
    app_uart_fifo.o(i.app_uart_get) refers to app_uart_fifo.o(.data) for .data
    app_uart_fifo.o(i.app_uart_get) refers to app_uart_fifo.o(.bss) for .bss
    app_uart_fifo.o(i.app_uart_init) refers to app_fifo.o(i.app_fifo_init) for app_fifo_init
    app_uart_fifo.o(i.app_uart_init) refers to rt_memcpy.o(.emb_text) for __aeabi_memcpy4
    app_uart_fifo.o(i.app_uart_init) refers to nrf_drv_uart.o(i.nrf_drv_uart_init) for nrf_drv_uart_init
    app_uart_fifo.o(i.app_uart_init) refers to nrf_drv_uart.o(i.nrf_drv_uart_rx_enable) for nrf_drv_uart_rx_enable
    app_uart_fifo.o(i.app_uart_init) refers to nrf_drv_uart.o(i.nrf_drv_uart_rx) for nrf_drv_uart_rx
    app_uart_fifo.o(i.app_uart_init) refers to app_uart_fifo.o(.data) for .data
    app_uart_fifo.o(i.app_uart_init) refers to app_uart_fifo.o(.bss) for .bss
    app_uart_fifo.o(i.app_uart_init) refers to app_uart_fifo.o(.constdata) for .constdata
    app_uart_fifo.o(i.app_uart_init) refers to app_uart_fifo.o(i.uart_event_handler) for uart_event_handler
    app_uart_fifo.o(i.app_uart_put) refers to app_fifo.o(i.app_fifo_put) for app_fifo_put
    app_uart_fifo.o(i.app_uart_put) refers to nrf_drv_uart.o(i.nrf_drv_uart_tx_in_progress) for nrf_drv_uart_tx_in_progress
    app_uart_fifo.o(i.app_uart_put) refers to app_fifo.o(i.app_fifo_get) for app_fifo_get
    app_uart_fifo.o(i.app_uart_put) refers to nrf_drv_uart.o(i.nrf_drv_uart_tx) for nrf_drv_uart_tx
    app_uart_fifo.o(i.app_uart_put) refers to app_uart_fifo.o(.bss) for .bss
    app_uart_fifo.o(i.app_uart_put) refers to app_uart_fifo.o(.data) for .data
    app_uart_fifo.o(i.uart_event_handler) refers to nrf_drv_uart.o(i.nrf_drv_uart_rx) for nrf_drv_uart_rx
    app_uart_fifo.o(i.uart_event_handler) refers to app_fifo.o(i.app_fifo_put) for app_fifo_put
    app_uart_fifo.o(i.uart_event_handler) refers to app_fifo.o(i.app_fifo_get) for app_fifo_get
    app_uart_fifo.o(i.uart_event_handler) refers to nrf_drv_uart.o(i.nrf_drv_uart_tx) for nrf_drv_uart_tx
    app_uart_fifo.o(i.uart_event_handler) refers to app_uart_fifo.o(.data) for .data
    app_uart_fifo.o(i.uart_event_handler) refers to app_uart_fifo.o(.bss) for .bss
    retarget.o(i.fgetc) refers to app_uart_fifo.o(i.app_uart_get) for app_uart_get
    retarget.o(i.fputc) refers to app_uart_fifo.o(i.app_uart_put) for app_uart_put
    app_fifo.o(i.app_fifo_get) refers to app_fifo.o(i.fifo_get) for fifo_get
    app_fifo.o(i.app_fifo_put) refers to app_fifo.o(i.fifo_put) for fifo_put
    app_fifo.o(i.app_fifo_read) refers to app_fifo.o(i.fifo_get) for fifo_get
    app_fifo.o(i.app_fifo_write) refers to app_fifo.o(i.fifo_put) for fifo_put
    segger_rtt.o(i.SEGGER_RTT_ConfigDownBuffer) refers to segger_rtt.o(i._DoInit) for _DoInit
    segger_rtt.o(i.SEGGER_RTT_ConfigDownBuffer) refers to app_util_platform.o(i.app_util_critical_region_enter) for app_util_critical_region_enter
    segger_rtt.o(i.SEGGER_RTT_ConfigDownBuffer) refers to app_util_platform.o(i.app_util_critical_region_exit) for app_util_critical_region_exit
    segger_rtt.o(i.SEGGER_RTT_ConfigDownBuffer) refers to segger_rtt.o(.bss) for .bss
    segger_rtt.o(i.SEGGER_RTT_ConfigUpBuffer) refers to segger_rtt.o(i._DoInit) for _DoInit
    segger_rtt.o(i.SEGGER_RTT_ConfigUpBuffer) refers to app_util_platform.o(i.app_util_critical_region_enter) for app_util_critical_region_enter
    segger_rtt.o(i.SEGGER_RTT_ConfigUpBuffer) refers to app_util_platform.o(i.app_util_critical_region_exit) for app_util_critical_region_exit
    segger_rtt.o(i.SEGGER_RTT_ConfigUpBuffer) refers to segger_rtt.o(.bss) for .bss
    segger_rtt.o(i.SEGGER_RTT_GetKey) refers to segger_rtt.o(i.SEGGER_RTT_Read) for SEGGER_RTT_Read
    segger_rtt.o(i.SEGGER_RTT_HasData) refers to segger_rtt.o(.bss) for .bss
    segger_rtt.o(i.SEGGER_RTT_HasKey) refers to segger_rtt.o(i._DoInit) for _DoInit
    segger_rtt.o(i.SEGGER_RTT_HasKey) refers to segger_rtt.o(.bss) for .bss
    segger_rtt.o(i.SEGGER_RTT_Init) refers to segger_rtt.o(i._DoInit) for _DoInit
    segger_rtt.o(i.SEGGER_RTT_Init) refers to segger_rtt.o(.bss) for .bss
    segger_rtt.o(i.SEGGER_RTT_Read) refers to app_util_platform.o(i.app_util_critical_region_enter) for app_util_critical_region_enter
    segger_rtt.o(i.SEGGER_RTT_Read) refers to segger_rtt.o(i.SEGGER_RTT_ReadNoLock) for SEGGER_RTT_ReadNoLock
    segger_rtt.o(i.SEGGER_RTT_Read) refers to app_util_platform.o(i.app_util_critical_region_exit) for app_util_critical_region_exit
    segger_rtt.o(i.SEGGER_RTT_ReadNoLock) refers to segger_rtt.o(i._DoInit) for _DoInit
    segger_rtt.o(i.SEGGER_RTT_ReadNoLock) refers to rt_memcpy.o(.text) for __aeabi_memcpy
    segger_rtt.o(i.SEGGER_RTT_ReadNoLock) refers to segger_rtt.o(.bss) for .bss
    segger_rtt.o(i.SEGGER_RTT_SetNameDownBuffer) refers to segger_rtt.o(i._DoInit) for _DoInit
    segger_rtt.o(i.SEGGER_RTT_SetNameDownBuffer) refers to app_util_platform.o(i.app_util_critical_region_enter) for app_util_critical_region_enter
    segger_rtt.o(i.SEGGER_RTT_SetNameDownBuffer) refers to app_util_platform.o(i.app_util_critical_region_exit) for app_util_critical_region_exit
    segger_rtt.o(i.SEGGER_RTT_SetNameDownBuffer) refers to segger_rtt.o(.bss) for .bss
    segger_rtt.o(i.SEGGER_RTT_SetNameUpBuffer) refers to segger_rtt.o(i._DoInit) for _DoInit
    segger_rtt.o(i.SEGGER_RTT_SetNameUpBuffer) refers to app_util_platform.o(i.app_util_critical_region_enter) for app_util_critical_region_enter
    segger_rtt.o(i.SEGGER_RTT_SetNameUpBuffer) refers to app_util_platform.o(i.app_util_critical_region_exit) for app_util_critical_region_exit
    segger_rtt.o(i.SEGGER_RTT_SetNameUpBuffer) refers to segger_rtt.o(.bss) for .bss
    segger_rtt.o(i.SEGGER_RTT_SetTerminal) refers to segger_rtt.o(i._DoInit) for _DoInit
    segger_rtt.o(i.SEGGER_RTT_SetTerminal) refers to app_util_platform.o(i.app_util_critical_region_enter) for app_util_critical_region_enter
    segger_rtt.o(i.SEGGER_RTT_SetTerminal) refers to segger_rtt.o(i._GetAvailWriteSpace) for _GetAvailWriteSpace
    segger_rtt.o(i.SEGGER_RTT_SetTerminal) refers to segger_rtt.o(i._WriteNoCheck) for _WriteNoCheck
    segger_rtt.o(i.SEGGER_RTT_SetTerminal) refers to segger_rtt.o(i._WriteBlocking) for _WriteBlocking
    segger_rtt.o(i.SEGGER_RTT_SetTerminal) refers to app_util_platform.o(i.app_util_critical_region_exit) for app_util_critical_region_exit
    segger_rtt.o(i.SEGGER_RTT_SetTerminal) refers to segger_rtt.o(.bss) for .bss
    segger_rtt.o(i.SEGGER_RTT_SetTerminal) refers to segger_rtt.o(.data) for .data
    segger_rtt.o(i.SEGGER_RTT_TerminalOut) refers to segger_rtt.o(i._DoInit) for _DoInit
    segger_rtt.o(i.SEGGER_RTT_TerminalOut) refers to strlen.o(.text) for strlen
    segger_rtt.o(i.SEGGER_RTT_TerminalOut) refers to app_util_platform.o(i.app_util_critical_region_enter) for app_util_critical_region_enter
    segger_rtt.o(i.SEGGER_RTT_TerminalOut) refers to segger_rtt.o(i._GetAvailWriteSpace) for _GetAvailWriteSpace
    segger_rtt.o(i.SEGGER_RTT_TerminalOut) refers to segger_rtt.o(i._PostTerminalSwitch) for _PostTerminalSwitch
    segger_rtt.o(i.SEGGER_RTT_TerminalOut) refers to segger_rtt.o(i._WriteBlocking) for _WriteBlocking
    segger_rtt.o(i.SEGGER_RTT_TerminalOut) refers to app_util_platform.o(i.app_util_critical_region_exit) for app_util_critical_region_exit
    segger_rtt.o(i.SEGGER_RTT_TerminalOut) refers to segger_rtt.o(.bss) for .bss
    segger_rtt.o(i.SEGGER_RTT_TerminalOut) refers to segger_rtt.o(.data) for .data
    segger_rtt.o(i.SEGGER_RTT_WaitKey) refers to segger_rtt.o(i.SEGGER_RTT_GetKey) for SEGGER_RTT_GetKey
    segger_rtt.o(i.SEGGER_RTT_Write) refers to segger_rtt.o(i._DoInit) for _DoInit
    segger_rtt.o(i.SEGGER_RTT_Write) refers to app_util_platform.o(i.app_util_critical_region_enter) for app_util_critical_region_enter
    segger_rtt.o(i.SEGGER_RTT_Write) refers to segger_rtt.o(i.SEGGER_RTT_WriteNoLock) for SEGGER_RTT_WriteNoLock
    segger_rtt.o(i.SEGGER_RTT_Write) refers to app_util_platform.o(i.app_util_critical_region_exit) for app_util_critical_region_exit
    segger_rtt.o(i.SEGGER_RTT_Write) refers to segger_rtt.o(.bss) for .bss
    segger_rtt.o(i.SEGGER_RTT_WriteNoLock) refers to segger_rtt.o(i._GetAvailWriteSpace) for _GetAvailWriteSpace
    segger_rtt.o(i.SEGGER_RTT_WriteNoLock) refers to segger_rtt.o(i._WriteNoCheck) for _WriteNoCheck
    segger_rtt.o(i.SEGGER_RTT_WriteNoLock) refers to segger_rtt.o(i._WriteBlocking) for _WriteBlocking
    segger_rtt.o(i.SEGGER_RTT_WriteNoLock) refers to segger_rtt.o(.bss) for .bss
    segger_rtt.o(i.SEGGER_RTT_WriteSkipNoLock) refers to rt_memcpy.o(.text) for __aeabi_memcpy
    segger_rtt.o(i.SEGGER_RTT_WriteSkipNoLock) refers to segger_rtt.o(.bss) for .bss
    segger_rtt.o(i.SEGGER_RTT_WriteString) refers to strlen.o(.text) for strlen
    segger_rtt.o(i.SEGGER_RTT_WriteString) refers to segger_rtt.o(i.SEGGER_RTT_Write) for SEGGER_RTT_Write
    segger_rtt.o(i._DoInit) refers to strcpy.o(.text) for strcpy
    segger_rtt.o(i._DoInit) refers to segger_rtt.o(.bss) for .bss
    segger_rtt.o(i._PostTerminalSwitch) refers to segger_rtt.o(i._WriteBlocking) for _WriteBlocking
    segger_rtt.o(i._PostTerminalSwitch) refers to segger_rtt.o(.data) for .data
    segger_rtt.o(i._WriteBlocking) refers to rt_memcpy.o(.text) for __aeabi_memcpy
    segger_rtt.o(i._WriteNoCheck) refers to rt_memcpy.o(.text) for __aeabi_memcpy
    __2printf.o(.text) refers to _printf_char_file.o(.text) for _printf_char_file
    __2printf.o(.text) refers to retarget.o(.data) for __stdout
    noretval__2printf.o(.text) refers to _printf_char_file.o(.text) for _printf_char_file
    noretval__2printf.o(.text) refers to retarget.o(.data) for __stdout
    __printf.o(.text) refers to _printf_percent.o(.ARM.Collect$$_printf_percent$$00000000) for _printf_percent
    _printf_hex_ll.o(.text) refers to _printf_intcommon.o(.text) for _printf_int_common
    _printf_hex_ll.o(.text) refers to _printf_hex_ll.o(.constdata) for .constdata
    _printf_hex_int.o(.text) refers to _printf_intcommon.o(.text) for _printf_int_common
    _printf_hex_int.o(.text) refers to _printf_hex_int.o(.constdata) for .constdata
    _printf_hex_int_ll.o(.text) refers to _printf_intcommon.o(.text) for _printf_int_common
    _printf_hex_int_ll.o(.text) refers to _printf_hex_int_ll.o(.constdata) for .constdata
    _printf_hex_ptr.o(.text) refers to _printf_intcommon.o(.text) for _printf_int_common
    _printf_hex_ptr.o(.text) refers to _printf_hex_ptr.o(.constdata) for .constdata
    _printf_hex_int_ptr.o(.text) refers to _printf_intcommon.o(.text) for _printf_int_common
    _printf_hex_int_ptr.o(.text) refers to _printf_hex_int_ptr.o(.constdata) for .constdata
    _printf_hex_ll_ptr.o(.text) refers to _printf_intcommon.o(.text) for _printf_int_common
    _printf_hex_ll_ptr.o(.text) refers to _printf_hex_ll_ptr.o(.constdata) for .constdata
    _printf_hex_int_ll_ptr.o(.text) refers to _printf_intcommon.o(.text) for _printf_int_common
    _printf_hex_int_ll_ptr.o(.text) refers to _printf_hex_int_ll_ptr.o(.constdata) for .constdata
    __printf_flags.o(.text) refers to _printf_percent.o(.ARM.Collect$$_printf_percent$$00000000) for _printf_percent
    __printf_flags.o(.text) refers to __printf_flags.o(.constdata) for .constdata
    __printf_ss.o(.text) refers to _printf_percent.o(.ARM.Collect$$_printf_percent$$00000000) for _printf_percent
    __printf_flags_ss.o(.text) refers to _printf_percent.o(.ARM.Collect$$_printf_percent$$00000000) for _printf_percent
    __printf_flags_ss.o(.text) refers to __printf_flags_ss.o(.constdata) for .constdata
    __printf_wp.o(.text) refers to __printf_wp.o(i._is_digit) for _is_digit
    __printf_wp.o(.text) refers to _printf_percent.o(.ARM.Collect$$_printf_percent$$00000000) for _printf_percent
    __printf_flags_wp.o(.text) refers to __printf_wp.o(i._is_digit) for _is_digit
    __printf_flags_wp.o(.text) refers to _printf_percent.o(.ARM.Collect$$_printf_percent$$00000000) for _printf_percent
    __printf_flags_wp.o(.text) refers to __printf_flags_wp.o(.constdata) for .constdata
    __printf_ss_wp.o(.text) refers to __printf_wp.o(i._is_digit) for _is_digit
    __printf_ss_wp.o(.text) refers to _printf_percent.o(.ARM.Collect$$_printf_percent$$00000000) for _printf_percent
    __printf_flags_ss_wp.o(.text) refers to __printf_wp.o(i._is_digit) for _is_digit
    __printf_flags_ss_wp.o(.text) refers to _printf_percent.o(.ARM.Collect$$_printf_percent$$00000000) for _printf_percent
    __printf_flags_ss_wp.o(.text) refers to __printf_flags_ss_wp.o(.constdata) for .constdata
    _printf_x.o(.ARM.Collect$$_printf_percent$$0000000C) refers (Weak) to _printf_hex_int.o(.text) for _printf_int_hex
    _printf_percent.o(.ARM.Collect$$_printf_percent$$00000000) refers (Special) to _printf_percent_end.o(.ARM.Collect$$_printf_percent$$00000017) for _printf_percent_end
    rt_memcpy.o(.text) refers to rt_memcpy.o(.emb_text) for __aeabi_memcpy4
    __main.o(!!!main) refers to rtentry.o(.ARM.Collect$$rtentry$$00000000) for __rt_entry
    ddiv.o(.text) refers (Special) to usenofp.o(x$fpl$usenofp) for __I$use$fp
    ddiv.o(.text) refers to ddiv.o(.constdata) for .constdata
    ddiv.o(.constdata) refers (Special) to usenofp.o(x$fpl$usenofp) for __I$use$fp
    dfixi.o(.text) refers (Special) to usenofp.o(x$fpl$usenofp) for __I$use$fp
    dflti.o(.text) refers (Special) to usenofp.o(x$fpl$usenofp) for __I$use$fp
    rtentry.o(.ARM.Collect$$rtentry$$00000000) refers (Special) to rtentry2.o(.ARM.Collect$$rtentry$$0000000A) for __rt_entry_li
    rtentry.o(.ARM.Collect$$rtentry$$00000000) refers (Special) to rtentry2.o(.ARM.Collect$$rtentry$$0000000D) for __rt_entry_main
    rtentry.o(.ARM.Collect$$rtentry$$00000000) refers (Special) to rtentry2.o(.ARM.Collect$$rtentry$$0000000C) for __rt_entry_postli_1
    rtentry.o(.ARM.Collect$$rtentry$$00000000) refers (Special) to rtentry2.o(.ARM.Collect$$rtentry$$00000009) for __rt_entry_postsh_1
    rtentry.o(.ARM.Collect$$rtentry$$00000000) refers (Special) to rtentry2.o(.ARM.Collect$$rtentry$$00000002) for __rt_entry_presh_1
    rtentry.o(.ARM.Collect$$rtentry$$00000000) refers (Special) to rtentry4.o(.ARM.Collect$$rtentry$$00000004) for __rt_entry_sh
    _printf_char_file.o(.text) refers to _printf_char_common.o(.text) for _printf_char_common
    _printf_char_file.o(.text) refers to ferror.o(.text) for ferror
    _printf_char_file.o(.text) refers to retarget.o(i.fputc) for fputc
    rtentry2.o(.ARM.Collect$$rtentry$$00000008) refers to boardinit2.o(.text) for _platform_post_stackheap_init
    rtentry2.o(.ARM.Collect$$rtentry$$0000000A) refers to libinit.o(.ARM.Collect$$libinit$$00000000) for __rt_lib_init
    rtentry2.o(.ARM.Collect$$rtentry$$0000000B) refers to boardinit3.o(.text) for _platform_post_lib_init
    rtentry2.o(.ARM.Collect$$rtentry$$0000000D) refers to main.o(i.main) for main
    rtentry2.o(.ARM.Collect$$rtentry$$0000000D) refers to exit.o(.text) for exit
    rtentry2.o(.ARM.exidx) refers to rtentry2.o(.ARM.Collect$$rtentry$$00000001) for .ARM.Collect$$rtentry$$00000001
    rtentry2.o(.ARM.exidx) refers to rtentry2.o(.ARM.Collect$$rtentry$$00000008) for .ARM.Collect$$rtentry$$00000008
    rtentry2.o(.ARM.exidx) refers to rtentry2.o(.ARM.Collect$$rtentry$$0000000A) for .ARM.Collect$$rtentry$$0000000A
    rtentry2.o(.ARM.exidx) refers to rtentry2.o(.ARM.Collect$$rtentry$$0000000B) for .ARM.Collect$$rtentry$$0000000B
    rtentry2.o(.ARM.exidx) refers to rtentry2.o(.ARM.Collect$$rtentry$$0000000D) for .ARM.Collect$$rtentry$$0000000D
    rtentry4.o(.ARM.Collect$$rtentry$$00000004) refers to sys_stackheap_outer.o(.text) for __user_setup_stackheap
    rtentry4.o(.ARM.exidx) refers to rtentry4.o(.ARM.Collect$$rtentry$$00000004) for .ARM.Collect$$rtentry$$00000004
    _printf_char_common.o(.text) refers to __printf.o(.text) for __printf
    sys_stackheap_outer.o(.text) refers to libspace.o(.text) for __user_perproc_libspace
    sys_stackheap_outer.o(.text) refers to arm_startup_nrf51.o(.text) for __user_initial_stackheap
    sys_stackheap_outer.o(__vectab_stack_and_reset_area) refers to tempstk.o(.text) for __temporary_stack_top
    sys_stackheap_outer.o(__vectab_stack_and_reset_area) refers to __main.o(!!!main) for __main
    exit.o(.text) refers to rtexit.o(.ARM.Collect$$rtexit$$00000000) for __rt_exit
    libinit.o(.ARM.Collect$$libinit$$00000000) refers (Special) to libinit2.o(.ARM.Collect$$libinit$$0000002C) for __rt_lib_init_alloca_1
    libinit.o(.ARM.Collect$$libinit$$00000000) refers (Special) to libinit2.o(.ARM.Collect$$libinit$$0000002A) for __rt_lib_init_argv_1
    libinit.o(.ARM.Collect$$libinit$$00000000) refers (Special) to libinit2.o(.ARM.Collect$$libinit$$00000019) for __rt_lib_init_atexit_1
    libinit.o(.ARM.Collect$$libinit$$00000000) refers (Special) to libinit2.o(.ARM.Collect$$libinit$$0000001F) for __rt_lib_init_clock_1
    libinit.o(.ARM.Collect$$libinit$$00000000) refers (Special) to libinit2.o(.ARM.Collect$$libinit$$00000030) for __rt_lib_init_cpp_1
    libinit.o(.ARM.Collect$$libinit$$00000000) refers (Special) to libinit2.o(.ARM.Collect$$libinit$$0000002E) for __rt_lib_init_exceptions_1
    libinit.o(.ARM.Collect$$libinit$$00000000) refers (Special) to libinit2.o(.ARM.Collect$$libinit$$00000001) for __rt_lib_init_fp_1
    libinit.o(.ARM.Collect$$libinit$$00000000) refers (Special) to libinit2.o(.ARM.Collect$$libinit$$0000001D) for __rt_lib_init_fp_trap_1
    libinit.o(.ARM.Collect$$libinit$$00000000) refers (Special) to libinit2.o(.ARM.Collect$$libinit$$00000021) for __rt_lib_init_getenv_1
    libinit.o(.ARM.Collect$$libinit$$00000000) refers (Special) to libinit2.o(.ARM.Collect$$libinit$$00000008) for __rt_lib_init_heap_1
    libinit.o(.ARM.Collect$$libinit$$00000000) refers (Special) to libinit2.o(.ARM.Collect$$libinit$$0000000F) for __rt_lib_init_lc_collate_1
    libinit.o(.ARM.Collect$$libinit$$00000000) refers (Special) to libinit2.o(.ARM.Collect$$libinit$$00000011) for __rt_lib_init_lc_ctype_1
    libinit.o(.ARM.Collect$$libinit$$00000000) refers (Special) to libinit2.o(.ARM.Collect$$libinit$$00000013) for __rt_lib_init_lc_monetary_1
    libinit.o(.ARM.Collect$$libinit$$00000000) refers (Special) to libinit2.o(.ARM.Collect$$libinit$$00000015) for __rt_lib_init_lc_numeric_1
    libinit.o(.ARM.Collect$$libinit$$00000000) refers (Special) to libinit2.o(.ARM.Collect$$libinit$$00000017) for __rt_lib_init_lc_time_1
    libinit.o(.ARM.Collect$$libinit$$00000000) refers (Special) to libinit2.o(.ARM.Collect$$libinit$$0000000C) for __rt_lib_init_rand_1
    libinit.o(.ARM.Collect$$libinit$$00000000) refers (Special) to libinit2.o(.ARM.Collect$$libinit$$00000031) for __rt_lib_init_return
    libinit.o(.ARM.Collect$$libinit$$00000000) refers (Special) to libinit2.o(.ARM.Collect$$libinit$$0000001B) for __rt_lib_init_signal_1
    libinit.o(.ARM.Collect$$libinit$$00000000) refers (Special) to libinit2.o(.ARM.Collect$$libinit$$00000023) for __rt_lib_init_stdio_1
    libinit.o(.ARM.Collect$$libinit$$00000000) refers (Special) to libinit2.o(.ARM.Collect$$libinit$$0000000A) for __rt_lib_init_user_alloc_1
    libspace.o(.text) refers to libspace.o(.bss) for __libspace_start
    rtexit.o(.ARM.Collect$$rtexit$$00000000) refers (Special) to rtexit2.o(.ARM.Collect$$rtexit$$00000004) for __rt_exit_exit
    rtexit.o(.ARM.Collect$$rtexit$$00000000) refers (Special) to rtexit2.o(.ARM.Collect$$rtexit$$00000003) for __rt_exit_ls
    rtexit.o(.ARM.Collect$$rtexit$$00000000) refers (Special) to rtexit2.o(.ARM.Collect$$rtexit$$00000002) for __rt_exit_prels_1
    rtexit.o(.ARM.exidx) refers (Special) to rtexit2.o(.ARM.Collect$$rtexit$$00000004) for __rt_exit_exit
    rtexit.o(.ARM.exidx) refers (Special) to rtexit2.o(.ARM.Collect$$rtexit$$00000003) for __rt_exit_ls
    rtexit.o(.ARM.exidx) refers (Special) to rtexit2.o(.ARM.Collect$$rtexit$$00000002) for __rt_exit_prels_1
    rtexit.o(.ARM.exidx) refers to rtexit.o(.ARM.Collect$$rtexit$$00000000) for .ARM.Collect$$rtexit$$00000000
    libinit2.o(.ARM.Collect$$libinit$$0000000E) refers to libinit2.o(.ARM.Collect$$libinit$$0000000D) for .ARM.Collect$$libinit$$0000000D
    libinit2.o(.ARM.Collect$$libinit$$00000010) refers to libinit2.o(.ARM.Collect$$libinit$$0000000D) for .ARM.Collect$$libinit$$0000000D
    libinit2.o(.ARM.Collect$$libinit$$00000012) refers to libinit2.o(.ARM.Collect$$libinit$$0000000D) for .ARM.Collect$$libinit$$0000000D
    libinit2.o(.ARM.Collect$$libinit$$00000014) refers to libinit2.o(.ARM.Collect$$libinit$$0000000D) for .ARM.Collect$$libinit$$0000000D
    libinit2.o(.ARM.Collect$$libinit$$00000016) refers to libinit2.o(.ARM.Collect$$libinit$$0000000D) for .ARM.Collect$$libinit$$0000000D
    libinit2.o(.ARM.Collect$$libinit$$00000024) refers to argv_veneer.o(.text) for __ARM_argv_veneer
    libinit2.o(.ARM.Collect$$libinit$$00000025) refers to argv_veneer.o(.text) for __ARM_argv_veneer
    rtexit2.o(.ARM.Collect$$rtexit$$00000003) refers to libshutdown.o(.ARM.Collect$$libshutdown$$00000000) for __rt_lib_shutdown
    rtexit2.o(.ARM.Collect$$rtexit$$00000004) refers to sys_exit.o(.text) for _sys_exit
    rtexit2.o(.ARM.exidx) refers to rtexit2.o(.ARM.Collect$$rtexit$$00000001) for .ARM.Collect$$rtexit$$00000001
    rtexit2.o(.ARM.exidx) refers to rtexit2.o(.ARM.Collect$$rtexit$$00000003) for .ARM.Collect$$rtexit$$00000003
    rtexit2.o(.ARM.exidx) refers to rtexit2.o(.ARM.Collect$$rtexit$$00000004) for .ARM.Collect$$rtexit$$00000004
    sys_exit.o(.text) refers (Special) to use_no_semi.o(.text) for __I$use$semihosting
    sys_exit.o(.text) refers (Special) to indicate_semi.o(.text) for __semihosting_library_function
    _get_argv_nomalloc.o(.text) refers (Special) to hrguard.o(.text) for __heap_region$guard
    _get_argv_nomalloc.o(.text) refers to defsig_rtmem_outer.o(.text) for __rt_SIGRTMEM
    _get_argv_nomalloc.o(.text) refers to sys_command.o(.text) for _sys_command_string
    libshutdown.o(.ARM.Collect$$libshutdown$$00000000) refers (Special) to libshutdown2.o(.ARM.Collect$$libshutdown$$00000006) for __rt_lib_shutdown_fp_trap_1
    libshutdown.o(.ARM.Collect$$libshutdown$$00000000) refers (Special) to libshutdown2.o(.ARM.Collect$$libshutdown$$0000000E) for __rt_lib_shutdown_heap_1
    libshutdown.o(.ARM.Collect$$libshutdown$$00000000) refers (Special) to libshutdown2.o(.ARM.Collect$$libshutdown$$0000000F) for __rt_lib_shutdown_return
    libshutdown.o(.ARM.Collect$$libshutdown$$00000000) refers (Special) to libshutdown2.o(.ARM.Collect$$libshutdown$$00000009) for __rt_lib_shutdown_signal_1
    libshutdown.o(.ARM.Collect$$libshutdown$$00000000) refers (Special) to libshutdown2.o(.ARM.Collect$$libshutdown$$00000003) for __rt_lib_shutdown_stdio_1
    libshutdown.o(.ARM.Collect$$libshutdown$$00000000) refers (Special) to libshutdown2.o(.ARM.Collect$$libshutdown$$0000000B) for __rt_lib_shutdown_user_alloc_1
    sys_command.o(.text) refers (Special) to use_no_semi.o(.text) for __I$use$semihosting
    sys_command.o(.text) refers (Special) to indicate_semi.o(.text) for __semihosting_library_function
    defsig_rtmem_outer.o(.text) refers to defsig_rtmem_inner.o(.text) for __rt_SIGRTMEM_inner
    defsig_rtmem_outer.o(.text) refers to defsig_exit.o(.text) for __sig_exit
    defsig_rtmem_formal.o(.text) refers to rt_raise.o(.text) for __rt_raise
    rt_raise.o(.text) refers to __raise.o(.text) for __raise
    rt_raise.o(.text) refers to sys_exit.o(.text) for _sys_exit
    defsig_exit.o(.text) refers to sys_exit.o(.text) for _sys_exit
    defsig_rtmem_inner.o(.text) refers to defsig_general.o(.text) for __default_signal_display
    __raise.o(.text) refers to defsig.o(CL$$defsig) for __default_signal_handler
    defsig_general.o(.text) refers to sys_wrch.o(.text) for _ttywrch
    sys_wrch.o(.text) refers (Special) to use_no_semi.o(.text) for __I$use$semihosting
    sys_wrch.o(.text) refers (Special) to indicate_semi.o(.text) for __semihosting_library_function
    defsig.o(CL$$defsig) refers to defsig_rtmem_inner.o(.text) for __rt_SIGRTMEM_inner
    defsig_abrt_inner.o(.text) refers to defsig_general.o(.text) for __default_signal_display
    defsig_fpe_inner.o(.text) refers to defsig_general.o(.text) for __default_signal_display
    defsig_rtred_inner.o(.text) refers to defsig_general.o(.text) for __default_signal_display
    defsig_stak_inner.o(.text) refers to defsig_general.o(.text) for __default_signal_display
    defsig_pvfn_inner.o(.text) refers to defsig_general.o(.text) for __default_signal_display
    defsig_cppl_inner.o(.text) refers to defsig_general.o(.text) for __default_signal_display
    defsig_segv_inner.o(.text) refers to defsig_general.o(.text) for __default_signal_display
    defsig_other.o(.text) refers to defsig_general.o(.text) for __default_signal_display


==============================================================================

Removing Unused input sections from the image.

    Removing main.o(.rev16_text), (4 bytes).
    Removing main.o(.revsh_text), (4 bytes).
    Removing main.o(i.GPIOEXP0_init), (42 bytes).
    Removing main.o(i.GPIOEXP0_readPort0), (12 bytes).
    Removing main.o(i.GPIOEXP1_init), (42 bytes).
    Removing main.o(i.GPIOEXP1_readPort0), (12 bytes).
    Removing main.o(i.LED_BT_green), (30 bytes).
    Removing main.o(i.LED_BT_off), (28 bytes).
    Removing main.o(i.LED_PWR_bluegreen), (28 bytes).
    Removing main.o(i.LED_PWR_green), (28 bytes).
    Removing main.o(i.LED_PWR_off), (28 bytes).
    Removing main.o(i.LED_PWR_red), (28 bytes).
    Removing main.o(i.LED_WHITE_on), (48 bytes).
    Removing main.o(i.LED_demo), (168 bytes).
    Removing main.o(i.RGBW_off), (34 bytes).
    Removing main.o(i.VIBRO_test), (36 bytes).
    Removing main.o(i.button_init_simple), (20 bytes).
    Removing main.o(i.nrf_gpio_cfg_input), (18 bytes).
    Removing main.o(i.nrf_gpio_pin_read), (16 bytes).
    Removing main.o(i.readi2cOneByte1), (48 bytes).
    Removing main.o(i.scan_twi1), (84 bytes).
    Removing main.o(i.twi1_init), (48 bytes).
    Removing main.o(i.vibro_init), (10 bytes).
    Removing main.o(i.vibro_start), (10 bytes).
    Removing main.o(i.vibro_stop), (10 bytes).
    Removing main.o(i.writei2c1), (32 bytes).
    Removing main.o(i.writei2cOneByte), (28 bytes).
    Removing main.o(i.writei2cOneByte1), (28 bytes).
    Removing system_nrf51.o(.rev16_text), (4 bytes).
    Removing system_nrf51.o(.revsh_text), (4 bytes).
    Removing system_nrf51.o(i.SystemCoreClockUpdate), (16 bytes).
    Removing nrf_drv_common.o(.rev16_text), (4 bytes).
    Removing nrf_drv_common.o(.revsh_text), (4 bytes).
    Removing nrf_drv_twi.o(.rev16_text), (4 bytes).
    Removing nrf_drv_twi.o(.revsh_text), (4 bytes).
    Removing nrf_drv_twi.o(i.nrf_drv_twi_data_count_get), (20 bytes).
    Removing nrf_drv_twi.o(i.nrf_drv_twi_disable), (56 bytes).
    Removing nrf_drv_twi.o(i.nrf_drv_twi_start_task_get), (16 bytes).
    Removing nrf_drv_twi.o(i.nrf_drv_twi_stopped_event_get), (8 bytes).
    Removing nrf_drv_twi.o(i.nrf_drv_twi_uninit), (104 bytes).
    Removing nrf_drv_twi.o(.constdata), (17 bytes).
    Removing nrf_drv_twi.o(.constdata), (9 bytes).
    Removing nrf_drv_twi.o(.constdata), (17 bytes).
    Removing nrf_drv_uart.o(.rev16_text), (4 bytes).
    Removing nrf_drv_uart.o(.revsh_text), (4 bytes).
    Removing nrf_drv_uart.o(i.nrf_drv_uart_errorsrc_get), (20 bytes).
    Removing nrf_drv_uart.o(i.nrf_drv_uart_rx_abort), (22 bytes).
    Removing nrf_drv_uart.o(i.nrf_drv_uart_rx_disable), (28 bytes).
    Removing nrf_drv_uart.o(i.nrf_drv_uart_tx_abort), (48 bytes).
    Removing nrf_drv_uart.o(i.nrf_drv_uart_uninit), (164 bytes).
    Removing nrf_drv_uart.o(i.nrf_gpio_cfg_default), (18 bytes).
    Removing nrf_drv_uart.o(.constdata), (18 bytes).
    Removing nrf_drv_uart.o(.constdata), (25 bytes).
    Removing nrf_drv_uart.o(.constdata), (16 bytes).
    Removing nrf_drv_uart.o(.constdata), (25 bytes).
    Removing nrf_drv_uart.o(.constdata), (16 bytes).
    Removing nrf_drv_gpiote.o(.rev16_text), (4 bytes).
    Removing nrf_drv_gpiote.o(.revsh_text), (4 bytes).
    Removing app_error.o(.rev16_text), (4 bytes).
    Removing app_error.o(.revsh_text), (4 bytes).
    Removing app_error.o(i.app_error_handler), (28 bytes).
    Removing app_error.o(i.app_error_save_and_stop), (100 bytes).
    Removing app_error.o(.bss), (32 bytes).
    Removing app_error_weak.o(.rev16_text), (4 bytes).
    Removing app_error_weak.o(.revsh_text), (4 bytes).
    Removing app_util_platform.o(.rev16_text), (4 bytes).
    Removing app_util_platform.o(.revsh_text), (4 bytes).
    Removing app_util_platform.o(i.app_util_critical_region_enter), (8 bytes).
    Removing app_util_platform.o(i.app_util_critical_region_exit), (8 bytes).
    Removing app_util_platform.o(i.app_util_disable_irq), (16 bytes).
    Removing app_util_platform.o(i.app_util_enable_irq), (20 bytes).
    Removing app_util_platform.o(.data), (4 bytes).
    Removing nrf_assert.o(.rev16_text), (4 bytes).
    Removing nrf_assert.o(.revsh_text), (4 bytes).
    Removing nrf_assert.o(i.assert_nrf_callback), (24 bytes).
    Removing app_uart_fifo.o(.rev16_text), (4 bytes).
    Removing app_uart_fifo.o(.revsh_text), (4 bytes).
    Removing app_uart_fifo.o(i.app_uart_close), (16 bytes).
    Removing app_uart_fifo.o(i.app_uart_flush), (28 bytes).
    Removing app_uart_fifo.o(i.app_uart_get), (56 bytes).
    Removing retarget.o(.rev16_text), (4 bytes).
    Removing retarget.o(.revsh_text), (4 bytes).
    Removing retarget.o(i.fgetc), (18 bytes).
    Removing retarget.o(.data), (4 bytes).
    Removing app_fifo.o(.rev16_text), (4 bytes).
    Removing app_fifo.o(.revsh_text), (4 bytes).
    Removing app_fifo.o(i.app_fifo_flush), (8 bytes).
    Removing app_fifo.o(i.app_fifo_peek), (34 bytes).
    Removing app_fifo.o(i.app_fifo_read), (72 bytes).
    Removing app_fifo.o(i.app_fifo_write), (78 bytes).
    Removing nrf_log_backend_serial.o(.rev16_text), (4 bytes).
    Removing nrf_log_backend_serial.o(.revsh_text), (4 bytes).
    Removing nrf_log_frontend.o(.rev16_text), (4 bytes).
    Removing nrf_log_frontend.o(.revsh_text), (4 bytes).
    Removing segger_rtt.o(.rev16_text), (4 bytes).
    Removing segger_rtt.o(.revsh_text), (4 bytes).
    Removing segger_rtt.o(i.SEGGER_RTT_ConfigDownBuffer), (88 bytes).
    Removing segger_rtt.o(i.SEGGER_RTT_ConfigUpBuffer), (88 bytes).
    Removing segger_rtt.o(i.SEGGER_RTT_GetKey), (28 bytes).
    Removing segger_rtt.o(i.SEGGER_RTT_HasData), (20 bytes).
    Removing segger_rtt.o(i.SEGGER_RTT_HasKey), (36 bytes).
    Removing segger_rtt.o(i.SEGGER_RTT_Init), (20 bytes).
    Removing segger_rtt.o(i.SEGGER_RTT_Read), (38 bytes).
    Removing segger_rtt.o(i.SEGGER_RTT_ReadNoLock), (128 bytes).
    Removing segger_rtt.o(i.SEGGER_RTT_SetNameDownBuffer), (60 bytes).
    Removing segger_rtt.o(i.SEGGER_RTT_SetNameUpBuffer), (60 bytes).
    Removing segger_rtt.o(i.SEGGER_RTT_SetTerminal), (128 bytes).
    Removing segger_rtt.o(i.SEGGER_RTT_TerminalOut), (168 bytes).
    Removing segger_rtt.o(i.SEGGER_RTT_WaitKey), (12 bytes).
    Removing segger_rtt.o(i.SEGGER_RTT_Write), (56 bytes).
    Removing segger_rtt.o(i.SEGGER_RTT_WriteNoLock), (92 bytes).
    Removing segger_rtt.o(i.SEGGER_RTT_WriteSkipNoLock), (108 bytes).
    Removing segger_rtt.o(i.SEGGER_RTT_WriteString), (24 bytes).
    Removing segger_rtt.o(i._DoInit), (104 bytes).
    Removing segger_rtt.o(i._GetAvailWriteSpace), (22 bytes).
    Removing segger_rtt.o(i._PostTerminalSwitch), (32 bytes).
    Removing segger_rtt.o(i._WriteBlocking), (96 bytes).
    Removing segger_rtt.o(i._WriteNoCheck), (60 bytes).
    Removing segger_rtt.o(.bss), (200 bytes).
    Removing segger_rtt.o(.data), (17 bytes).

120 unused section(s) (total 3946 bytes) removed from the image.

==============================================================================

Memory Map of the image

  Image Entry point : 0x00000000

  Load Region LR_IROM1 (Base: 0x00000000, Size: 0x00001e84, Max: 0x00040000, ABSOLUTE)

    Execution Region ER_IROM1 (Base: 0x00000000, Size: 0x00001e6c, Max: 0x00040000, ABSOLUTE)

    Base Addr    Size         Type   Attr      Idx    E Section Name        Object

    0x00000000   0x000000c0   Data   RO          406    RESET               arm_startup_nrf51.o
    0x000000c0   0x00000008   Code   RO         1466  * !!!main             c_p.l(__main.o)
    0x000000c8   0x00000002   Code   RO         1455    .ARM.Collect$$_printf_percent$$00000000  c_p.l(_printf_percent.o)
    0x000000ca   0x0000000a   Code   RO         1454    .ARM.Collect$$_printf_percent$$0000000C  c_p.l(_printf_x.o)
    0x000000d4   0x00000004   Code   RO         1480    .ARM.Collect$$_printf_percent$$00000017  c_p.l(_printf_percent_end.o)
    0x000000d8   0x00000002   Code   RO         1515    .ARM.Collect$$libinit$$00000000  c_p.l(libinit.o)
    0x000000da   0x00000004   Code   RO         1522    .ARM.Collect$$libinit$$00000001  c_p.l(libinit2.o)
    0x000000de   0x00000000   Code   RO         1526    .ARM.Collect$$libinit$$00000008  c_p.l(libinit2.o)
    0x000000de   0x00000000   Code   RO         1528    .ARM.Collect$$libinit$$0000000A  c_p.l(libinit2.o)
    0x000000de   0x00000000   Code   RO         1530    .ARM.Collect$$libinit$$0000000C  c_p.l(libinit2.o)
    0x000000de   0x00000000   Code   RO         1533    .ARM.Collect$$libinit$$0000000F  c_p.l(libinit2.o)
    0x000000de   0x00000000   Code   RO         1535    .ARM.Collect$$libinit$$00000011  c_p.l(libinit2.o)
    0x000000de   0x00000000   Code   RO         1537    .ARM.Collect$$libinit$$00000013  c_p.l(libinit2.o)
    0x000000de   0x00000000   Code   RO         1539    .ARM.Collect$$libinit$$00000015  c_p.l(libinit2.o)
    0x000000de   0x00000000   Code   RO         1541    .ARM.Collect$$libinit$$00000017  c_p.l(libinit2.o)
    0x000000de   0x00000000   Code   RO         1543    .ARM.Collect$$libinit$$00000019  c_p.l(libinit2.o)
    0x000000de   0x00000000   Code   RO         1545    .ARM.Collect$$libinit$$0000001B  c_p.l(libinit2.o)
    0x000000de   0x00000000   Code   RO         1547    .ARM.Collect$$libinit$$0000001D  c_p.l(libinit2.o)
    0x000000de   0x00000000   Code   RO         1549    .ARM.Collect$$libinit$$0000001F  c_p.l(libinit2.o)
    0x000000de   0x00000000   Code   RO         1551    .ARM.Collect$$libinit$$00000021  c_p.l(libinit2.o)
    0x000000de   0x00000000   Code   RO         1553    .ARM.Collect$$libinit$$00000023  c_p.l(libinit2.o)
    0x000000de   0x00000000   Code   RO         1557    .ARM.Collect$$libinit$$0000002A  c_p.l(libinit2.o)
    0x000000de   0x00000000   Code   RO         1559    .ARM.Collect$$libinit$$0000002C  c_p.l(libinit2.o)
    0x000000de   0x00000000   Code   RO         1561    .ARM.Collect$$libinit$$0000002E  c_p.l(libinit2.o)
    0x000000de   0x00000000   Code   RO         1563    .ARM.Collect$$libinit$$00000030  c_p.l(libinit2.o)
    0x000000de   0x00000002   Code   RO         1564    .ARM.Collect$$libinit$$00000031  c_p.l(libinit2.o)
    0x000000e0   0x00000002   Code   RO         1584    .ARM.Collect$$libshutdown$$00000000  c_p.l(libshutdown.o)
    0x000000e2   0x00000000   Code   RO         1598    .ARM.Collect$$libshutdown$$00000003  c_p.l(libshutdown2.o)
    0x000000e2   0x00000000   Code   RO         1601    .ARM.Collect$$libshutdown$$00000006  c_p.l(libshutdown2.o)
    0x000000e2   0x00000000   Code   RO         1604    .ARM.Collect$$libshutdown$$00000009  c_p.l(libshutdown2.o)
    0x000000e2   0x00000000   Code   RO         1606    .ARM.Collect$$libshutdown$$0000000B  c_p.l(libshutdown2.o)
    0x000000e2   0x00000000   Code   RO         1609    .ARM.Collect$$libshutdown$$0000000E  c_p.l(libshutdown2.o)
    0x000000e2   0x00000002   Code   RO         1610    .ARM.Collect$$libshutdown$$0000000F  c_p.l(libshutdown2.o)
    0x000000e4   0x00000000   Code   RO         1475    .ARM.Collect$$rtentry$$00000000  c_p.l(rtentry.o)
    0x000000e4   0x00000000   Code   RO         1483    .ARM.Collect$$rtentry$$00000002  c_p.l(rtentry2.o)
    0x000000e4   0x00000006   Code   RO         1495    .ARM.Collect$$rtentry$$00000004  c_p.l(rtentry4.o)
    0x000000ea   0x00000000   Code   RO         1485    .ARM.Collect$$rtentry$$00000009  c_p.l(rtentry2.o)
    0x000000ea   0x00000004   Code   RO         1486    .ARM.Collect$$rtentry$$0000000A  c_p.l(rtentry2.o)
    0x000000ee   0x00000000   Code   RO         1488    .ARM.Collect$$rtentry$$0000000C  c_p.l(rtentry2.o)
    0x000000ee   0x00000008   Code   RO         1489    .ARM.Collect$$rtentry$$0000000D  c_p.l(rtentry2.o)
    0x000000f6   0x00000002   Code   RO         1520    .ARM.Collect$$rtexit$$00000000  c_p.l(rtexit.o)
    0x000000f8   0x00000000   Code   RO         1566    .ARM.Collect$$rtexit$$00000002  c_p.l(rtexit2.o)
    0x000000f8   0x00000004   Code   RO         1567    .ARM.Collect$$rtexit$$00000003  c_p.l(rtexit2.o)
    0x000000fc   0x00000006   Code   RO         1568    .ARM.Collect$$rtexit$$00000004  c_p.l(rtexit2.o)
    0x00000102   0x00000002   PAD
    0x00000104   0x00000038   Code   RO         1460    .emb_text           c_p.l(rt_memcpy.o)
    0x0000013c   0x00000054   Code   RO          407    .text               arm_startup_nrf51.o
    0x00000190   0x0000001c   Code   RO         1409    .text               c_p.l(noretval__2printf.o)
    0x000001ac   0x0000006c   Code   RO         1411    .text               c_p.l(__printf.o)
    0x00000218   0x00000058   Code   RO         1416    .text               c_p.l(_printf_hex_int.o)
    0x00000270   0x00000006   Code   RO         1464    .text               c_p.l(heapauxi.o)
    0x00000276   0x00000002   PAD
    0x00000278   0x0000044c   Code   RO         1468    .text               fz_ps.l(ddiv.o)
    0x000006c4   0x0000006c   Code   RO         1471    .text               fz_ps.l(dfixi.o)
    0x00000730   0x00000058   Code   RO         1473    .text               fz_ps.l(dflti.o)
    0x00000788   0x000000b0   Code   RO         1476    .text               c_p.l(_printf_intcommon.o)
    0x00000838   0x00000028   Code   RO         1478    .text               c_p.l(_printf_char_file.o)
    0x00000860   0x00000030   Code   RO         1497    .text               c_p.l(_printf_char_common.o)
    0x00000890   0x00000008   Code   RO         1499    .text               c_p.l(ferror.o)
    0x00000898   0x0000003e   Code   RO         1503    .text               c_p.l(sys_stackheap_outer.o)
    0x000008d6   0x0000000c   Code   RO         1508    .text               c_p.l(exit.o)
    0x000008e2   0x00000002   PAD
    0x000008e4   0x00000008   Code   RO         1516    .text               c_p.l(libspace.o)
    0x000008ec   0x0000000c   Code   RO         1576    .text               c_p.l(sys_exit.o)
    0x000008f8   0x00000002   Code   RO         1587    .text               c_p.l(use_no_semi.o)
    0x000008fa   0x00000000   Code   RO         1589    .text               c_p.l(indicate_semi.o)
    0x000008fa   0x0000001e   Code   RO            7    i.LED_BT_blue       main.o
    0x00000918   0x0000001c   Code   RO           14    i.LED_PWR_yellow    main.o
    0x00000934   0x00000022   Code   RO           17    i.LED_indicator_init  main.o
    0x00000956   0x00000022   Code   RO           18    i.LED_vertBoard_init  main.o
    0x00000978   0x0000001c   Code   RO           19    i.MUX_init          main.o
    0x00000994   0x00000052   Code   RO           20    i.MUX_set           main.o
    0x000009e6   0x00000002   PAD
    0x000009e8   0x00000158   Code   RO           21    i.RGBW_get          main.o
    0x00000b40   0x0000001e   Code   RO           23    i.RGBW_on           main.o
    0x00000b5e   0x00000002   PAD
    0x00000b60   0x00000014   Code   RO          523    i.SPI0_TWI0_IRQHandler  nrf_drv_twi.o
    0x00000b74   0x00000014   Code   RO          524    i.SPI1_TWI1_IRQHandler  nrf_drv_twi.o
    0x00000b88   0x000000a0   Code   RO          414    i.SystemInit        system_nrf51.o
    0x00000c28   0x00000014   Code   RO          723    i.UART0_IRQHandler  nrf_drv_uart.o
    0x00000c3c   0x0000001c   Code   RO          967    i.app_error_fault_handler  app_error_weak.o
    0x00000c58   0x00000018   Code   RO          929    i.app_error_handler_bare  app_error.o
    0x00000c70   0x00000016   Code   RO         1158    i.app_fifo_get      app_fifo.o
    0x00000c86   0x00000024   Code   RO         1159    i.app_fifo_init     app_fifo.o
    0x00000caa   0x0000001a   Code   RO         1161    i.app_fifo_put      app_fifo.o
    0x00000cc4   0x000000b0   Code   RO         1055    i.app_uart_init     app_uart_fifo.o
    0x00000d74   0x00000040   Code   RO         1056    i.app_uart_put      app_uart_fifo.o
    0x00000db4   0x00000076   Code   RO          724    i.apply_config      nrf_drv_uart.o
    0x00000e2a   0x00000002   PAD
    0x00000e2c   0x00000058   Code   RO           25    i.band_uart_init    main.o
    0x00000e84   0x0000003c   Code   RO           26    i.button_init_interrupt  main.o
    0x00000ec0   0x00000014   Code   RO         1164    i.fifo_get          app_fifo.o
    0x00000ed4   0x00000012   Code   RO         1165    i.fifo_put          app_fifo.o
    0x00000ee6   0x0000000e   Code   RO         1124    i.fputc             retarget.o
    0x00000ef4   0x00000008   Code   RO           28    i.in_pin_handler    main.o
    0x00000efc   0x000000ac   Code   RO          525    i.irq_handler_twi   nrf_drv_twi.o
    0x00000fa8   0x00000048   Code   RO          415    i.is_manual_peripheral_setup_needed  system_nrf51.o
    0x00000ff0   0x0000008c   Code   RO           29    i.main              main.o
    0x0000107c   0x00000034   Code   RO           30    i.nrf_delay_ms      main.o
    0x000010b0   0x00000030   Code   RO          526    i.nrf_delay_us      nrf_drv_twi.o
    0x000010e0   0x00000060   Code   RO          462    i.nrf_drv_common_irq_enable  nrf_drv_common.o
    0x00001140   0x00000020   Code   RO          529    i.nrf_drv_twi_enable  nrf_drv_twi.o
    0x00001160   0x00000088   Code   RO          530    i.nrf_drv_twi_init  nrf_drv_twi.o
    0x000011e8   0x00000024   Code   RO          531    i.nrf_drv_twi_rx    nrf_drv_twi.o
    0x0000120c   0x00000024   Code   RO          534    i.nrf_drv_twi_tx    nrf_drv_twi.o
    0x00001230   0x00000028   Code   RO          536    i.nrf_drv_twi_xfer  nrf_drv_twi.o
    0x00001258   0x00000080   Code   RO          726    i.nrf_drv_uart_init  nrf_drv_uart.o
    0x000012d8   0x0000005c   Code   RO          727    i.nrf_drv_uart_rx   nrf_drv_uart.o
    0x00001334   0x0000002c   Code   RO          730    i.nrf_drv_uart_rx_enable  nrf_drv_uart.o
    0x00001360   0x000000a8   Code   RO          731    i.nrf_drv_uart_rx_for_uart  nrf_drv_uart.o
    0x00001408   0x00000034   Code   RO          732    i.nrf_drv_uart_tx   nrf_drv_uart.o
    0x0000143c   0x0000008c   Code   RO          734    i.nrf_drv_uart_tx_for_uart  nrf_drv_uart.o
    0x000014c8   0x00000018   Code   RO          735    i.nrf_drv_uart_tx_in_progress  nrf_drv_uart.o
    0x000014e0   0x00000028   Code   RO           31    i.nrf_gpio_cfg      main.o
    0x00001508   0x00000028   Code   RO          737    i.nrf_gpio_cfg      nrf_drv_uart.o
    0x00001530   0x00000012   Code   RO          739    i.nrf_gpio_cfg_input  nrf_drv_uart.o
    0x00001542   0x00000014   Code   RO           33    i.nrf_gpio_cfg_output  main.o
    0x00001556   0x00000014   Code   RO          740    i.nrf_gpio_cfg_output  nrf_drv_uart.o
    0x0000156a   0x00000002   PAD
    0x0000156c   0x00000010   Code   RO           34    i.nrf_gpio_pin_clear  main.o
    0x0000157c   0x00000010   Code   RO          537    i.nrf_gpio_pin_clear  nrf_drv_twi.o
    0x0000158c   0x00000010   Code   RO           36    i.nrf_gpio_pin_set  main.o
    0x0000159c   0x00000010   Code   RO          538    i.nrf_gpio_pin_set  nrf_drv_twi.o
    0x000015ac   0x00000010   Code   RO          741    i.nrf_gpio_pin_set  nrf_drv_uart.o
    0x000015bc   0x0000000c   Code   RO          539    i.nrf_twi_errorsrc_get_and_clear  nrf_drv_twi.o
    0x000015c8   0x0000000a   Code   RO          540    i.nrf_twi_event_check  nrf_drv_twi.o
    0x000015d2   0x0000000c   Code   RO          742    i.nrf_uart_errorsrc_get_and_clear  nrf_drv_uart.o
    0x000015de   0x0000000a   Code   RO          743    i.nrf_uart_event_check  nrf_drv_uart.o
    0x000015e8   0x0000000c   Code   RO          744    i.nrf_uart_hwfc_pins_set  nrf_drv_uart.o
    0x000015f4   0x00000010   Code   RO          745    i.nrf_uart_int_enable_check  nrf_drv_uart.o
    0x00001604   0x0000000c   Code   RO          746    i.nrf_uart_txrx_pins_set  nrf_drv_uart.o
    0x00001610   0x00000030   Code   RO           37    i.readi2cHighLow    main.o
    0x00001640   0x00000030   Code   RO           38    i.readi2cOneByte    main.o
    0x00001670   0x00000026   Code   RO          747    i.rx_byte           nrf_drv_uart.o
    0x00001696   0x00000014   Code   RO          748    i.rx_done_event     nrf_drv_uart.o
    0x000016aa   0x0000001a   Code   RO          749    i.rx_enable         nrf_drv_uart.o
    0x000016c4   0x00000054   Code   RO           40    i.scan_twi          main.o
    0x00001718   0x00000094   Code   RO          541    i.twi_clear_bus     nrf_drv_twi.o
    0x000017ac   0x00000030   Code   RO           43    i.twi_init          main.o
    0x000017dc   0x00000020   Code   RO          542    i.twi_process_error  nrf_drv_twi.o
    0x000017fc   0x0000009c   Code   RO          543    i.twi_rx_start_transfer  nrf_drv_twi.o
    0x00001898   0x0000002e   Code   RO          544    i.twi_send_byte     nrf_drv_twi.o
    0x000018c6   0x00000108   Code   RO          545    i.twi_transfer      nrf_drv_twi.o
    0x000019ce   0x00000002   PAD
    0x000019d0   0x00000098   Code   RO          546    i.twi_tx_start_transfer  nrf_drv_twi.o
    0x00001a68   0x0000008c   Code   RO          547    i.twi_xfer          nrf_drv_twi.o
    0x00001af4   0x0000001e   Code   RO          750    i.tx_byte           nrf_drv_uart.o
    0x00001b12   0x00000018   Code   RO          751    i.tx_done_event     nrf_drv_uart.o
    0x00001b2a   0x00000014   Code   RO           44    i.uart_error_handle  main.o
    0x00001b3e   0x00000002   PAD
    0x00001b40   0x000000a8   Code   RO         1057    i.uart_event_handler  app_uart_fifo.o
    0x00001be8   0x00000124   Code   RO          752    i.uart_irq_handler  nrf_drv_uart.o
    0x00001d0c   0x00000020   Code   RO           48    i.writei2c          main.o
    0x00001d2c   0x00000020   Code   RO           52    i.writei2cSingle    main.o
    0x00001d4c   0x00000000   Code   RO         1481    x$fpl$usenofp       fz_ps.l(usenofp.o)
    0x00001d4c   0x0000004c   Data   RO           54    .constdata          main.o
    0x00001d98   0x0000000c   Data   RO          552    .constdata          nrf_drv_twi.o
    0x00001da4   0x00000020   Data   RO         1059    .constdata          app_uart_fifo.o
    0x00001dc4   0x00000028   Data   RO         1417    .constdata          c_p.l(_printf_hex_int.o)
    0x00001dec   0x00000080   Data   RO         1469    .constdata          fz_ps.l(ddiv.o)
    0x00001e6c   0x00000000   Data   RO         1641    Region$$Table       anon$$obj.o


    Execution Region RW_IRAM1 (Base: 0x20000000, Size: 0x00001320, Max: 0x00008000, ABSOLUTE)

    Base Addr    Size         Type   Attr      Idx    E Section Name        Object

    0x20000000   0x00000004   Data   RW          416    .data               system_nrf51.o
    0x20000004   0x00000010   Data   RW         1060    .data               app_uart_fifo.o
    0x20000014   0x00000004   Data   RW         1125    .data               retarget.o
    0x20000018   0x00000218   Zero   RW           53    .bss                main.o
    0x20000230   0x00000050   Zero   RW          548    .bss                nrf_drv_twi.o
    0x20000280   0x0000001c   Zero   RW          753    .bss                nrf_drv_uart.o
    0x2000029c   0x00000020   Zero   RW         1058    .bss                app_uart_fifo.o
    0x200002bc   0x00000060   Zero   RW         1517    .bss                c_p.l(libspace.o)
    0x2000031c   0x00000004   PAD
    0x20000320   0x00000800   Zero   RW          405    HEAP                arm_startup_nrf51.o
    0x20000b20   0x00000800   Zero   RW          404    STACK               arm_startup_nrf51.o

