<html>
<body>
<pre>
<h1>µVision Build Log</h1>
<h2>Project:</h2>
C:\Users\knigh\Documents\nRF5_SDK_12.3.0_d7731ad-1\nRF5_SDK_12.3.0_d7731ad\examples\peripheral\bandSensorCode_12.3\pca10028\blank\arm4\twi_scanner_pca10028.uvproj
Project File Date:  12/15/2019

<h2>Output:</h2>
Build target 'nrf51422_xxac'
compiling main.c...
..\..\..\main.c(277): warning:  #940-D: missing return statement at end of non-void function "LED_indicator_init"
  }
..\..\..\main.c(283): warning:  #940-D: missing return statement at end of non-void function "LED_vertBoard_init"
  }
..\..\..\main.c(352): warning:  #181-D: argument is incompatible with corresponding format string conversion
                printf("  raw red: 0x%d\r\n",r );
..\..\..\main.c(353): warning:  #181-D: argument is incompatible with corresponding format string conversion
                printf("raw green: 0x%d\r\n",g );
..\..\..\main.c(354): warning:  #181-D: argument is incompatible with corresponding format string conversion
                printf(" raw blue:  0x%d\r\n",b );
..\..\..\main.c(355): warning:  #181-D: argument is incompatible with corresponding format string conversion
                printf("raw white:  0x%d\r\n",w );
..\..\..\main.c: 6 warnings, 0 errors
linking...
Program Size: Code=7524 RO-data=508 RW-data=24 ZI-data=4872  
FromELF: creating hex file...
".\_build\nrf51422_xxac.axf" - 0 Error(s), 6 Warning(s).
Load "C:\\Users\\knigh\\Documents\\nRF5_SDK_12.3.0_d7731ad-1\\nRF5_SDK_12.3.0_d7731ad\\examples\\peripheral\\bandSensorCode_12.3\\pca10028\\blank\\arm4\\_build\\nrf51422_xxac.axf" 
Set JLink Project File to "C:\Users\knigh\Documents\nRF5_SDK_12.3.0_d7731ad-1\nRF5_SDK_12.3.0_d7731ad\examples\peripheral\bandSensorCode_12.3\pca10028\blank\arm4\JLinkSettings.ini"
* JLink Info: Device "NRF51422_XXAC" selected.
 
JLink info:
------------
DLL: V6.54c, compiled Nov  7 2019 17:01:02
Firmware: J-Link OB-SAM3U128-V2-NordicSemi compiled Jan  7 2019 14:07:15
Hardware: V1.00
S/N : 681965173 
 
* JLink Info: Found SW-DP with ID 0x0BB11477
* JLink Info: Scanning AP map to find all available APs
* JLink Info: AP[1]: Stopped AP scan as end of AP map has been reached
* JLink Info: AP[0]: AHB-AP (IDR: 0x04770021)
* JLink Info: Iterating through AP map to find AHB-AP to use
* JLink Info: AP[0]: Core found
* JLink Info: AP[0]: AHB-AP ROM base: 0xF0000000
* JLink Info: CPUID register: 0x410CC200. Implementer code: 0x41 (ARM)
* JLink Info: Found Cortex-M0 r0p0, Little endian.
* JLink Info: FPUnit: 4 code (BP) slots and 0 literal slots
* JLink Info: CoreSight components:
* JLink Info: ROMTbl[0] @ F0000000
* JLink Info: ROMTbl[0][0]: E00FF000, CID: B105100D, PID: 000BB471 ROM Table
* JLink Info: ROMTbl[1] @ E00FF000
* JLink Info: ROMTbl[1][0]: E000E000, CID: B105E00D, PID: 000BB008 SCS
* JLink Info: ROMTbl[1][1]: E0001000, CID: B105E00D, PID: 000BB00A DWT
* JLink Info: ROMTbl[1][2]: E0002000, CID: B105E00D, PID: 000BB00B FPB
* JLink Info: ROMTbl[0][1]: F0002000, CID: B105900D, PID: 000BB9A3 ???
ROMTableAddr = 0xE00FF003
* JLink Info: Reset: Halt core after reset via DEMCR.VC_CORERESET.
* JLink Info: Reset: Reset device via AIRCR.SYSRESETREQ.
 
Target info:
------------
Device: nRF51422_xxAC
VTarget = 3.300V
State of Pins: 
TCK: 0, TDI: 1, TDO: 1, TMS: 1, TRES: 1, TRST: 1
Hardware-Breakpoints: 4
Software-Breakpoints: 8192
Watchpoints:          2
JTAG speed: 1000 kHz
 
Erase Done.
Programming Done.
Verify OK.
* JLink Info: Reset: Halt core after reset via DEMCR.VC_CORERESET.
* JLink Info: Reset: Reset device via AIRCR.SYSRESETREQ.
Application running ...
ink info:
------------
DLL: V6.54c, compiled Nov  7 2019 17:01:02
Firmware: J-Link OB-SAM3U128-V2-NordicSemi compiled Jan  7 2019 14:07:15
Hardware: V1.00
S/N : 681965173 
 
* JLink Info: Found SW-DP with ID 0x0BB11477
* JLink Info: Scanning AP map to find all available APs
* JLink Info: AP[1]: Stopped AP scan as end of AP map has been reached
* JLink Info: AP[0]: AHB-AP (IDR: 0x04770021)
* JLink Info: Iterating through AP map to find AHB-AP to use
* JLink Info: AP[0]: Core found
* JLink Info: AP[0]: AHB-AP ROM base: 0xF0000000
* JLink Info: CPUID register: 0x410CC200. Implementer code: 0x41 (ARM)
* JLink Info: Found Cortex-M0 r0p0, Little endian.
* JLink Info: FPUnit: 4 code (BP) slots and 0 literal slots
* JLink Info: CoreSight components:
* JLink Info: ROMTbl[0] @ F0000000
* JLink Info: ROMTbl[0][0]: E00FF000, CID: B105100D, PID: 000BB471 ROM Table
* JLink Info: ROMTbl[1] @ E00FF000
* JLink Info: ROMTbl[1][0]: E000E000, CID: B105E00D, PID: 000BB008 SCS
* JLink Info: ROMTbl[1][1]: E0001000, CID: B105E00D, PID: 000BB00A DWT
* JLink Info: ROMTbl[1][2]: E0002000, CID: B105E00D, PID: 000BB00B FPB
* JLink Info: ROMTbl[0][1]: F0002000, CID: B105900D, PID: 000BB9A3 ???
ROMTableAddr = 0xE00FF003
* JLink Info: Reset: Halt core after reset via DEMCR.VC_CORERESET.
* JLink Info: Reset: Reset device via AIRCR.SYSRESETREQ.
 
Target info:
------------
Device: nRF51422_xxAC
VTarget = 3.300V
State of Pins: 
TCK: 0, TDI: 1, TDO: 1, TMS: 1, TRES: 1, TRST: 1
Hardware-Breakpoints: 4
Software-Breakpoints: 8192
Watchpoints:          2
JTAG speed: 1000 kHz
 
Erase Done.
Programming Done.
Verify OK.
* JLink Info: Reset: Halt core after reset via DEMCR.VC_CORERESET.
* JLink Info: Reset: Reset device via AIRCR.SYSRESETREQ.
Application running ...
