ARM Linker, 5.03 [Build 76] [MDK-ARM Lite]

==============================================================================

Section Cross References

    main.o(i.GPIOEXP0_init) refers to main.o(i.writei2c) for writei2c
    main.o(i.GPIOEXP0_readPort0) refers to main.o(i.readi2cOneByte) for readi2cOneByte
    main.o(i.GPIOEXP1_init) refers to main.o(i.writei2c1) for writei2c1
    main.o(i.GPIOEXP1_readPort0) refers to main.o(i.readi2cOneByte) for readi2cOneByte
    main.o(i.LED_BT_blue) refers to main.o(i.readi2cOneByte) for readi2cOneByte
    main.o(i.LED_BT_blue) refers to main.o(i.writei2cSingle) for writei2cSingle
    main.o(i.LED_BT_green) refers to main.o(i.readi2cOneByte) for readi2cOneByte
    main.o(i.LED_BT_green) refers to main.o(i.writei2cSingle) for writei2cSingle
    main.o(i.LED_BT_off) refers to main.o(i.readi2cOneByte) for readi2cOneByte
    main.o(i.LED_BT_off) refers to main.o(i.writei2cSingle) for writei2cSingle
    main.o(i.LED_PWR_bluegreen) refers to main.o(i.readi2cOneByte) for readi2cOneByte
    main.o(i.LED_PWR_bluegreen) refers to main.o(i.writei2cSingle) for writei2cSingle
    main.o(i.LED_PWR_green) refers to main.o(i.readi2cOneByte) for readi2cOneByte
    main.o(i.LED_PWR_green) refers to main.o(i.writei2cSingle) for writei2cSingle
    main.o(i.LED_PWR_off) refers to main.o(i.readi2cOneByte) for readi2cOneByte
    main.o(i.LED_PWR_off) refers to main.o(i.writei2cSingle) for writei2cSingle
    main.o(i.LED_PWR_red) refers to main.o(i.readi2cOneByte) for readi2cOneByte
    main.o(i.LED_PWR_red) refers to main.o(i.writei2cSingle) for writei2cSingle
    main.o(i.LED_PWR_yellow) refers to main.o(i.readi2cOneByte) for readi2cOneByte
    main.o(i.LED_PWR_yellow) refers to main.o(i.writei2cSingle) for writei2cSingle
    main.o(i.LED_WHITE_on) refers to _printf_percent.o(.ARM.Collect$$_printf_percent$$00000000) for _printf_percent
    main.o(i.LED_WHITE_on) refers to _printf_x.o(.ARM.Collect$$_printf_percent$$0000000C) for _printf_x
    main.o(i.LED_WHITE_on) refers to _printf_hex_int.o(.text) for _printf_longlong_hex
    main.o(i.LED_WHITE_on) refers to main.o(i.GPIOEXP0_readPort0) for GPIOEXP0_readPort0
    main.o(i.LED_WHITE_on) refers to noretval__2printf.o(.text) for __2printf
    main.o(i.LED_WHITE_on) refers to main.o(i.writei2cOneByte) for writei2cOneByte
    main.o(i.LED_demo) refers to main.o(i.LED_indicator_init) for LED_indicator_init
    main.o(i.LED_demo) refers to main.o(i.LED_BT_blue) for LED_BT_blue
    main.o(i.LED_demo) refers to main.o(i.LED_PWR_yellow) for LED_PWR_yellow
    main.o(i.LED_demo) refers to main.o(i.LED_PWR_red) for LED_PWR_red
    main.o(i.LED_demo) refers to main.o(i.nrf_delay_ms) for nrf_delay_ms
    main.o(i.LED_demo) refers to main.o(i.LED_BT_off) for LED_BT_off
    main.o(i.LED_demo) refers to main.o(i.LED_PWR_off) for LED_PWR_off
    main.o(i.LED_demo) refers to main.o(i.LED_PWR_green) for LED_PWR_green
    main.o(i.LED_demo) refers to main.o(i.LED_BT_green) for LED_BT_green
    main.o(i.LED_demo) refers to main.o(i.nrf_gpio_pin_read) for nrf_gpio_pin_read
    main.o(i.LED_indicator_init) refers to main.o(i.writei2cSingle) for writei2cSingle
    main.o(i.LED_vertBoard_init) refers to main.o(i.writei2cSingle) for writei2cSingle
    main.o(i.MUX_init) refers to main.o(i.nrf_gpio_cfg_output) for nrf_gpio_cfg_output
    main.o(i.MUX_set) refers to main.o(i.nrf_gpio_pin_set) for nrf_gpio_pin_set
    main.o(i.MUX_set) refers to main.o(i.nrf_gpio_pin_clear) for nrf_gpio_pin_clear
    main.o(i.RGBW_get) refers to _printf_percent.o(.ARM.Collect$$_printf_percent$$00000000) for _printf_percent
    main.o(i.RGBW_get) refers to _printf_x.o(.ARM.Collect$$_printf_percent$$0000000C) for _printf_x
    main.o(i.RGBW_get) refers to _printf_hex_int.o(.text) for _printf_longlong_hex
    main.o(i.RGBW_get) refers to main.o(i.readi2cHighLow) for readi2cHighLow
    main.o(i.RGBW_get) refers to dflti.o(.text) for __aeabi_ui2d
    main.o(i.RGBW_get) refers to ddiv.o(.text) for __aeabi_ddiv
    main.o(i.RGBW_get) refers to dfixi.o(.text) for __aeabi_d2iz
    main.o(i.RGBW_get) refers to noretval__2printf.o(.text) for __2printf
    main.o(i.RGBW_get) refers to main.o(.bss) for .bss
    main.o(i.RGBW_off) refers to main.o(i.writei2c) for writei2c
    main.o(i.RGBW_off) refers to main.o(i.readi2cHighLow) for readi2cHighLow
    main.o(i.RGBW_on) refers to main.o(i.writei2c) for writei2c
    main.o(i.RGBW_on) refers to main.o(i.readi2cHighLow) for readi2cHighLow
    main.o(i.VIBRO_test) refers to main.o(i.nrf_gpio_cfg_output) for nrf_gpio_cfg_output
    main.o(i.VIBRO_test) refers to main.o(i.nrf_gpio_pin_set) for nrf_gpio_pin_set
    main.o(i.VIBRO_test) refers to main.o(i.nrf_delay_ms) for nrf_delay_ms
    main.o(i.VIBRO_test) refers to main.o(i.nrf_gpio_pin_clear) for nrf_gpio_pin_clear
    main.o(i.band_uart_init) refers to rt_memcpy.o(.emb_text) for __aeabi_memcpy4
[...]
    sys_wrch.o(.text) refers (Special) to use_no_semi.o(.text) for __I$use$semihosting
    sys_wrch.o(.text) refers (Special) to indicate_semi.o(.text) for __semihosting_library_function
    defsig.o(CL$$defsig) refers to defsig_rtmem_inner.o(.text) for __rt_SIGRTMEM_inner
    defsig_abrt_inner.o(.text) refers to defsig_general.o(.text) for __default_signal_display
    defsig_fpe_inner.o(.text) refers to defsig_general.o(.text) for __default_signal_display
    defsig_rtred_inner.o(.text) refers to defsig_general.o(.text) for __default_signal_display
    defsig_stak_inner.o(.text) refers to defsig_general.o(.text) for __default_signal_display
    defsig_pvfn_inner.o(.text) refers to defsig_general.o(.text) for __default_signal_display
    defsig_cppl_inner.o(.text) refers to defsig_general.o(.text) for __default_signal_display
    defsig_segv_inner.o(.text) refers to defsig_general.o(.text) for __default_signal_display
    defsig_other.o(.text) refers to defsig_general.o(.text) for __default_signal_display


==============================================================================

Removing Unused input sections from the image.

    Removing main.o(.rev16_text), (4 bytes).
    Removing main.o(.revsh_text), (4 bytes).
    Removing main.o(i.GPIOEXP0_init), (42 bytes).
    Removing main.o(i.GPIOEXP0_readPort0), (12 bytes).
    Removing main.o(i.GPIOEXP1_init), (42 bytes).
    Removing main.o(i.GPIOEXP1_readPort0), (12 bytes).
    Removing main.o(i.LED_BT_green), (30 bytes).
    Removing main.o(i.LED_PWR_bluegreen), (28 bytes).
    Removing main.o(i.LED_PWR_green), (28 bytes).
    Removing main.o(i.LED_WHITE_on), (48 bytes).
    Removing main.o(i.LED_demo), (168 bytes).
    Removing main.o(i.RGBW_get), (344 bytes).
    Removing main.o(i.RGBW_off), (34 bytes).
    Removing main.o(i.VIBRO_test), (36 bytes).
    Removing main.o(i.button_init_simple), (20 bytes).
    Removing main.o(i.nrf_gpio_cfg_input), (18 bytes).
    Removing main.o(i.nrf_gpio_pin_read), (16 bytes).
    Removing main.o(i.readi2cOneByte1), (48 bytes).
    Removing main.o(i.scan_twi1), (84 bytes).
    Removing main.o(i.twi1_init), (48 bytes).
    Removing main.o(i.vibro_init), (10 bytes).
    Removing main.o(i.vibro_start), (10 bytes).
    Removing main.o(i.vibro_stop), (10 bytes).
    Removing main.o(i.writei2c1), (32 bytes).
    Removing main.o(i.writei2cOneByte), (28 bytes).
    Removing main.o(i.writei2cOneByte1), (28 bytes).
    Removing system_nrf51.o(.rev16_text), (4 bytes).
    Removing system_nrf51.o(.revsh_text), (4 bytes).
    Removing system_nrf51.o(i.SystemCoreClockUpdate), (16 bytes).
    Removing nrf_drv_common.o(.rev16_text), (4 bytes).
    Removing nrf_drv_common.o(.revsh_text), (4 bytes).
    Removing nrf_drv_twi.o(.rev16_text), (4 bytes).
    Removing nrf_drv_twi.o(.revsh_text), (4 bytes).
    Removing nrf_drv_twi.o(i.nrf_drv_twi_data_count_get), (20 bytes).
    Removing nrf_drv_twi.o(i.nrf_drv_twi_disable), (56 bytes).
    Removing nrf_drv_twi.o(i.nrf_drv_twi_start_task_get), (16 bytes).
    Removing nrf_drv_twi.o(i.nrf_drv_twi_stopped_event_get), (8 bytes).
    Removing nrf_drv_twi.o(i.nrf_drv_twi_uninit), (104 bytes).
    Removing nrf_drv_twi.o(.constdata), (17 bytes).
    Removing nrf_drv_twi.o(.constdata), (9 bytes).
    Removing nrf_drv_twi.o(.constdata), (17 bytes).
    Removing nrf_drv_uart.o(.rev16_text), (4 bytes).
    Removing nrf_drv_uart.o(.revsh_text), (4 bytes).
    Removing nrf_drv_uart.o(i.nrf_drv_uart_errorsrc_get), (20 bytes).
    Removing nrf_drv_uart.o(i.nrf_drv_uart_rx_abort), (22 bytes).
    Removing nrf_drv_uart.o(i.nrf_drv_uart_rx_disable), (28 bytes).
    Removing nrf_drv_uart.o(i.nrf_drv_uart_tx_abort), (48 bytes).
    Removing nrf_drv_uart.o(i.nrf_drv_uart_uninit), (164 bytes).
    Removing nrf_drv_uart.o(i.nrf_gpio_cfg_default), (18 bytes).
    Removing nrf_drv_uart.o(.constdata), (18 bytes).
    Removing nrf_drv_uart.o(.constdata), (25 bytes).
    Removing nrf_drv_uart.o(.constdata), (16 bytes).
    Removing nrf_drv_uart.o(.constdata), (25 bytes).
    Removing nrf_drv_uart.o(.constdata), (16 bytes).
    Removing nrf_drv_gpiote.o(.rev16_text), (4 bytes).
    Removing nrf_drv_gpiote.o(.revsh_text), (4 bytes).
    Removing nrf_drv_gpiote.o(i.nrf_drv_gpiote_in_event_addr_get), (40 bytes).
    Removing nrf_drv_gpiote.o(i.nrf_drv_gpiote_in_event_disable), (72 bytes).
    Removing nrf_drv_gpiote.o(i.nrf_drv_gpiote_in_is_set), (14 bytes).
    Removing nrf_drv_gpiote.o(i.nrf_drv_gpiote_in_uninit), (76 bytes).
    Removing nrf_drv_gpiote.o(i.nrf_drv_gpiote_is_init), (16 bytes).
    Removing nrf_drv_gpiote.o(i.nrf_drv_gpiote_out_clear), (8 bytes).
    Removing nrf_drv_gpiote.o(i.nrf_drv_gpiote_out_init), (148 bytes).
    Removing nrf_drv_gpiote.o(i.nrf_drv_gpiote_out_set), (8 bytes).
    Removing nrf_drv_gpiote.o(i.nrf_drv_gpiote_out_task_addr_get), (20 bytes).
    Removing nrf_drv_gpiote.o(i.nrf_drv_gpiote_out_task_disable), (32 bytes).
    Removing nrf_drv_gpiote.o(i.nrf_drv_gpiote_out_task_enable), (48 bytes).
    Removing nrf_drv_gpiote.o(i.nrf_drv_gpiote_out_task_force), (44 bytes).
    Removing nrf_drv_gpiote.o(i.nrf_drv_gpiote_out_task_trigger), (24 bytes).
    Removing nrf_drv_gpiote.o(i.nrf_drv_gpiote_out_toggle), (24 bytes).
    Removing nrf_drv_gpiote.o(i.nrf_drv_gpiote_out_uninit), (68 bytes).
    Removing nrf_drv_gpiote.o(i.nrf_drv_gpiote_uninit), (60 bytes).
    Removing nrf_drv_gpiote.o(i.nrf_gpio_cfg_default), (18 bytes).
    Removing nrf_drv_gpiote.o(i.nrf_gpio_pin_clear), (16 bytes).
    Removing nrf_drv_gpiote.o(i.nrf_gpio_pin_set), (16 bytes).
    Removing nrf_drv_gpiote.o(.constdata), (20 bytes).
    Removing nrf_drv_gpiote.o(.constdata), (24 bytes).
    Removing nrf_drv_gpiote.o(.constdata), (23 bytes).
    Removing app_error.o(.rev16_text), (4 bytes).
    Removing app_error.o(.revsh_text), (4 bytes).
    Removing app_error.o(i.app_error_handler), (28 bytes).
    Removing app_error.o(i.app_error_save_and_stop), (100 bytes).
    Removing app_error.o(.bss), (32 bytes).
    Removing app_error_weak.o(.rev16_text), (4 bytes).
    Removing app_error_weak.o(.revsh_text), (4 bytes).
    Removing app_util_platform.o(.rev16_text), (4 bytes).
    Removing app_util_platform.o(.revsh_text), (4 bytes).
    Removing app_util_platform.o(i.app_util_critical_region_enter), (8 bytes).
    Removing app_util_platform.o(i.app_util_critical_region_exit), (8 bytes).
    Removing app_util_platform.o(i.app_util_disable_irq), (16 bytes).
    Removing app_util_platform.o(i.app_util_enable_irq), (20 bytes).
    Removing app_util_platform.o(.data), (4 bytes).
    Removing nrf_assert.o(.rev16_text), (4 bytes).
    Removing nrf_assert.o(.revsh_text), (4 bytes).
    Removing nrf_assert.o(i.assert_nrf_callback), (24 bytes).
    Removing app_uart_fifo.o(.rev16_text), (4 bytes).
    Removing app_uart_fifo.o(.revsh_text), (4 bytes).
    Removing app_uart_fifo.o(i.app_uart_close), (16 bytes).
    Removing app_uart_fifo.o(i.app_uart_flush), (28 bytes).
    Removing app_uart_fifo.o(i.app_uart_get), (56 bytes).
    Removing retarget.o(.rev16_text), (4 bytes).
    Removing retarget.o(.revsh_text), (4 bytes).
    Removing retarget.o(i.fgetc), (18 bytes).
    Removing retarget.o(.data), (4 bytes).
    Removing app_fifo.o(.rev16_text), (4 bytes).
    Removing app_fifo.o(.revsh_text), (4 bytes).
    Removing app_fifo.o(i.app_fifo_flush), (8 bytes).
    Removing app_fifo.o(i.app_fifo_peek), (34 bytes).
    Removing app_fifo.o(i.app_fifo_read), (72 bytes).
    Removing app_fifo.o(i.app_fifo_write), (78 bytes).
    Removing nrf_log_backend_serial.o(.rev16_text), (4 bytes).
    Removing nrf_log_backend_serial.o(.revsh_text), (4 bytes).
    Removing nrf_log_frontend.o(.rev16_text), (4 bytes).
    Removing nrf_log_frontend.o(.revsh_text), (4 bytes).
    Removing segger_rtt.o(.rev16_text), (4 bytes).
    Removing segger_rtt.o(.revsh_text), (4 bytes).
    Removing segger_rtt.o(i.SEGGER_RTT_ConfigDownBuffer), (88 bytes).
    Removing segger_rtt.o(i.SEGGER_RTT_ConfigUpBuffer), (88 bytes).
    Removing segger_rtt.o(i.SEGGER_RTT_GetKey), (28 bytes).
    Removing segger_rtt.o(i.SEGGER_RTT_HasData), (20 bytes).
    Removing segger_rtt.o(i.SEGGER_RTT_HasKey), (36 bytes).
    Removing segger_rtt.o(i.SEGGER_RTT_Init), (20 bytes).
    Removing segger_rtt.o(i.SEGGER_RTT_Read), (38 bytes).
    Removing segger_rtt.o(i.SEGGER_RTT_ReadNoLock), (128 bytes).
    Removing segger_rtt.o(i.SEGGER_RTT_SetNameDownBuffer), (60 bytes).
    Removing segger_rtt.o(i.SEGGER_RTT_SetNameUpBuffer), (60 bytes).
    Removing segger_rtt.o(i.SEGGER_RTT_SetTerminal), (128 bytes).
    Removing segger_rtt.o(i.SEGGER_RTT_TerminalOut), (168 bytes).
    Removing segger_rtt.o(i.SEGGER_RTT_WaitKey), (12 bytes).
    Removing segger_rtt.o(i.SEGGER_RTT_Write), (56 bytes).
    Removing segger_rtt.o(i.SEGGER_RTT_WriteNoLock), (92 bytes).
    Removing segger_rtt.o(i.SEGGER_RTT_WriteSkipNoLock), (108 bytes).
    Removing segger_rtt.o(i.SEGGER_RTT_WriteString), (24 bytes).
    Removing segger_rtt.o(i._DoInit), (104 bytes).
    Removing segger_rtt.o(i._GetAvailWriteSpace), (22 bytes).
    Removing segger_rtt.o(i._PostTerminalSwitch), (32 bytes).
    Removing segger_rtt.o(i._WriteBlocking), (96 bytes).
    Removing segger_rtt.o(i._WriteNoCheck), (60 bytes).
    Removing segger_rtt.o(.bss), (200 bytes).
    Removing segger_rtt.o(.data), (17 bytes).

140 unused section(s) (total 5025 bytes) removed from the image.

==============================================================================

Image Symbol Table

    Local Symbols

    Symbol Name                              Value     Ov Type        Size  Object(Section)

    RESET                                    0x00000000   Section      192  arm_startup_nrf51.o(RESET)
    ../clib/angel/boardlib.s                 0x00000000   Number         0  boardinit2.o ABSOLUTE
    ../clib/angel/boardlib.s                 0x00000000   Number         0  boardinit3.o ABSOLUTE
    ../clib/angel/boardlib.s                 0x00000000   Number         0  boardinit1.o ABSOLUTE
    ../clib/angel/boardlib.s                 0x00000000   Number         0  boardshut.o ABSOLUTE
    ../clib/angel/handlers.s                 0x00000000   Number         0  __scatter_zi.o ABSOLUTE
    ../clib/angel/handlers.s                 0x00000000   Number         0  __scatter_copy.o ABSOLUTE
    ../clib/angel/kernel.s                   0x00000000   Number         0  rtexit2.o ABSOLUTE
    ../clib/angel/kernel.s                   0x00000000   Number         0  rtentry.o ABSOLUTE
    ../clib/angel/kernel.s                   0x00000000   Number         0  rtentry2.o ABSOLUTE
    ../clib/angel/kernel.s                   0x00000000   Number         0  rtentry4.o ABSOLUTE
    ../clib/angel/kernel.s                   0x00000000   Number         0  rtexit.o ABSOLUTE
    ../clib/angel/rt.s                       0x00000000   Number         0  rt_raise.o ABSOLUTE
    ../clib/angel/scatterp.s                 0x00000000   Number         0  __scatter.o ABSOLUTE
    ../clib/angel/startup.s                  0x00000000   Number         0  __main.o ABSOLUTE
    ../clib/angel/sys.s                      0x00000000   Number         0  use_no_semi.o ABSOLUTE
    ../clib/angel/sys.s                      0x00000000   Number         0  indicate_semi.o ABSOLUTE
    ../clib/angel/sys.s                      0x00000000   Number         0  tempstk.o ABSOLUTE
    ../clib/angel/sys.s                      0x00000000   Number         0  sys_stackheap_outer.o ABSOLUTE
    ../clib/angel/sys.s                      0x00000000   Number         0  libspace.o ABSOLUTE
    ../clib/angel/sysapp.c                   0x00000000   Number         0  sys_command.o ABSOLUTE
    ../clib/angel/sysapp.c                   0x00000000   Number         0  sys_exit.o ABSOLUTE
    ../clib/angel/sysapp.c                   0x00000000   Number         0  sys_wrch.o ABSOLUTE
    ../clib/armsys.c                         0x00000000   Number         0  no_argv.o ABSOLUTE
    ../clib/armsys.c                         0x00000000   Number         0  argv_veneer.o ABSOLUTE
    ../clib/armsys.c                         0x00000000   Number         0  _get_argv_nomalloc.o ABSOLUTE
    ../clib/heapalloc.c                      0x00000000   Number         0  hrguard.o ABSOLUTE
    ../clib/heapaux.c                        0x00000000   Number         0  heapauxi.o ABSOLUTE
    ../clib/libinit.s                        0x00000000   Number         0  libshutdown2.o ABSOLUTE
    ../clib/libinit.s                        0x00000000   Number         0  libinit.o ABSOLUTE
    ../clib/libinit.s                        0x00000000   Number         0  libinit2.o ABSOLUTE
    ../clib/libinit.s                        0x00000000   Number         0  libshutdown.o ABSOLUTE
    ../clib/memcpset.c                       0x00000000   Number         0  rt_memcpy.o ABSOLUTE
    ../clib/memcpset.c                       0x00000000   Number         0  rt_memcpy.o ABSOLUTE
    ../clib/printf.c                         0x00000000   Number         0  __2printf.o ABSOLUTE
    ../clib/printf.c                         0x00000000   Number         0  _printf_char_file.o ABSOLUTE
    ../clib/printf.c                         0x00000000   Number         0  _printf_char_common.o ABSOLUTE
    ../clib/printf.c                         0x00000000   Number         0  __printf_flags_ss.o ABSOLUTE
    ../clib/printf.c                         0x00000000   Number         0  __printf_flags_ss_wp.o ABSOLUTE
    ../clib/printf.c                         0x00000000   Number         0  __printf_flags_wp.o ABSOLUTE
    ../clib/printf.c                         0x00000000   Number         0  __printf_wp.o ABSOLUTE
    ../clib/printf.c                         0x00000000   Number         0  __printf_ss.o ABSOLUTE
    ../clib/printf.c                         0x00000000   Number         0  __printf_flags.o ABSOLUTE
    ../clib/printf.c                         0x00000000   Number         0  _printf_hex_int_ll_ptr.o ABSOLUTE
    ../clib/printf.c                         0x00000000   Number         0  _printf_hex_ll_ptr.o ABSOLUTE
    ../clib/printf.c                         0x00000000   Number         0  _printf_hex_int_ptr.o ABSOLUTE
    ../clib/printf.c                         0x00000000   Number         0  _printf_hex_ptr.o ABSOLUTE
    ../clib/printf.c                         0x00000000   Number         0  __printf_nopercent.o ABSOLUTE
    ../clib/printf.c                         0x00000000   Number         0  _printf_hex_int_ll.o ABSOLUTE
    ../clib/printf.c                         0x00000000   Number         0  _printf_hex_int.o ABSOLUTE
    ../clib/printf.c                         0x00000000   Number         0  _printf_hex_ll.o ABSOLUTE
    ../clib/printf.c                         0x00000000   Number         0  __printf.o ABSOLUTE
    ../clib/printf.c                         0x00000000   Number         0  noretval__2printf.o ABSOLUTE
    ../clib/printf.c                         0x00000000   Number         0  __printf_ss_wp.o ABSOLUTE
    ../clib/printf.c                         0x00000000   Number         0  _printf_intcommon.o ABSOLUTE
    ../clib/printf_percent.s                 0x00000000   Number         0  _printf_percent.o ABSOLUTE
    ../clib/printf_percent.s                 0x00000000   Number         0  _printf_percent_end.o ABSOLUTE
    ../clib/printf_percent.s                 0x00000000   Number         0  _printf_x.o ABSOLUTE
    ../clib/signal.c                         0x00000000   Number         0  defsig_rtmem_inner.o ABSOLUTE
    ../clib/signal.c                         0x00000000   Number         0  __raise.o ABSOLUTE
    ../clib/signal.c                         0x00000000   Number         0  defsig_general.o ABSOLUTE
    ../clib/signal.c                         0x00000000   Number         0  defsig_rtmem_formal.o ABSOLUTE
    ../clib/signal.c                         0x00000000   Number         0  defsig_rtmem_outer.o ABSOLUTE
    ../clib/signal.c                         0x00000000   Number         0  defsig_cppl_inner.o ABSOLUTE
    ../clib/signal.c                         0x00000000   Number         0  defsig_rtred_inner.o ABSOLUTE
    ../clib/signal.c                         0x00000000   Number         0  defsig_fpe_inner.o ABSOLUTE
    ../clib/signal.c                         0x00000000   Number         0  defsig_abrt_inner.o ABSOLUTE
    ../clib/signal.c                         0x00000000   Number         0  defsig_segv_inner.o ABSOLUTE
    ../clib/signal.c                         0x00000000   Number         0  defsig_pvfn_inner.o ABSOLUTE
    ../clib/signal.c                         0x00000000   Number         0  defsig_stak_inner.o ABSOLUTE
    ../clib/signal.c                         0x00000000   Number         0  defsig_other.o ABSOLUTE
    ../clib/signal.c                         0x00000000   Number         0  defsig_exit.o ABSOLUTE
    ../clib/signal.s                         0x00000000   Number         0  defsig.o ABSOLUTE
    ../clib/stdio.c                          0x00000000   Number         0  ferror.o ABSOLUTE
    ../clib/stdio.c                          0x00000000   Number         0  ferror_locked.o ABSOLUTE
    ../clib/stdlib.c                         0x00000000   Number         0  exit.o ABSOLUTE
    ../clib/string.c                         0x00000000   Number         0  strcpy.o ABSOLUTE
    ../clib/string.c                         0x00000000   Number         0  strlen.o ABSOLUTE
    ../fplib/cfplib/ddiv.c                   0x00000000   Number         0  ddiv.o ABSOLUTE
    ../fplib/cfplib/ffix.c                   0x00000000   Number         0  dfixi.o ABSOLUTE
    ../fplib/cfplib/fflt.c                   0x00000000   Number         0  dflti.o ABSOLUTE
    ../fplib/cfplib/fpinit.c                 0x00000000   Number         0  fpinit.o ABSOLUTE
    ../fplib/usenofp.s                       0x00000000   Number         0  usenofp.o ABSOLUTE
    ..\..\..\..\..\..\components\drivers_nrf\common\nrf_drv_common.c 0x00000000   Number         0  nrf_drv_common.o ABSOLUTE
    ..\..\..\..\..\..\components\drivers_nrf\gpiote\nrf_drv_gpiote.c 0x00000000   Number         0  nrf_drv_gpiote.o ABSOLUTE
    ..\..\..\..\..\..\components\drivers_nrf\twi_master\nrf_drv_twi.c 0x00000000   Number         0  nrf_drv_twi.o ABSOLUTE
    ..\..\..\..\..\..\components\drivers_nrf\uart\nrf_drv_uart.c 0x00000000   Number         0  nrf_drv_uart.o ABSOLUTE
    ..\..\..\..\..\..\components\libraries\fifo\app_fifo.c 0x00000000   Number         0  app_fifo.o ABSOLUTE
    ..\..\..\..\..\..\components\libraries\log\src\nrf_log_backend_serial.c 0x00000000   Number         0  nrf_log_backend_serial.o ABSOLUTE
    ..\..\..\..\..\..\components\libraries\log\src\nrf_log_frontend.c 0x00000000   Number         0  nrf_log_frontend.o ABSOLUTE
    ..\..\..\..\..\..\components\libraries\uart\app_uart_fifo.c 0x00000000   Number         0  app_uart_fifo.o ABSOLUTE
    ..\..\..\..\..\..\components\libraries\uart\retarget.c 0x00000000   Number         0  retarget.o ABSOLUTE
    ..\..\..\..\..\..\components\libraries\util\app_error.c 0x00000000   Number         0  app_error.o ABSOLUTE
    ..\..\..\..\..\..\components\libraries\util\app_error_weak.c 0x00000000   Number         0  app_error_weak.o ABSOLUTE
    ..\..\..\..\..\..\components\libraries\util\app_util_platform.c 0x00000000   Number         0  app_util_platform.o ABSOLUTE
    ..\..\..\..\..\..\components\libraries\util\nrf_assert.c 0x00000000   Number         0  nrf_assert.o ABSOLUTE
    ..\..\..\..\..\..\components\toolchain\arm\arm_startup_nrf51.s 0x00000000   Number         0  arm_startup_nrf51.o ABSOLUTE
    ..\..\..\..\..\..\components\toolchain\system_nrf51.c 0x00000000   Number         0  system_nrf51.o ABSOLUTE
    ..\..\..\..\..\..\external\segger_rtt\RTT_Syscalls_KEIL.c 0x00000000   Number         0  rtt_syscalls_keil.o ABSOLUTE
    ..\..\..\..\..\..\external\segger_rtt\SEGGER_RTT.c 0x00000000   Number         0  segger_rtt.o ABSOLUTE
    ..\..\..\..\..\..\external\segger_rtt\SEGGER_RTT_printf.c 0x00000000   Number         0  segger_rtt_printf.o ABSOLUTE
    ..\..\..\main.c                          0x00000000   Number         0  main.o ABSOLUTE
    ..\\..\\..\\..\\..\\..\\components\\drivers_nrf\\common\\nrf_drv_common.c 0x00000000   Number         0  nrf_drv_common.o ABSOLUTE
    ..\\..\\..\\..\\..\\..\\components\\drivers_nrf\\gpiote\\nrf_drv_gpiote.c 0x00000000   Number         0  nrf_drv_gpiote.o ABSOLUTE
    ..\\..\\..\\..\\..\\..\\components\\drivers_nrf\\twi_master\\nrf_drv_twi.c 0x00000000   Number         0  nrf_drv_twi.o ABSOLUTE
    ..\\..\\..\\..\\..\\..\\components\\drivers_nrf\\uart\\nrf_drv_uart.c 0x00000000   Number         0  nrf_drv_uart.o ABSOLUTE
    ..\\..\\..\\..\\..\\..\\components\\libraries\\fifo\\app_fifo.c 0x00000000   Number         0  app_fifo.o ABSOLUTE
    ..\\..\\..\\..\\..\\..\\components\\libraries\\log\\src\\nrf_log_backend_serial.c 0x00000000   Number         0  nrf_log_backend_serial.o ABSOLUTE
    ..\\..\\..\\..\\..\\..\\components\\libraries\\log\\src\\nrf_log_frontend.c 0x00000000   Number         0  nrf_log_frontend.o ABSOLUTE
    ..\\..\\..\\..\\..\\..\\components\\libraries\\uart\\app_uart_fifo.c 0x00000000   Number         0  app_uart_fifo.o ABSOLUTE
    ..\\..\\..\\..\\..\\..\\components\\libraries\\uart\\retarget.c 0x00000000   Number         0  retarget.o ABSOLUTE
    ..\\..\\..\\..\\..\\..\\components\\libraries\\util\\app_error.c 0x00000000   Number         0  app_error.o ABSOLUTE
    ..\\..\\..\\..\\..\\..\\components\\libraries\\util\\app_error_weak.c 0x00000000   Number         0  app_error_weak.o ABSOLUTE
    ..\\..\\..\\..\\..\\..\\components\\libraries\\util\\app_util_platform.c 0x00000000   Number         0  app_util_platform.o ABSOLUTE
    ..\\..\\..\\..\\..\\..\\components\\libraries\\util\\nrf_assert.c 0x00000000   Number         0  nrf_assert.o ABSOLUTE
    ..\\..\\..\\..\\..\\..\\components\\toolchain\\system_nrf51.c 0x00000000   Number         0  system_nrf51.o ABSOLUTE
    ..\\..\\..\\..\\..\\..\\external\\segger_rtt\\SEGGER_RTT.c 0x00000000   Number         0  segger_rtt.o ABSOLUTE
    ..\\..\\..\\main.c                       0x00000000   Number         0  main.o ABSOLUTE
    dc.s                                     0x00000000   Number         0  dc.o ABSOLUTE
    !!!main                                  0x000000c0   Section        8  __main.o(!!!main)
    !!!scatter                               0x000000c8   Section       60  __scatter.o(!!!scatter)
    !!handler_copy                           0x00000104   Section       26  __scatter_copy.o(!!handler_copy)
    !!handler_zi                             0x00000120   Section       28  __scatter_zi.o(!!handler_zi)
    .ARM.Collect$$_printf_percent$$00000000  0x0000013c   Section        2  _printf_percent.o(.ARM.Collect$$_printf_percent$$00000000)
    .ARM.Collect$$_printf_percent$$0000000C  0x0000013e   Section       10  _printf_x.o(.ARM.Collect$$_printf_percent$$0000000C)
    .ARM.Collect$$_printf_percent$$00000017  0x00000148   Section        4  _printf_percent_end.o(.ARM.Collect$$_printf_percent$$00000017)
    .ARM.Collect$$libinit$$00000000          0x0000014c   Section        2  libinit.o(.ARM.Collect$$libinit$$00000000)
    .ARM.Collect$$libinit$$00000001          0x0000014e   Section        4  libinit2.o(.ARM.Collect$$libinit$$00000001)
    .ARM.Collect$$libinit$$00000008          0x00000152   Section        0  libinit2.o(.ARM.Collect$$libinit$$00000008)
    .ARM.Collect$$libinit$$0000000A          0x00000152   Section        0  libinit2.o(.ARM.Collect$$libinit$$0000000A)
    .ARM.Collect$$libinit$$0000000C          0x00000152   Section        0  libinit2.o(.ARM.Collect$$libinit$$0000000C)
    .ARM.Collect$$libinit$$0000000F          0x00000152   Section        0  libinit2.o(.ARM.Collect$$libinit$$0000000F)
    .ARM.Collect$$libinit$$00000011          0x00000152   Section        0  libinit2.o(.ARM.Collect$$libinit$$00000011)
    .ARM.Collect$$libinit$$00000013          0x00000152   Section        0  libinit2.o(.ARM.Collect$$libinit$$00000013)
    .ARM.Collect$$libinit$$00000015          0x00000152   Section        0  libinit2.o(.ARM.Collect$$libinit$$00000015)
    .ARM.Collect$$libinit$$00000017          0x00000152   Section        0  libinit2.o(.ARM.Collect$$libinit$$00000017)
    .ARM.Collect$$libinit$$00000019          0x00000152   Section        0  libinit2.o(.ARM.Collect$$libinit$$00000019)
    .ARM.Collect$$libinit$$0000001B          0x00000152   Section        0  libinit2.o(.ARM.Collect$$libinit$$0000001B)
    .ARM.Collect$$libinit$$0000001D          0x00000152   Section        0  libinit2.o(.ARM.Collect$$libinit$$0000001D)
    .ARM.Collect$$libinit$$0000001F          0x00000152   Section        0  libinit2.o(.ARM.Collect$$libinit$$0000001F)
    .ARM.Collect$$libinit$$00000021          0x00000152   Section        0  libinit2.o(.ARM.Collect$$libinit$$00000021)
    .ARM.Collect$$libinit$$00000023          0x00000152   Section        0  libinit2.o(.ARM.Collect$$libinit$$00000023)
    .ARM.Collect$$libinit$$0000002A          0x00000152   Section        0  libinit2.o(.ARM.Collect$$libinit$$0000002A)
    .ARM.Collect$$libinit$$0000002C          0x00000152   Section        0  libinit2.o(.ARM.Collect$$libinit$$0000002C)
    .ARM.Collect$$libinit$$0000002E          0x00000152   Section        0  libinit2.o(.ARM.Collect$$libinit$$0000002E)
    .ARM.Collect$$libinit$$00000030          0x00000152   Section        0  libinit2.o(.ARM.Collect$$libinit$$00000030)
    .ARM.Collect$$libinit$$00000031          0x00000152   Section        2  libinit2.o(.ARM.Collect$$libinit$$00000031)
    .ARM.Collect$$libshutdown$$00000000      0x00000154   Section        2  libshutdown.o(.ARM.Collect$$libshutdown$$00000000)
    .ARM.Collect$$libshutdown$$00000003      0x00000156   Section        0  libshutdown2.o(.ARM.Collect$$libshutdown$$00000003)
    .ARM.Collect$$libshutdown$$00000006      0x00000156   Section        0  libshutdown2.o(.ARM.Collect$$libshutdown$$00000006)
    .ARM.Collect$$libshutdown$$00000009      0x00000156   Section        0  libshutdown2.o(.ARM.Collect$$libshutdown$$00000009)
    .ARM.Collect$$libshutdown$$0000000B      0x00000156   Section        0  libshutdown2.o(.ARM.Collect$$libshutdown$$0000000B)
    .ARM.Collect$$libshutdown$$0000000E      0x00000156   Section        0  libshutdown2.o(.ARM.Collect$$libshutdown$$0000000E)
    .ARM.Collect$$libshutdown$$0000000F      0x00000156   Section        2  libshutdown2.o(.ARM.Collect$$libshutdown$$0000000F)
    .ARM.Collect$$rtentry$$00000000          0x00000158   Section        0  rtentry.o(.ARM.Collect$$rtentry$$00000000)
    .ARM.Collect$$rtentry$$00000002          0x00000158   Section        0  rtentry2.o(.ARM.Collect$$rtentry$$00000002)
    .ARM.Collect$$rtentry$$00000004          0x00000158   Section        6  rtentry4.o(.ARM.Collect$$rtentry$$00000004)
    .ARM.Collect$$rtentry$$00000009          0x0000015e   Section        0  rtentry2.o(.ARM.Collect$$rtentry$$00000009)
    .ARM.Collect$$rtentry$$0000000A          0x0000015e   Section        4  rtentry2.o(.ARM.Collect$$rtentry$$0000000A)
    .ARM.Collect$$rtentry$$0000000C          0x00000162   Section        0  rtentry2.o(.ARM.Collect$$rtentry$$0000000C)
    .ARM.Collect$$rtentry$$0000000D          0x00000162   Section        8  rtentry2.o(.ARM.Collect$$rtentry$$0000000D)
    .ARM.Collect$$rtexit$$00000000           0x0000016a   Section        2  rtexit.o(.ARM.Collect$$rtexit$$00000000)
    .ARM.Collect$$rtexit$$00000002           0x0000016c   Section        0  rtexit2.o(.ARM.Collect$$rtexit$$00000002)
    .ARM.Collect$$rtexit$$00000003           0x0000016c   Section        4  rtexit2.o(.ARM.Collect$$rtexit$$00000003)
    .ARM.Collect$$rtexit$$00000004           0x00000170   Section        6  rtexit2.o(.ARM.Collect$$rtexit$$00000004)
    .emb_text                                0x00000178   Section       56  rt_memcpy.o(.emb_text)
    .text                                    0x000001b0   Section       84  arm_startup_nrf51.o(.text)
    .text                                    0x00000204   Section        0  noretval__2printf.o(.text)
    .text                                    0x00000220   Section        0  __printf.o(.text)
    .text                                    0x0000028c   Section        0  _printf_hex_int.o(.text)
    .text                                    0x000002e4   Section        0  heapauxi.o(.text)
    .text                                    0x000002ea   Section        0  _printf_intcommon.o(.text)
    .text                                    0x0000039c   Section        0  _printf_char_file.o(.text)
    .text                                    0x000003c4   Section        0  _printf_char_common.o(.text)
    _printf_input_char                       0x000003c5   Thumb Code    10  _printf_char_common.o(.text)
    .text                                    0x000003f4   Section        0  ferror.o(.text)
    .text                                    0x000003fc   Section       62  sys_stackheap_outer.o(.text)
    .text                                    0x0000043a   Section        0  exit.o(.text)
    .text                                    0x00000448   Section        8  libspace.o(.text)
    .text                                    0x00000450   Section        0  sys_exit.o(.text)
    .text                                    0x0000045c   Section        2  use_no_semi.o(.text)
    .text                                    0x0000045e   Section        0  indicate_semi.o(.text)
    i.GPIOTE_IRQHandler                      0x00000460   Section        0  nrf_drv_gpiote.o(i.GPIOTE_IRQHandler)
    i.LED_BT_blue                            0x000005dc   Section        0  main.o(i.LED_BT_blue)
    i.LED_BT_off                             0x000005fa   Section        0  main.o(i.LED_BT_off)
    i.LED_PWR_off                            0x00000616   Section        0  main.o(i.LED_PWR_off)
    i.LED_PWR_red                            0x00000632   Section        0  main.o(i.LED_PWR_red)
    i.LED_PWR_yellow                         0x0000064e   Section        0  main.o(i.LED_PWR_yellow)
    i.LED_indicator_init                     0x0000066a   Section        0  main.o(i.LED_indicator_init)
    i.LED_vertBoard_init                     0x0000068c   Section        0  main.o(i.LED_vertBoard_init)
    i.MUX_init                               0x000006ae   Section        0  main.o(i.MUX_init)
    i.MUX_set                                0x000006ca   Section        0  main.o(i.MUX_set)
    i.RGBW_on                                0x0000071c   Section        0  main.o(i.RGBW_on)
    i.SPI0_TWI0_IRQHandler                   0x0000073c   Section        0  nrf_drv_twi.o(i.SPI0_TWI0_IRQHandler)
    i.SPI1_TWI1_IRQHandler                   0x00000750   Section        0  nrf_drv_twi.o(i.SPI1_TWI1_IRQHandler)
    i.SystemInit                             0x00000764   Section        0  system_nrf51.o(i.SystemInit)
    i.UART0_IRQHandler                       0x00000804   Section        0  nrf_drv_uart.o(i.UART0_IRQHandler)
    i.app_error_fault_handler                0x00000818   Section        0  app_error_weak.o(i.app_error_fault_handler)
    i.app_error_handler_bare                 0x00000834   Section        0  app_error.o(i.app_error_handler_bare)
    i.app_fifo_get                           0x0000084c   Section        0  app_fifo.o(i.app_fifo_get)
    i.app_fifo_init                          0x00000862   Section        0  app_fifo.o(i.app_fifo_init)
    i.app_fifo_put                           0x00000886   Section        0  app_fifo.o(i.app_fifo_put)
    i.app_uart_init                          0x000008a0   Section        0  app_uart_fifo.o(i.app_uart_init)
    i.app_uart_put                           0x00000950   Section        0  app_uart_fifo.o(i.app_uart_put)
    i.apply_config                           0x00000990   Section        0  nrf_drv_uart.o(i.apply_config)
    apply_config                             0x00000991   Thumb Code   118  nrf_drv_uart.o(i.apply_config)
    i.band_uart_init                         0x00000a08   Section        0  main.o(i.band_uart_init)
    i.bt_btn_handler                         0x00000a60   Section        0  main.o(i.bt_btn_handler)
    i.button_init_interrupt                  0x00000a90   Section        0  main.o(i.button_init_interrupt)
    i.channel_free                           0x00000af0   Section        0  nrf_drv_gpiote.o(i.channel_free)
    channel_free                             0x00000af1   Thumb Code    22  nrf_drv_gpiote.o(i.channel_free)
    i.channel_port_alloc                     0x00000b0c   Section        0  nrf_drv_gpiote.o(i.channel_port_alloc)
    channel_port_alloc                       0x00000b0d   Thumb Code    66  nrf_drv_gpiote.o(i.channel_port_alloc)
    i.channel_port_get                       0x00000b54   Section        0  nrf_drv_gpiote.o(i.channel_port_get)
    channel_port_get                         0x00000b55   Thumb Code    10  nrf_drv_gpiote.o(i.channel_port_get)
    i.fifo_get                               0x00000b64   Section        0  app_fifo.o(i.fifo_get)
    fifo_get                                 0x00000b65   Thumb Code    20  app_fifo.o(i.fifo_get)
    i.fifo_put                               0x00000b78   Section        0  app_fifo.o(i.fifo_put)
    fifo_put                                 0x00000b79   Thumb Code    18  app_fifo.o(i.fifo_put)
    i.fputc                                  0x00000b8a   Section        0  retarget.o(i.fputc)
    i.irq_handler_twi                        0x00000b98   Section        0  nrf_drv_twi.o(i.irq_handler_twi)
    irq_handler_twi                          0x00000b99   Thumb Code   172  nrf_drv_twi.o(i.irq_handler_twi)
    i.is_manual_peripheral_setup_needed      0x00000c44   Section        0  system_nrf51.o(i.is_manual_peripheral_setup_needed)
    is_manual_peripheral_setup_needed        0x00000c45   Thumb Code    66  system_nrf51.o(i.is_manual_peripheral_setup_needed)
    i.main                                   0x00000c8c   Section        0  main.o(i.main)
    i.nrf_bitmask_bit_is_set                 0x00000cfc   Section        0  nrf_drv_gpiote.o(i.nrf_bitmask_bit_is_set)
    nrf_bitmask_bit_is_set                   0x00000cfd   Thumb Code    16  nrf_drv_gpiote.o(i.nrf_bitmask_bit_is_set)
    i.nrf_delay_ms                           0x00000d0c   Section        0  main.o(i.nrf_delay_ms)
    nrf_delay_ms                             0x00000d0d   Thumb Code    44  main.o(i.nrf_delay_ms)
    i.nrf_delay_us                           0x00000d40   Section        0  nrf_drv_twi.o(i.nrf_delay_us)
    nrf_delay_us                             0x00000d41   Thumb Code    38  nrf_drv_twi.o(i.nrf_delay_us)
    i.nrf_drv_common_irq_enable              0x00000d70   Section        0  nrf_drv_common.o(i.nrf_drv_common_irq_enable)
    i.nrf_drv_gpiote_in_event_enable         0x00000dd0   Section        0  nrf_drv_gpiote.o(i.nrf_drv_gpiote_in_event_enable)
    i.nrf_drv_gpiote_in_init                 0x00000e60   Section        0  nrf_drv_gpiote.o(i.nrf_drv_gpiote_in_init)
    i.nrf_drv_gpiote_init                    0x00000f00   Section        0  nrf_drv_gpiote.o(i.nrf_drv_gpiote_init)
    i.nrf_drv_twi_enable                     0x00000f5c   Section        0  nrf_drv_twi.o(i.nrf_drv_twi_enable)
    i.nrf_drv_twi_init                       0x00000f7c   Section        0  nrf_drv_twi.o(i.nrf_drv_twi_init)
    i.nrf_drv_twi_rx                         0x00001004   Section        0  nrf_drv_twi.o(i.nrf_drv_twi_rx)
    i.nrf_drv_twi_tx                         0x00001028   Section        0  nrf_drv_twi.o(i.nrf_drv_twi_tx)
    i.nrf_drv_twi_xfer                       0x0000104c   Section        0  nrf_drv_twi.o(i.nrf_drv_twi_xfer)
    i.nrf_drv_uart_init                      0x00001074   Section        0  nrf_drv_uart.o(i.nrf_drv_uart_init)
    i.nrf_drv_uart_rx                        0x000010f4   Section        0  nrf_drv_uart.o(i.nrf_drv_uart_rx)
    i.nrf_drv_uart_rx_enable                 0x00001150   Section        0  nrf_drv_uart.o(i.nrf_drv_uart_rx_enable)
    i.nrf_drv_uart_rx_for_uart               0x0000117c   Section        0  nrf_drv_uart.o(i.nrf_drv_uart_rx_for_uart)
    nrf_drv_uart_rx_for_uart                 0x0000117d   Thumb Code   164  nrf_drv_uart.o(i.nrf_drv_uart_rx_for_uart)
    i.nrf_drv_uart_tx                        0x00001224   Section        0  nrf_drv_uart.o(i.nrf_drv_uart_tx)
    i.nrf_drv_uart_tx_for_uart               0x00001258   Section        0  nrf_drv_uart.o(i.nrf_drv_uart_tx_for_uart)
    nrf_drv_uart_tx_for_uart                 0x00001259   Thumb Code   134  nrf_drv_uart.o(i.nrf_drv_uart_tx_for_uart)
    i.nrf_drv_uart_tx_in_progress            0x000012e4   Section        0  nrf_drv_uart.o(i.nrf_drv_uart_tx_in_progress)
    i.nrf_gpio_cfg                           0x000012fc   Section        0  main.o(i.nrf_gpio_cfg)
    nrf_gpio_cfg                             0x000012fd   Thumb Code    40  main.o(i.nrf_gpio_cfg)
    i.nrf_gpio_cfg                           0x00001324   Section        0  nrf_drv_uart.o(i.nrf_gpio_cfg)
    nrf_gpio_cfg                             0x00001325   Thumb Code    40  nrf_drv_uart.o(i.nrf_gpio_cfg)
    i.nrf_gpio_cfg                           0x0000134c   Section        0  nrf_drv_gpiote.o(i.nrf_gpio_cfg)
    nrf_gpio_cfg                             0x0000134d   Thumb Code    40  nrf_drv_gpiote.o(i.nrf_gpio_cfg)
    i.nrf_gpio_cfg_input                     0x00001374   Section        0  nrf_drv_uart.o(i.nrf_gpio_cfg_input)
    nrf_gpio_cfg_input                       0x00001375   Thumb Code    18  nrf_drv_uart.o(i.nrf_gpio_cfg_input)
    i.nrf_gpio_cfg_output                    0x00001386   Section        0  main.o(i.nrf_gpio_cfg_output)
    nrf_gpio_cfg_output                      0x00001387   Thumb Code    20  main.o(i.nrf_gpio_cfg_output)
    i.nrf_gpio_cfg_output                    0x0000139a   Section        0  nrf_drv_uart.o(i.nrf_gpio_cfg_output)
    nrf_gpio_cfg_output                      0x0000139b   Thumb Code    20  nrf_drv_uart.o(i.nrf_gpio_cfg_output)
    i.nrf_gpio_cfg_sense_set                 0x000013ae   Section        0  nrf_drv_gpiote.o(i.nrf_gpio_cfg_sense_set)
    nrf_gpio_cfg_sense_set                   0x000013af   Thumb Code    34  nrf_drv_gpiote.o(i.nrf_gpio_cfg_sense_set)
    i.nrf_gpio_pin_clear                     0x000013d0   Section        0  main.o(i.nrf_gpio_pin_clear)
    nrf_gpio_pin_clear                       0x000013d1   Thumb Code    10  main.o(i.nrf_gpio_pin_clear)
    i.nrf_gpio_pin_clear                     0x000013e0   Section        0  nrf_drv_twi.o(i.nrf_gpio_pin_clear)
    nrf_gpio_pin_clear                       0x000013e1   Thumb Code    10  nrf_drv_twi.o(i.nrf_gpio_pin_clear)
    i.nrf_gpio_pin_read                      0x000013f0   Section        0  nrf_drv_gpiote.o(i.nrf_gpio_pin_read)
    nrf_gpio_pin_read                        0x000013f1   Thumb Code    12  nrf_drv_gpiote.o(i.nrf_gpio_pin_read)
    i.nrf_gpio_pin_set                       0x00001400   Section        0  main.o(i.nrf_gpio_pin_set)
    nrf_gpio_pin_set                         0x00001401   Thumb Code    10  main.o(i.nrf_gpio_pin_set)
    i.nrf_gpio_pin_set                       0x00001410   Section        0  nrf_drv_twi.o(i.nrf_gpio_pin_set)
    nrf_gpio_pin_set                         0x00001411   Thumb Code    10  nrf_drv_twi.o(i.nrf_gpio_pin_set)
    i.nrf_gpio_pin_set                       0x00001420   Section        0  nrf_drv_uart.o(i.nrf_gpio_pin_set)
    nrf_gpio_pin_set                         0x00001421   Thumb Code    10  nrf_drv_uart.o(i.nrf_gpio_pin_set)
    i.nrf_gpio_ports_read                    0x00001430   Section        0  nrf_drv_gpiote.o(i.nrf_gpio_ports_read)
    nrf_gpio_ports_read                      0x00001431   Thumb Code    36  nrf_drv_gpiote.o(i.nrf_gpio_ports_read)
    i.nrf_gpiote_event_clear                 0x00001458   Section        0  nrf_drv_gpiote.o(i.nrf_gpiote_event_clear)
    nrf_gpiote_event_clear                   0x00001459   Thumb Code    10  nrf_drv_gpiote.o(i.nrf_gpiote_event_clear)
    i.nrf_gpiote_event_is_set                0x00001468   Section        0  nrf_drv_gpiote.o(i.nrf_gpiote_event_is_set)
    nrf_gpiote_event_is_set                  0x00001469   Thumb Code    14  nrf_drv_gpiote.o(i.nrf_gpiote_event_is_set)
    i.nrf_twi_errorsrc_get_and_clear         0x0000147c   Section        0  nrf_drv_twi.o(i.nrf_twi_errorsrc_get_and_clear)
    nrf_twi_errorsrc_get_and_clear           0x0000147d   Thumb Code    12  nrf_drv_twi.o(i.nrf_twi_errorsrc_get_and_clear)
    i.nrf_twi_event_check                    0x00001488   Section        0  nrf_drv_twi.o(i.nrf_twi_event_check)
    nrf_twi_event_check                      0x00001489   Thumb Code    10  nrf_drv_twi.o(i.nrf_twi_event_check)
    i.nrf_uart_errorsrc_get_and_clear        0x00001492   Section        0  nrf_drv_uart.o(i.nrf_uart_errorsrc_get_and_clear)
    nrf_uart_errorsrc_get_and_clear          0x00001493   Thumb Code    12  nrf_drv_uart.o(i.nrf_uart_errorsrc_get_and_clear)
    i.nrf_uart_event_check                   0x0000149e   Section        0  nrf_drv_uart.o(i.nrf_uart_event_check)
    nrf_uart_event_check                     0x0000149f   Thumb Code    10  nrf_drv_uart.o(i.nrf_uart_event_check)
    i.nrf_uart_hwfc_pins_set                 0x000014a8   Section        0  nrf_drv_uart.o(i.nrf_uart_hwfc_pins_set)
    nrf_uart_hwfc_pins_set                   0x000014a9   Thumb Code    12  nrf_drv_uart.o(i.nrf_uart_hwfc_pins_set)
    i.nrf_uart_int_enable_check              0x000014b4   Section        0  nrf_drv_uart.o(i.nrf_uart_int_enable_check)
    nrf_uart_int_enable_check                0x000014b5   Thumb Code    16  nrf_drv_uart.o(i.nrf_uart_int_enable_check)
    i.nrf_uart_txrx_pins_set                 0x000014c4   Section        0  nrf_drv_uart.o(i.nrf_uart_txrx_pins_set)
    nrf_uart_txrx_pins_set                   0x000014c5   Thumb Code    12  nrf_drv_uart.o(i.nrf_uart_txrx_pins_set)
    i.pin_in_use_by_gpiote                   0x000014d0   Section        0  nrf_drv_gpiote.o(i.pin_in_use_by_gpiote)
    pin_in_use_by_gpiote                     0x000014d1   Thumb Code    14  nrf_drv_gpiote.o(i.pin_in_use_by_gpiote)
    i.pin_in_use_by_port                     0x000014e4   Section        0  nrf_drv_gpiote.o(i.pin_in_use_by_port)
    pin_in_use_by_port                       0x000014e5   Thumb Code    20  nrf_drv_gpiote.o(i.pin_in_use_by_port)
    i.pin_in_use_by_te                       0x000014fc   Section        0  nrf_drv_gpiote.o(i.pin_in_use_by_te)
    pin_in_use_by_te                         0x000014fd   Thumb Code    20  nrf_drv_gpiote.o(i.pin_in_use_by_te)
    i.pwr_btn_handler                        0x00001514   Section        0  main.o(i.pwr_btn_handler)
    i.readi2cHighLow                         0x00001544   Section        0  main.o(i.readi2cHighLow)
    i.readi2cOneByte                         0x00001574   Section        0  main.o(i.readi2cOneByte)
    i.rx_byte                                0x000015a4   Section        0  nrf_drv_uart.o(i.rx_byte)
    rx_byte                                  0x000015a5   Thumb Code    38  nrf_drv_uart.o(i.rx_byte)
    i.rx_done_event                          0x000015ca   Section        0  nrf_drv_uart.o(i.rx_done_event)
    rx_done_event                            0x000015cb   Thumb Code    20  nrf_drv_uart.o(i.rx_done_event)
    i.rx_enable                              0x000015de   Section        0  nrf_drv_uart.o(i.rx_enable)
    rx_enable                                0x000015df   Thumb Code    26  nrf_drv_uart.o(i.rx_enable)
    i.scan_twi                               0x000015f8   Section        0  main.o(i.scan_twi)
    i.twi_clear_bus                          0x0000164c   Section        0  nrf_drv_twi.o(i.twi_clear_bus)
    twi_clear_bus                            0x0000164d   Thumb Code   134  nrf_drv_twi.o(i.twi_clear_bus)
    i.twi_init                               0x000016e0   Section        0  main.o(i.twi_init)
    i.twi_process_error                      0x00001710   Section        0  nrf_drv_twi.o(i.twi_process_error)
    twi_process_error                        0x00001711   Thumb Code    28  nrf_drv_twi.o(i.twi_process_error)
    i.twi_rx_start_transfer                  0x00001730   Section        0  nrf_drv_twi.o(i.twi_rx_start_transfer)
    twi_rx_start_transfer                    0x00001731   Thumb Code   150  nrf_drv_twi.o(i.twi_rx_start_transfer)
    i.twi_send_byte                          0x000017cc   Section        0  nrf_drv_twi.o(i.twi_send_byte)
    twi_send_byte                            0x000017cd   Thumb Code    46  nrf_drv_twi.o(i.twi_send_byte)
    i.twi_transfer                           0x000017fa   Section        0  nrf_drv_twi.o(i.twi_transfer)
    twi_transfer                             0x000017fb   Thumb Code   264  nrf_drv_twi.o(i.twi_transfer)
    i.twi_tx_start_transfer                  0x00001904   Section        0  nrf_drv_twi.o(i.twi_tx_start_transfer)
    twi_tx_start_transfer                    0x00001905   Thumb Code   148  nrf_drv_twi.o(i.twi_tx_start_transfer)
    i.twi_xfer                               0x0000199c   Section        0  nrf_drv_twi.o(i.twi_xfer)
    twi_xfer                                 0x0000199d   Thumb Code   140  nrf_drv_twi.o(i.twi_xfer)
    i.tx_byte                                0x00001a28   Section        0  nrf_drv_uart.o(i.tx_byte)
    tx_byte                                  0x00001a29   Thumb Code    30  nrf_drv_uart.o(i.tx_byte)
    i.tx_done_event                          0x00001a46   Section        0  nrf_drv_uart.o(i.tx_done_event)
    tx_done_event                            0x00001a47   Thumb Code    24  nrf_drv_uart.o(i.tx_done_event)
    i.uart_error_handle                      0x00001a5e   Section        0  main.o(i.uart_error_handle)
    i.uart_event_handler                     0x00001a74   Section        0  app_uart_fifo.o(i.uart_event_handler)
    uart_event_handler                       0x00001a75   Thumb Code   158  app_uart_fifo.o(i.uart_event_handler)
    i.uart_irq_handler                       0x00001b1c   Section        0  nrf_drv_uart.o(i.uart_irq_handler)
    uart_irq_handler                         0x00001b1d   Thumb Code   292  nrf_drv_uart.o(i.uart_irq_handler)
    i.writei2c                               0x00001c40   Section        0  main.o(i.writei2c)
    i.writei2cSingle                         0x00001c60   Section        0  main.o(i.writei2cSingle)
    .constdata                               0x00001c80   Section       76  main.o(.constdata)
    m_twi                                    0x00001c84   Data           8  main.o(.constdata)
    m_twi1                                   0x00001c8c   Data           8  main.o(.constdata)
    .constdata                               0x00001ccc   Section       12  nrf_drv_twi.o(.constdata)
    .constdata                               0x00001cd8   Section        4  nrf_drv_gpiote.o(.constdata)
    .constdata                               0x00001cdc   Section       32  app_uart_fifo.o(.constdata)
    .constdata                               0x00001cfc   Section       40  _printf_hex_int.o(.constdata)
    uc_hextab                                0x00001cfc   Data          20  _printf_hex_int.o(.constdata)
    lc_hextab                                0x00001d10   Data          20  _printf_hex_int.o(.constdata)
    .data                                    0x20000000   Section        4  system_nrf51.o(.data)
    __tagsym$$used                           0x20000000   Number         0  system_nrf51.o(.data)
    .data                                    0x20000004   Section       16  app_uart_fifo.o(.data)
    tx_buffer                                0x20000004   Data           1  app_uart_fifo.o(.data)
    rx_buffer                                0x20000005   Data           1  app_uart_fifo.o(.data)
    m_rx_ovf                                 0x20000006   Data           1  app_uart_fifo.o(.data)
    m_event_handler                          0x20000008   Data           4  app_uart_fifo.o(.data)
    app_uart_inst                            0x2000000c   Data           8  app_uart_fifo.o(.data)
    .data                                    0x20000014   Section        4  retarget.o(.data)
    .bss                                     0x20000018   Section      536  main.o(.bss)
    RGBreturn                                0x20000018   Data          24  main.o(.bss)
    rx_buf                                   0x20000030   Data         256  main.o(.bss)
    tx_buf                                   0x20000130   Data         256  main.o(.bss)
    .bss                                     0x20000230   Section       80  nrf_drv_twi.o(.bss)
    m_cb                                     0x20000230   Data          80  nrf_drv_twi.o(.bss)
    .bss                                     0x20000280   Section       28  nrf_drv_uart.o(.bss)
    m_cb                                     0x20000280   Data          28  nrf_drv_uart.o(.bss)
    .bss                                     0x2000029c   Section       72  nrf_drv_gpiote.o(.bss)
    m_cb                                     0x2000029c   Data          72  nrf_drv_gpiote.o(.bss)
    .bss                                     0x200002e4   Section       32  app_uart_fifo.o(.bss)
    m_rx_fifo                                0x200002e4   Data          16  app_uart_fifo.o(.bss)
    m_tx_fifo                                0x200002f4   Data          16  app_uart_fifo.o(.bss)
    .bss                                     0x20000304   Section       96  libspace.o(.bss)
    HEAP                                     0x20000368   Section     2048  arm_startup_nrf51.o(HEAP)
    Heap_Mem                                 0x20000368   Data        2048  arm_startup_nrf51.o(HEAP)
    STACK                                    0x20000b68   Section     2048  arm_startup_nrf51.o(STACK)
    Stack_Mem                                0x20000b68   Data        2048  arm_startup_nrf51.o(STACK)
    __initial_sp                             0x20001368   Data           0  arm_startup_nrf51.o(STACK)

    Global Symbols

    Symbol Name                              Value     Ov Type        Size  Object(Section)

    BuildAttributes$$THM_ISAv3M$S$PE$A:L22$X:L11$S22$IEEE1$IW$USESV6$~STKCKD$USESV7$~SHL$OSPACE$ROPI$EBA8$UX$STANDARDLIB$REQ8$PRES8$EABIv2 0x00000000   Number         0  anon$$obj.o ABSOLUTE
    __ARM_use_no_argv                        0x00000000   Number         0  main.o ABSOLUTE
    __Vectors                                0x00000000   Data           4  arm_startup_nrf51.o(RESET)
    __ARM_exceptions_init                     - Undefined Weak Reference
    __alloca_initialize                       - Undefined Weak Reference
    __cpp_initialize__aeabi_                  - Undefined Weak Reference
    __cxa_finalize                            - Undefined Weak Reference
    __rt_locale                               - Undefined Weak Reference
    __sigvec_lookup                           - Undefined Weak Reference
    _atexit_init                              - Undefined Weak Reference
    _call_atexit_fns                          - Undefined Weak Reference
    _clock_init                               - Undefined Weak Reference
    _fp_trap_init                             - Undefined Weak Reference
    _fp_trap_shutdown                         - Undefined Weak Reference
    _get_lc_collate                           - Undefined Weak Reference
    _get_lc_ctype                             - Undefined Weak Reference
    _get_lc_monetary                          - Undefined Weak Reference
    _get_lc_numeric                           - Undefined Weak Reference
    _get_lc_time                              - Undefined Weak Reference
    _getenv_init                              - Undefined Weak Reference
    _handle_redirection                       - Undefined Weak Reference
    _init_alloc                               - Undefined Weak Reference
    _init_user_alloc                          - Undefined Weak Reference
    _initio                                   - Undefined Weak Reference
    _mutex_acquire                            - Undefined Weak Reference
    _mutex_release                            - Undefined Weak Reference
    _printf_post_padding                      - Undefined Weak Reference
    _printf_pre_padding                       - Undefined Weak Reference
    _printf_truncate_unsigned                 - Undefined Weak Reference
    _rand_init                                - Undefined Weak Reference
    _signal_finish                            - Undefined Weak Reference
    _signal_init                              - Undefined Weak Reference
    _terminate_alloc                          - Undefined Weak Reference
    _terminate_user_alloc                     - Undefined Weak Reference
    _terminateio                              - Undefined Weak Reference
    __Vectors_End                            0x000000c0   Data           0  arm_startup_nrf51.o(RESET)
    __Vectors_Size                           0x000000c0   Number         0  arm_startup_nrf51.o ABSOLUTE
    __main                                   0x000000c1   Thumb Code     8  __main.o(!!!main)
    __scatterload                            0x000000c9   Thumb Code     0  __scatter.o(!!!scatter)
    __scatterload_rt2                        0x000000c9   Thumb Code    52  __scatter.o(!!!scatter)
    __scatterload_rt2_thumb_only             0x000000c9   Thumb Code     0  __scatter.o(!!!scatter)
    __scatterload_null                       0x000000d9   Thumb Code     0  __scatter.o(!!!scatter)
    __scatterload_copy                       0x00000105   Thumb Code    26  __scatter_copy.o(!!handler_copy)
    __scatterload_zeroinit                   0x00000121   Thumb Code    28  __scatter_zi.o(!!handler_zi)
    _printf_percent                          0x0000013d   Thumb Code     0  _printf_percent.o(.ARM.Collect$$_printf_percent$$00000000)
    _printf_x                                0x0000013f   Thumb Code     0  _printf_x.o(.ARM.Collect$$_printf_percent$$0000000C)
    _printf_percent_end                      0x00000149   Thumb Code     0  _printf_percent_end.o(.ARM.Collect$$_printf_percent$$00000017)
    __rt_lib_init                            0x0000014d   Thumb Code     0  libinit.o(.ARM.Collect$$libinit$$00000000)
    __rt_lib_init_fp_1                       0x0000014f   Thumb Code     0  libinit2.o(.ARM.Collect$$libinit$$00000001)
    __rt_lib_init_alloca_1                   0x00000153   Thumb Code     0  libinit2.o(.ARM.Collect$$libinit$$0000002C)
    __rt_lib_init_argv_1                     0x00000153   Thumb Code     0  libinit2.o(.ARM.Collect$$libinit$$0000002A)
    __rt_lib_init_atexit_1                   0x00000153   Thumb Code     0  libinit2.o(.ARM.Collect$$libinit$$00000019)
    __rt_lib_init_clock_1                    0x00000153   Thumb Code     0  libinit2.o(.ARM.Collect$$libinit$$0000001F)
    __rt_lib_init_cpp_1                      0x00000153   Thumb Code     0  libinit2.o(.ARM.Collect$$libinit$$00000030)
    __rt_lib_init_exceptions_1               0x00000153   Thumb Code     0  libinit2.o(.ARM.Collect$$libinit$$0000002E)
    __rt_lib_init_fp_trap_1                  0x00000153   Thumb Code     0  libinit2.o(.ARM.Collect$$libinit$$0000001D)
    __rt_lib_init_getenv_1                   0x00000153   Thumb Code     0  libinit2.o(.ARM.Collect$$libinit$$00000021)
    __rt_lib_init_heap_1                     0x00000153   Thumb Code     0  libinit2.o(.ARM.Collect$$libinit$$00000008)
    __rt_lib_init_lc_collate_1               0x00000153   Thumb Code     0  libinit2.o(.ARM.Collect$$libinit$$0000000F)
    __rt_lib_init_lc_ctype_1                 0x00000153   Thumb Code     0  libinit2.o(.ARM.Collect$$libinit$$00000011)
    __rt_lib_init_lc_monetary_1              0x00000153   Thumb Code     0  libinit2.o(.ARM.Collect$$libinit$$00000013)
    __rt_lib_init_lc_numeric_1               0x00000153   Thumb Code     0  libinit2.o(.ARM.Collect$$libinit$$00000015)
    __rt_lib_init_lc_time_1                  0x00000153   Thumb Code     0  libinit2.o(.ARM.Collect$$libinit$$00000017)
    __rt_lib_init_rand_1                     0x00000153   Thumb Code     0  libinit2.o(.ARM.Collect$$libinit$$0000000C)
    __rt_lib_init_return                     0x00000153   Thumb Code     0  libinit2.o(.ARM.Collect$$libinit$$00000031)
    __rt_lib_init_signal_1                   0x00000153   Thumb Code     0  libinit2.o(.ARM.Collect$$libinit$$0000001B)
    __rt_lib_init_stdio_1                    0x00000153   Thumb Code     0  libinit2.o(.ARM.Collect$$libinit$$00000023)
    __rt_lib_init_user_alloc_1               0x00000153   Thumb Code     0  libinit2.o(.ARM.Collect$$libinit$$0000000A)
    __rt_lib_shutdown                        0x00000155   Thumb Code     0  libshutdown.o(.ARM.Collect$$libshutdown$$00000000)
    __rt_lib_shutdown_fp_trap_1              0x00000157   Thumb Code     0  libshutdown2.o(.ARM.Collect$$libshutdown$$00000006)
    __rt_lib_shutdown_heap_1                 0x00000157   Thumb Code     0  libshutdown2.o(.ARM.Collect$$libshutdown$$0000000E)
    __rt_lib_shutdown_return                 0x00000157   Thumb Code     0  libshutdown2.o(.ARM.Collect$$libshutdown$$0000000F)
    __rt_lib_shutdown_signal_1               0x00000157   Thumb Code     0  libshutdown2.o(.ARM.Collect$$libshutdown$$00000009)
    __rt_lib_shutdown_stdio_1                0x00000157   Thumb Code     0  libshutdown2.o(.ARM.Collect$$libshutdown$$00000003)
    __rt_lib_shutdown_user_alloc_1           0x00000157   Thumb Code     0  libshutdown2.o(.ARM.Collect$$libshutdown$$0000000B)
    __rt_entry                               0x00000159   Thumb Code     0  rtentry.o(.ARM.Collect$$rtentry$$00000000)
    __rt_entry_presh_1                       0x00000159   Thumb Code     0  rtentry2.o(.ARM.Collect$$rtentry$$00000002)
    __rt_entry_sh                            0x00000159   Thumb Code     0  rtentry4.o(.ARM.Collect$$rtentry$$00000004)
    __rt_entry_li                            0x0000015f   Thumb Code     0  rtentry2.o(.ARM.Collect$$rtentry$$0000000A)
    __rt_entry_postsh_1                      0x0000015f   Thumb Code     0  rtentry2.o(.ARM.Collect$$rtentry$$00000009)
    __rt_entry_main                          0x00000163   Thumb Code     0  rtentry2.o(.ARM.Collect$$rtentry$$0000000D)
    __rt_entry_postli_1                      0x00000163   Thumb Code     0  rtentry2.o(.ARM.Collect$$rtentry$$0000000C)
    __rt_exit                                0x0000016b   Thumb Code     0  rtexit.o(.ARM.Collect$$rtexit$$00000000)
    __rt_exit_ls                             0x0000016d   Thumb Code     0  rtexit2.o(.ARM.Collect$$rtexit$$00000003)
    __rt_exit_prels_1                        0x0000016d   Thumb Code     0  rtexit2.o(.ARM.Collect$$rtexit$$00000002)
    __rt_exit_exit                           0x00000171   Thumb Code     0  rtexit2.o(.ARM.Collect$$rtexit$$00000004)
    __aeabi_memcpy4                          0x00000179   Thumb Code    56  rt_memcpy.o(.emb_text)
    __aeabi_memcpy8                          0x00000179   Thumb Code     0  rt_memcpy.o(.emb_text)
    Reset_Handler                            0x000001b1   Thumb Code    26  arm_startup_nrf51.o(.text)
    NMI_Handler                              0x000001cb   Thumb Code     2  arm_startup_nrf51.o(.text)
    HardFault_Handler                        0x000001cd   Thumb Code     2  arm_startup_nrf51.o(.text)
    SVC_Handler                              0x000001cf   Thumb Code     2  arm_startup_nrf51.o(.text)
    PendSV_Handler                           0x000001d1   Thumb Code     2  arm_startup_nrf51.o(.text)
    SysTick_Handler                          0x000001d3   Thumb Code     2  arm_startup_nrf51.o(.text)
    ADC_IRQHandler                           0x000001d5   Thumb Code     0  arm_startup_nrf51.o(.text)
    CCM_AAR_IRQHandler                       0x000001d5   Thumb Code     0  arm_startup_nrf51.o(.text)
    ECB_IRQHandler                           0x000001d5   Thumb Code     0  arm_startup_nrf51.o(.text)
    LPCOMP_IRQHandler                        0x000001d5   Thumb Code     0  arm_startup_nrf51.o(.text)
    POWER_CLOCK_IRQHandler                   0x000001d5   Thumb Code     0  arm_startup_nrf51.o(.text)
    QDEC_IRQHandler                          0x000001d5   Thumb Code     0  arm_startup_nrf51.o(.text)
    RADIO_IRQHandler                         0x000001d5   Thumb Code     0  arm_startup_nrf51.o(.text)
    RNG_IRQHandler                           0x000001d5   Thumb Code     0  arm_startup_nrf51.o(.text)
    RTC0_IRQHandler                          0x000001d5   Thumb Code     0  arm_startup_nrf51.o(.text)
    RTC1_IRQHandler                          0x000001d5   Thumb Code     0  arm_startup_nrf51.o(.text)
    SWI0_IRQHandler                          0x000001d5   Thumb Code     0  arm_startup_nrf51.o(.text)
    SWI1_IRQHandler                          0x000001d5   Thumb Code     0  arm_startup_nrf51.o(.text)
    SWI2_IRQHandler                          0x000001d5   Thumb Code     0  arm_startup_nrf51.o(.text)
    SWI3_IRQHandler                          0x000001d5   Thumb Code     0  arm_startup_nrf51.o(.text)
    SWI4_IRQHandler                          0x000001d5   Thumb Code     0  arm_startup_nrf51.o(.text)
    SWI5_IRQHandler                          0x000001d5   Thumb Code     0  arm_startup_nrf51.o(.text)
    TEMP_IRQHandler                          0x000001d5   Thumb Code     0  arm_startup_nrf51.o(.text)
    TIMER0_IRQHandler                        0x000001d5   Thumb Code     0  arm_startup_nrf51.o(.text)
    TIMER1_IRQHandler                        0x000001d5   Thumb Code     0  arm_startup_nrf51.o(.text)
    TIMER2_IRQHandler                        0x000001d5   Thumb Code     0  arm_startup_nrf51.o(.text)
    WDT_IRQHandler                           0x000001d5   Thumb Code     0  arm_startup_nrf51.o(.text)
    __user_initial_stackheap                 0x000001d9   Thumb Code    10  arm_startup_nrf51.o(.text)
    __2printf                                0x00000205   Thumb Code    22  noretval__2printf.o(.text)
    __printf                                 0x00000221   Thumb Code   108  __printf.o(.text)
    _printf_int_hex                          0x0000028d   Thumb Code    84  _printf_hex_int.o(.text)
    _printf_longlong_hex                     0x0000028d   Thumb Code     0  _printf_hex_int.o(.text)
    __use_two_region_memory                  0x000002e5   Thumb Code     2  heapauxi.o(.text)
    __rt_heap_escrow$2region                 0x000002e7   Thumb Code     2  heapauxi.o(.text)
    __rt_heap_expand$2region                 0x000002e9   Thumb Code     2  heapauxi.o(.text)
    _printf_int_common                       0x000002eb   Thumb Code   176  _printf_intcommon.o(.text)
    _printf_char_file                        0x0000039d   Thumb Code    34  _printf_char_file.o(.text)
    _printf_char_common                      0x000003cf   Thumb Code    32  _printf_char_common.o(.text)
    ferror                                   0x000003f5   Thumb Code     8  ferror.o(.text)
    __user_setup_stackheap                   0x000003fd   Thumb Code    62  sys_stackheap_outer.o(.text)
    exit                                     0x0000043b   Thumb Code    12  exit.o(.text)
    __user_libspace                          0x00000449   Thumb Code     8  libspace.o(.text)
    __user_perproc_libspace                  0x00000449   Thumb Code     0  libspace.o(.text)
    __user_perthread_libspace                0x00000449   Thumb Code     0  libspace.o(.text)
    _sys_exit                                0x00000451   Thumb Code     8  sys_exit.o(.text)
    __I$use$semihosting                      0x0000045d   Thumb Code     0  use_no_semi.o(.text)
    __use_no_semihosting_swi                 0x0000045d   Thumb Code     2  use_no_semi.o(.text)
    __semihosting_library_function           0x0000045f   Thumb Code     0  indicate_semi.o(.text)
    GPIOTE_IRQHandler                        0x00000461   Thumb Code   366  nrf_drv_gpiote.o(i.GPIOTE_IRQHandler)
    LED_BT_blue                              0x000005dd   Thumb Code    30  main.o(i.LED_BT_blue)
    LED_BT_off                               0x000005fb   Thumb Code    28  main.o(i.LED_BT_off)
    LED_PWR_off                              0x00000617   Thumb Code    28  main.o(i.LED_PWR_off)
    LED_PWR_red                              0x00000633   Thumb Code    28  main.o(i.LED_PWR_red)
    LED_PWR_yellow                           0x0000064f   Thumb Code    28  main.o(i.LED_PWR_yellow)
    LED_indicator_init                       0x0000066b   Thumb Code    34  main.o(i.LED_indicator_init)
    LED_vertBoard_init                       0x0000068d   Thumb Code    34  main.o(i.LED_vertBoard_init)
    MUX_init                                 0x000006af   Thumb Code    28  main.o(i.MUX_init)
    MUX_set                                  0x000006cb   Thumb Code    82  main.o(i.MUX_set)
    RGBW_on                                  0x0000071d   Thumb Code    30  main.o(i.RGBW_on)
    SPI0_TWI0_IRQHandler                     0x0000073d   Thumb Code    12  nrf_drv_twi.o(i.SPI0_TWI0_IRQHandler)
    SPI1_TWI1_IRQHandler                     0x00000751   Thumb Code    12  nrf_drv_twi.o(i.SPI1_TWI1_IRQHandler)
    SystemInit                               0x00000765   Thumb Code   130  system_nrf51.o(i.SystemInit)
    UART0_IRQHandler                         0x00000805   Thumb Code    12  nrf_drv_uart.o(i.UART0_IRQHandler)
    app_error_fault_handler                  0x00000819   Thumb Code    18  app_error_weak.o(i.app_error_fault_handler)
    app_error_handler_bare                   0x00000835   Thumb Code    20  app_error.o(i.app_error_handler_bare)
    app_fifo_get                             0x0000084d   Thumb Code    22  app_fifo.o(i.app_fifo_get)
    app_fifo_init                            0x00000863   Thumb Code    36  app_fifo.o(i.app_fifo_init)
    app_fifo_put                             0x00000887   Thumb Code    26  app_fifo.o(i.app_fifo_put)
    app_uart_init                            0x000008a1   Thumb Code   160  app_uart_fifo.o(i.app_uart_init)
    app_uart_put                             0x00000951   Thumb Code    56  app_uart_fifo.o(i.app_uart_put)
    band_uart_init                           0x00000a09   Thumb Code    60  main.o(i.band_uart_init)
    bt_btn_handler                           0x00000a61   Thumb Code    24  main.o(i.bt_btn_handler)
    button_init_interrupt                    0x00000a91   Thumb Code    82  main.o(i.button_init_interrupt)
    fputc                                    0x00000b8b   Thumb Code    14  retarget.o(i.fputc)
    main                                     0x00000c8d   Thumb Code   112  main.o(i.main)
    nrf_drv_common_irq_enable                0x00000d71   Thumb Code    78  nrf_drv_common.o(i.nrf_drv_common_irq_enable)
    nrf_drv_gpiote_in_event_enable           0x00000dd1   Thumb Code   132  nrf_drv_gpiote.o(i.nrf_drv_gpiote_in_event_enable)
    nrf_drv_gpiote_in_init                   0x00000e61   Thumb Code   148  nrf_drv_gpiote.o(i.nrf_drv_gpiote_in_init)
    nrf_drv_gpiote_init                      0x00000f01   Thumb Code    84  nrf_drv_gpiote.o(i.nrf_drv_gpiote_init)
    nrf_drv_twi_enable                       0x00000f5d   Thumb Code    28  nrf_drv_twi.o(i.nrf_drv_twi_enable)
    nrf_drv_twi_init                         0x00000f7d   Thumb Code   124  nrf_drv_twi.o(i.nrf_drv_twi_init)
    nrf_drv_twi_rx                           0x00001005   Thumb Code    30  nrf_drv_twi.o(i.nrf_drv_twi_rx)
    nrf_drv_twi_tx                           0x00001029   Thumb Code    36  nrf_drv_twi.o(i.nrf_drv_twi_tx)
    nrf_drv_twi_xfer                         0x0000104d   Thumb Code    36  nrf_drv_twi.o(i.nrf_drv_twi_xfer)
    nrf_drv_uart_init                        0x00001075   Thumb Code   118  nrf_drv_uart.o(i.nrf_drv_uart_init)
    nrf_drv_uart_rx                          0x000010f5   Thumb Code    86  nrf_drv_uart.o(i.nrf_drv_uart_rx)
    nrf_drv_uart_rx_enable                   0x00001151   Thumb Code    40  nrf_drv_uart.o(i.nrf_drv_uart_rx_enable)
    nrf_drv_uart_tx                          0x00001225   Thumb Code    46  nrf_drv_uart.o(i.nrf_drv_uart_tx)
    nrf_drv_uart_tx_in_progress              0x000012e5   Thumb Code    20  nrf_drv_uart.o(i.nrf_drv_uart_tx_in_progress)
    pwr_btn_handler                          0x00001515   Thumb Code    24  main.o(i.pwr_btn_handler)
    readi2cHighLow                           0x00001545   Thumb Code    42  main.o(i.readi2cHighLow)
    readi2cOneByte                           0x00001575   Thumb Code    42  main.o(i.readi2cOneByte)
    scan_twi                                 0x000015f9   Thumb Code    38  main.o(i.scan_twi)
    twi_init                                 0x000016e1   Thumb Code    44  main.o(i.twi_init)
    uart_error_handle                        0x00001a5f   Thumb Code    20  main.o(i.uart_error_handle)
    writei2c                                 0x00001c41   Thumb Code    26  main.o(i.writei2c)
    writei2cSingle                           0x00001c61   Thumb Code    26  main.o(i.writei2cSingle)
    Region$$Table$$Base                      0x00001d24   Number         0  anon$$obj.o(Region$$Table)
    Region$$Table$$Limit                     0x00001d44   Number         0  anon$$obj.o(Region$$Table)
    SystemCoreClock                          0x20000000   Data           4  system_nrf51.o(.data)
    __stdout                                 0x20000014   Data           4  retarget.o(.data)
    __libspace_start                         0x20000304   Data          96  libspace.o(.bss)
    __temporary_stack_top$libspace           0x20000364   Data           0  libspace.o(.bss)



==============================================================================

Memory Map of the image

  Image Entry point : 0x000000c1

  Load Region LR_IROM1 (Base: 0x00000000, Size: 0x00001d5c, Max: 0x00040000, ABSOLUTE)

    Execution Region ER_IROM1 (Base: 0x00000000, Size: 0x00001d44, Max: 0x00040000, ABSOLUTE)

    Base Addr    Size         Type   Attr      Idx    E Section Name        Object

    0x00000000   0x000000c0   Data   RO          412    RESET               arm_startup_nrf51.o
    0x000000c0   0x00000008   Code   RO         1690  * !!!main             c_p.l(__main.o)
    0x000000c8   0x0000003c   Code   RO         1867    !!!scatter          c_p.l(__scatter.o)
    0x00000104   0x0000001a   Code   RO         1869    !!handler_copy      c_p.l(__scatter_copy.o)
    0x0000011e   0x00000002   PAD
    0x00000120   0x0000001c   Code   RO         1871    !!handler_zi        c_p.l(__scatter_zi.o)
    0x0000013c   0x00000002   Code   RO         1679    .ARM.Collect$$_printf_percent$$00000000  c_p.l(_printf_percent.o)
    0x0000013e   0x0000000a   Code   RO         1678    .ARM.Collect$$_printf_percent$$0000000C  c_p.l(_printf_x.o)
    0x00000148   0x00000004   Code   RO         1704    .ARM.Collect$$_printf_percent$$00000017  c_p.l(_printf_percent_end.o)
    0x0000014c   0x00000002   Code   RO         1739    .ARM.Collect$$libinit$$00000000  c_p.l(libinit.o)
    0x0000014e   0x00000004   Code   RO         1746    .ARM.Collect$$libinit$$00000001  c_p.l(libinit2.o)
    0x00000152   0x00000000   Code   RO         1750    .ARM.Collect$$libinit$$00000008  c_p.l(libinit2.o)
    0x00000152   0x00000000   Code   RO         1752    .ARM.Collect$$libinit$$0000000A  c_p.l(libinit2.o)
    0x00000152   0x00000000   Code   RO         1754    .ARM.Collect$$libinit$$0000000C  c_p.l(libinit2.o)
    0x00000152   0x00000000   Code   RO         1757    .ARM.Collect$$libinit$$0000000F  c_p.l(libinit2.o)
    0x00000152   0x00000000   Code   RO         1759    .ARM.Collect$$libinit$$00000011  c_p.l(libinit2.o)
    0x00000152   0x00000000   Code   RO         1761    .ARM.Collect$$libinit$$00000013  c_p.l(libinit2.o)
    0x00000152   0x00000000   Code   RO         1763    .ARM.Collect$$libinit$$00000015  c_p.l(libinit2.o)
    0x00000152   0x00000000   Code   RO         1765    .ARM.Collect$$libinit$$00000017  c_p.l(libinit2.o)
    0x00000152   0x00000000   Code   RO         1767    .ARM.Collect$$libinit$$00000019  c_p.l(libinit2.o)
    0x00000152   0x00000000   Code   RO         1769    .ARM.Collect$$libinit$$0000001B  c_p.l(libinit2.o)
    0x00000152   0x00000000   Code   RO         1771    .ARM.Collect$$libinit$$0000001D  c_p.l(libinit2.o)
    0x00000152   0x00000000   Code   RO         1773    .ARM.Collect$$libinit$$0000001F  c_p.l(libinit2.o)
    0x00000152   0x00000000   Code   RO         1775    .ARM.Collect$$libinit$$00000021  c_p.l(libinit2.o)
    0x00000152   0x00000000   Code   RO         1777    .ARM.Collect$$libinit$$00000023  c_p.l(libinit2.o)
    0x00000152   0x00000000   Code   RO         1781    .ARM.Collect$$libinit$$0000002A  c_p.l(libinit2.o)
    0x00000152   0x00000000   Code   RO         1783    .ARM.Collect$$libinit$$0000002C  c_p.l(libinit2.o)
    0x00000152   0x00000000   Code   RO         1785    .ARM.Collect$$libinit$$0000002E  c_p.l(libinit2.o)
    0x00000152   0x00000000   Code   RO         1787    .ARM.Collect$$libinit$$00000030  c_p.l(libinit2.o)
    0x00000152   0x00000002   Code   RO         1788    .ARM.Collect$$libinit$$00000031  c_p.l(libinit2.o)
    0x00000154   0x00000002   Code   RO         1808    .ARM.Collect$$libshutdown$$00000000  c_p.l(libshutdown.o)
    0x00000156   0x00000000   Code   RO         1822    .ARM.Collect$$libshutdown$$00000003  c_p.l(libshutdown2.o)
    0x00000156   0x00000000   Code   RO         1825    .ARM.Collect$$libshutdown$$00000006  c_p.l(libshutdown2.o)
    0x00000156   0x00000000   Code   RO         1828    .ARM.Collect$$libshutdown$$00000009  c_p.l(libshutdown2.o)
    0x00000156   0x00000000   Code   RO         1830    .ARM.Collect$$libshutdown$$0000000B  c_p.l(libshutdown2.o)
    0x00000156   0x00000000   Code   RO         1833    .ARM.Collect$$libshutdown$$0000000E  c_p.l(libshutdown2.o)
    0x00000156   0x00000002   Code   RO         1834    .ARM.Collect$$libshutdown$$0000000F  c_p.l(libshutdown2.o)
    0x00000158   0x00000000   Code   RO         1699    .ARM.Collect$$rtentry$$00000000  c_p.l(rtentry.o)
    0x00000158   0x00000000   Code   RO         1707    .ARM.Collect$$rtentry$$00000002  c_p.l(rtentry2.o)
    0x00000158   0x00000006   Code   RO         1719    .ARM.Collect$$rtentry$$00000004  c_p.l(rtentry4.o)
    0x0000015e   0x00000000   Code   RO         1709    .ARM.Collect$$rtentry$$00000009  c_p.l(rtentry2.o)
    0x0000015e   0x00000004   Code   RO         1710    .ARM.Collect$$rtentry$$0000000A  c_p.l(rtentry2.o)
    0x00000162   0x00000000   Code   RO         1712    .ARM.Collect$$rtentry$$0000000C  c_p.l(rtentry2.o)
    0x00000162   0x00000008   Code   RO         1713    .ARM.Collect$$rtentry$$0000000D  c_p.l(rtentry2.o)
    0x0000016a   0x00000002   Code   RO         1744    .ARM.Collect$$rtexit$$00000000  c_p.l(rtexit.o)
    0x0000016c   0x00000000   Code   RO         1790    .ARM.Collect$$rtexit$$00000002  c_p.l(rtexit2.o)
    0x0000016c   0x00000004   Code   RO         1791    .ARM.Collect$$rtexit$$00000003  c_p.l(rtexit2.o)
    0x00000170   0x00000006   Code   RO         1792    .ARM.Collect$$rtexit$$00000004  c_p.l(rtexit2.o)
    0x00000176   0x00000002   PAD
    0x00000178   0x00000038   Code   RO         1684    .emb_text           c_p.l(rt_memcpy.o)
    0x000001b0   0x00000054   Code   RO          413    .text               arm_startup_nrf51.o
    0x00000204   0x0000001c   Code   RO         1633    .text               c_p.l(noretval__2printf.o)
    0x00000220   0x0000006c   Code   RO         1635    .text               c_p.l(__printf.o)
    0x0000028c   0x00000058   Code   RO         1640    .text               c_p.l(_printf_hex_int.o)
    0x000002e4   0x00000006   Code   RO         1688    .text               c_p.l(heapauxi.o)
    0x000002ea   0x000000b0   Code   RO         1700    .text               c_p.l(_printf_intcommon.o)
    0x0000039a   0x00000002   PAD
    0x0000039c   0x00000028   Code   RO         1702    .text               c_p.l(_printf_char_file.o)
    0x000003c4   0x00000030   Code   RO         1721    .text               c_p.l(_printf_char_common.o)
    0x000003f4   0x00000008   Code   RO         1723    .text               c_p.l(ferror.o)
    0x000003fc   0x0000003e   Code   RO         1727    .text               c_p.l(sys_stackheap_outer.o)
    0x0000043a   0x0000000c   Code   RO         1732    .text               c_p.l(exit.o)
    0x00000446   0x00000002   PAD
    0x00000448   0x00000008   Code   RO         1740    .text               c_p.l(libspace.o)
    0x00000450   0x0000000c   Code   RO         1800    .text               c_p.l(sys_exit.o)
    0x0000045c   0x00000002   Code   RO         1811    .text               c_p.l(use_no_semi.o)
    0x0000045e   0x00000000   Code   RO         1813    .text               c_p.l(indicate_semi.o)
    0x0000045e   0x00000002   PAD
    0x00000460   0x0000017c   Code   RO          920    i.GPIOTE_IRQHandler  nrf_drv_gpiote.o
    0x000005dc   0x0000001e   Code   RO            7    i.LED_BT_blue       main.o
    0x000005fa   0x0000001c   Code   RO            9    i.LED_BT_off        main.o
    0x00000616   0x0000001c   Code   RO           12    i.LED_PWR_off       main.o
    0x00000632   0x0000001c   Code   RO           13    i.LED_PWR_red       main.o
    0x0000064e   0x0000001c   Code   RO           14    i.LED_PWR_yellow    main.o
    0x0000066a   0x00000022   Code   RO           17    i.LED_indicator_init  main.o
    0x0000068c   0x00000022   Code   RO           18    i.LED_vertBoard_init  main.o
    0x000006ae   0x0000001c   Code   RO           19    i.MUX_init          main.o
    0x000006ca   0x00000052   Code   RO           20    i.MUX_set           main.o
    0x0000071c   0x0000001e   Code   RO           23    i.RGBW_on           main.o
    0x0000073a   0x00000002   PAD
    0x0000073c   0x00000014   Code   RO          529    i.SPI0_TWI0_IRQHandler  nrf_drv_twi.o
    0x00000750   0x00000014   Code   RO          530    i.SPI1_TWI1_IRQHandler  nrf_drv_twi.o
    0x00000764   0x000000a0   Code   RO          420    i.SystemInit        system_nrf51.o
    0x00000804   0x00000014   Code   RO          729    i.UART0_IRQHandler  nrf_drv_uart.o
    0x00000818   0x0000001c   Code   RO         1191    i.app_error_fault_handler  app_error_weak.o
    0x00000834   0x00000018   Code   RO         1153    i.app_error_handler_bare  app_error.o
    0x0000084c   0x00000016   Code   RO         1382    i.app_fifo_get      app_fifo.o
    0x00000862   0x00000024   Code   RO         1383    i.app_fifo_init     app_fifo.o
    0x00000886   0x0000001a   Code   RO         1385    i.app_fifo_put      app_fifo.o
    0x000008a0   0x000000b0   Code   RO         1279    i.app_uart_init     app_uart_fifo.o
    0x00000950   0x00000040   Code   RO         1280    i.app_uart_put      app_uart_fifo.o
    0x00000990   0x00000076   Code   RO          730    i.apply_config      nrf_drv_uart.o
    0x00000a06   0x00000002   PAD
    0x00000a08   0x00000058   Code   RO           25    i.band_uart_init    main.o
    0x00000a60   0x00000030   Code   RO           26    i.bt_btn_handler    main.o
    0x00000a90   0x00000060   Code   RO           27    i.button_init_interrupt  main.o
    0x00000af0   0x0000001c   Code   RO          921    i.channel_free      nrf_drv_gpiote.o
    0x00000b0c   0x00000048   Code   RO          922    i.channel_port_alloc  nrf_drv_gpiote.o
    0x00000b54   0x00000010   Code   RO          923    i.channel_port_get  nrf_drv_gpiote.o
    0x00000b64   0x00000014   Code   RO         1388    i.fifo_get          app_fifo.o
    0x00000b78   0x00000012   Code   RO         1389    i.fifo_put          app_fifo.o
    0x00000b8a   0x0000000e   Code   RO         1348    i.fputc             retarget.o
    0x00000b98   0x000000ac   Code   RO          531    i.irq_handler_twi   nrf_drv_twi.o
    0x00000c44   0x00000048   Code   RO          421    i.is_manual_peripheral_setup_needed  system_nrf51.o
    0x00000c8c   0x00000070   Code   RO           29    i.main              main.o
    0x00000cfc   0x00000010   Code   RO          924    i.nrf_bitmask_bit_is_set  nrf_drv_gpiote.o
    0x00000d0c   0x00000034   Code   RO           30    i.nrf_delay_ms      main.o
    0x00000d40   0x00000030   Code   RO          532    i.nrf_delay_us      nrf_drv_twi.o
    0x00000d70   0x00000060   Code   RO          468    i.nrf_drv_common_irq_enable  nrf_drv_common.o
    0x00000dd0   0x00000090   Code   RO          927    i.nrf_drv_gpiote_in_event_enable  nrf_drv_gpiote.o
    0x00000e60   0x000000a0   Code   RO          928    i.nrf_drv_gpiote_in_init  nrf_drv_gpiote.o
    0x00000f00   0x0000005c   Code   RO          931    i.nrf_drv_gpiote_init  nrf_drv_gpiote.o
    0x00000f5c   0x00000020   Code   RO          535    i.nrf_drv_twi_enable  nrf_drv_twi.o
    0x00000f7c   0x00000088   Code   RO          536    i.nrf_drv_twi_init  nrf_drv_twi.o
    0x00001004   0x00000024   Code   RO          537    i.nrf_drv_twi_rx    nrf_drv_twi.o
    0x00001028   0x00000024   Code   RO          540    i.nrf_drv_twi_tx    nrf_drv_twi.o
    0x0000104c   0x00000028   Code   RO          542    i.nrf_drv_twi_xfer  nrf_drv_twi.o
    0x00001074   0x00000080   Code   RO          732    i.nrf_drv_uart_init  nrf_drv_uart.o
    0x000010f4   0x0000005c   Code   RO          733    i.nrf_drv_uart_rx   nrf_drv_uart.o
    0x00001150   0x0000002c   Code   RO          736    i.nrf_drv_uart_rx_enable  nrf_drv_uart.o
    0x0000117c   0x000000a8   Code   RO          737    i.nrf_drv_uart_rx_for_uart  nrf_drv_uart.o
    0x00001224   0x00000034   Code   RO          738    i.nrf_drv_uart_tx   nrf_drv_uart.o
    0x00001258   0x0000008c   Code   RO          740    i.nrf_drv_uart_tx_for_uart  nrf_drv_uart.o
    0x000012e4   0x00000018   Code   RO          741    i.nrf_drv_uart_tx_in_progress  nrf_drv_uart.o
    0x000012fc   0x00000028   Code   RO           31    i.nrf_gpio_cfg      main.o
    0x00001324   0x00000028   Code   RO          743    i.nrf_gpio_cfg      nrf_drv_uart.o
    0x0000134c   0x00000028   Code   RO          944    i.nrf_gpio_cfg      nrf_drv_gpiote.o
    0x00001374   0x00000012   Code   RO          745    i.nrf_gpio_cfg_input  nrf_drv_uart.o
    0x00001386   0x00000014   Code   RO           33    i.nrf_gpio_cfg_output  main.o
    0x0000139a   0x00000014   Code   RO          746    i.nrf_gpio_cfg_output  nrf_drv_uart.o
    0x000013ae   0x00000022   Code   RO          946    i.nrf_gpio_cfg_sense_set  nrf_drv_gpiote.o
    0x000013d0   0x00000010   Code   RO           34    i.nrf_gpio_pin_clear  main.o
    0x000013e0   0x00000010   Code   RO          543    i.nrf_gpio_pin_clear  nrf_drv_twi.o
    0x000013f0   0x00000010   Code   RO          948    i.nrf_gpio_pin_read  nrf_drv_gpiote.o
    0x00001400   0x00000010   Code   RO           36    i.nrf_gpio_pin_set  main.o
    0x00001410   0x00000010   Code   RO          544    i.nrf_gpio_pin_set  nrf_drv_twi.o
    0x00001420   0x00000010   Code   RO          747    i.nrf_gpio_pin_set  nrf_drv_uart.o
    0x00001430   0x00000028   Code   RO          950    i.nrf_gpio_ports_read  nrf_drv_gpiote.o
    0x00001458   0x00000010   Code   RO          951    i.nrf_gpiote_event_clear  nrf_drv_gpiote.o
    0x00001468   0x00000014   Code   RO          952    i.nrf_gpiote_event_is_set  nrf_drv_gpiote.o
    0x0000147c   0x0000000c   Code   RO          545    i.nrf_twi_errorsrc_get_and_clear  nrf_drv_twi.o
    0x00001488   0x0000000a   Code   RO          546    i.nrf_twi_event_check  nrf_drv_twi.o
    0x00001492   0x0000000c   Code   RO          748    i.nrf_uart_errorsrc_get_and_clear  nrf_drv_uart.o
    0x0000149e   0x0000000a   Code   RO          749    i.nrf_uart_event_check  nrf_drv_uart.o
    0x000014a8   0x0000000c   Code   RO          750    i.nrf_uart_hwfc_pins_set  nrf_drv_uart.o
    0x000014b4   0x00000010   Code   RO          751    i.nrf_uart_int_enable_check  nrf_drv_uart.o
    0x000014c4   0x0000000c   Code   RO          752    i.nrf_uart_txrx_pins_set  nrf_drv_uart.o
    0x000014d0   0x00000014   Code   RO          953    i.pin_in_use_by_gpiote  nrf_drv_gpiote.o
    0x000014e4   0x00000018   Code   RO          954    i.pin_in_use_by_port  nrf_drv_gpiote.o
    0x000014fc   0x00000018   Code   RO          955    i.pin_in_use_by_te  nrf_drv_gpiote.o
    0x00001514   0x00000030   Code   RO           37    i.pwr_btn_handler   main.o
    0x00001544   0x00000030   Code   RO           38    i.readi2cHighLow    main.o
    0x00001574   0x00000030   Code   RO           39    i.readi2cOneByte    main.o
    0x000015a4   0x00000026   Code   RO          753    i.rx_byte           nrf_drv_uart.o
    0x000015ca   0x00000014   Code   RO          754    i.rx_done_event     nrf_drv_uart.o
    0x000015de   0x0000001a   Code   RO          755    i.rx_enable         nrf_drv_uart.o
    0x000015f8   0x00000054   Code   RO           41    i.scan_twi          main.o
    0x0000164c   0x00000094   Code   RO          547    i.twi_clear_bus     nrf_drv_twi.o
    0x000016e0   0x00000030   Code   RO           44    i.twi_init          main.o
    0x00001710   0x00000020   Code   RO          548    i.twi_process_error  nrf_drv_twi.o
    0x00001730   0x0000009c   Code   RO          549    i.twi_rx_start_transfer  nrf_drv_twi.o
    0x000017cc   0x0000002e   Code   RO          550    i.twi_send_byte     nrf_drv_twi.o
    0x000017fa   0x00000108   Code   RO          551    i.twi_transfer      nrf_drv_twi.o
    0x00001902   0x00000002   PAD
    0x00001904   0x00000098   Code   RO          552    i.twi_tx_start_transfer  nrf_drv_twi.o
    0x0000199c   0x0000008c   Code   RO          553    i.twi_xfer          nrf_drv_twi.o
    0x00001a28   0x0000001e   Code   RO          756    i.tx_byte           nrf_drv_uart.o
    0x00001a46   0x00000018   Code   RO          757    i.tx_done_event     nrf_drv_uart.o
    0x00001a5e   0x00000014   Code   RO           45    i.uart_error_handle  main.o
    0x00001a72   0x00000002   PAD
    0x00001a74   0x000000a8   Code   RO         1281    i.uart_event_handler  app_uart_fifo.o
    0x00001b1c   0x00000124   Code   RO          758    i.uart_irq_handler  nrf_drv_uart.o
    0x00001c40   0x00000020   Code   RO           49    i.writei2c          main.o
    0x00001c60   0x00000020   Code   RO           53    i.writei2cSingle    main.o
    0x00001c80   0x0000004c   Data   RO           55    .constdata          main.o
    0x00001ccc   0x0000000c   Data   RO          558    .constdata          nrf_drv_twi.o
    0x00001cd8   0x00000004   Data   RO          957    .constdata          nrf_drv_gpiote.o
    0x00001cdc   0x00000020   Data   RO         1283    .constdata          app_uart_fifo.o
    0x00001cfc   0x00000028   Data   RO         1641    .constdata          c_p.l(_printf_hex_int.o)
    0x00001d24   0x00000020   Data   RO         1865    Region$$Table       anon$$obj.o


    Execution Region RW_IRAM1 (Base: 0x20000000, Size: 0x00001368, Max: 0x00008000, ABSOLUTE)

    Base Addr    Size         Type   Attr      Idx    E Section Name        Object

    0x20000000   0x00000004   Data   RW          422    .data               system_nrf51.o
    0x20000004   0x00000010   Data   RW         1284    .data               app_uart_fifo.o
    0x20000014   0x00000004   Data   RW         1349    .data               retarget.o
    0x20000018   0x00000218   Zero   RW           54    .bss                main.o
    0x20000230   0x00000050   Zero   RW          554    .bss                nrf_drv_twi.o
    0x20000280   0x0000001c   Zero   RW          759    .bss                nrf_drv_uart.o
    0x2000029c   0x00000048   Zero   RW          956    .bss                nrf_drv_gpiote.o
    0x200002e4   0x00000020   Zero   RW         1282    .bss                app_uart_fifo.o
    0x20000304   0x00000060   Zero   RW         1741    .bss                c_p.l(libspace.o)
    0x20000364   0x00000004   PAD
    0x20000368   0x00000800   Zero   RW          411    HEAP                arm_startup_nrf51.o
    0x20000b68   0x00000800   Zero   RW          410    STACK               arm_startup_nrf51.o


==============================================================================

Image component sizes


      Code (inc. data)   RO Data    RW Data    ZI Data      Debug   Object Name

        24          4          0          0          0        617   app_error.o
        28         10          0          0          0       7238   app_error_weak.o
       122          0          0          0          0       3810   app_fifo.o
       408         34         32         16         32      11523   app_uart_fifo.o
        84         36        192          0       4096        792   arm_startup_nrf51.o
      1198        184         76          0        536      54453   main.o
        96         18          0          0          0      13768   nrf_drv_common.o
      1142         98          4          0         72      23616   nrf_drv_gpiote.o
      1532         92         12          0         80      30087   nrf_drv_twi.o
      1372         54          0          0         28      27922   nrf_drv_uart.o
        14          0          0          4          0       2698   retarget.o
       232         36          0          4          0      17903   system_nrf51.o

    ----------------------------------------------------------------------
      6260        566        348         24       4844     194427   Object Totals
         0          0         32          0          0          0   (incl. Generated)
         8          0          0          0          0          0   (incl. Padding)

    ----------------------------------------------------------------------

      Code (inc. data)   RO Data    RW Data    ZI Data      Debug   Library Member Name

         8          0          0          0          0         68   __main.o
       108          0          0          0          0         76   __printf.o
        60          8          0          0          0          0   __scatter.o
        26          0          0          0          0          0   __scatter_copy.o
        28          0          0          0          0          0   __scatter_zi.o
        48          6          0          0          0         88   _printf_char_common.o
        40          6          0          0          0         72   _printf_char_file.o
        88          4         40          0          0         72   _printf_hex_int.o
       176          0          0          0          0         84   _printf_intcommon.o
         2          0          0          0          0          0   _printf_percent.o
         4          0          0          0          0          0   _printf_percent_end.o
        10          0          0          0          0          0   _printf_x.o
        12          0          0          0          0         64   exit.o
         8          0          0          0          0         60   ferror.o
         6          0          0          0          0        136   heapauxi.o
         0          0          0          0          0          0   indicate_semi.o
         2          0          0          0          0          0   libinit.o
         6          0          0          0          0          0   libinit2.o
         2          0          0          0          0          0   libshutdown.o
         2          0          0          0          0          0   libshutdown2.o
         8          4          0          0         96         68   libspace.o
        28          6          0          0          0         84   noretval__2printf.o
        56          0          0          0          0         68   rt_memcpy.o
         0          0          0          0          0          0   rtentry.o
        12          0          0          0          0          0   rtentry2.o
         6          0          0          0          0          0   rtentry4.o
         2          0          0          0          0          0   rtexit.o
        10          0          0          0          0          0   rtexit2.o
        12          4          0          0          0         60   sys_exit.o
        62          0          0          0          0         80   sys_stackheap_outer.o
         2          0          0          0          0         68   use_no_semi.o

    ----------------------------------------------------------------------
       844         38         40          0        100       1148   Library Totals
        10          0          0          0          4          0   (incl. Padding)

    ----------------------------------------------------------------------

      Code (inc. data)   RO Data    RW Data    ZI Data      Debug   Library Name

       834         38         40          0         96       1148   c_p.l

    ----------------------------------------------------------------------
       844         38         40          0        100       1148   Library Totals

    ----------------------------------------------------------------------

==============================================================================


      Code (inc. data)   RO Data    RW Data    ZI Data      Debug   

      7104        604        388         24       4944     190519   Grand Totals
      7104        604        388         24       4944     190519   ELF Image Totals
      7104        604        388         24          0          0   ROM Totals

==============================================================================

    Total RO  Size (Code + RO Data)                 7492 (   7.32kB)
    Total RW  Size (RW Data + ZI Data)              4968 (   4.85kB)
    Total ROM Size (Code + RO Data + RW Data)       7516 (   7.34kB)

==============================================================================

